Component: ARM Compiler 5.06 update 6 (build 750) Tool: armlink [4d35ed]

==============================================================================

Section Cross References

    main.o(.text) refers to _printf_percent.o(.ARM.Collect$$_printf_percent$$00000000) for _printf_percent
    main.o(.text) refers to _printf_d.o(.ARM.Collect$$_printf_percent$$00000009) for _printf_d
    main.o(.text) refers to _printf_f.o(.ARM.Collect$$_printf_percent$$00000003) for _printf_f
    main.o(.text) refers to _printf_dec.o(.text) for _printf_int_dec
    main.o(.text) refers to printf1.o(x$fpl$printf1) for _printf_fp_dec
    main.o(.text) refers to stm32f10x_tim.o(.text) for TIM_Cmd
    main.o(.text) refers to stm32f10x_gpio.o(.text) for GPIO_Init
    main.o(.text) refers to fflt_clz.o(x$fpl$ffltu) for __aeabi_ui2f
    main.o(.text) refers to fleqf.o(x$fpl$fleqf) for __aeabi_cfcmple
    main.o(.text) refers to frleqf.o(x$fpl$frleqf) for __aeabi_cfrcmple
    main.o(.text) refers to faddsub_clz.o(x$fpl$fsub) for __aeabi_fsub
    main.o(.text) refers to fmul.o(x$fpl$fmul) for __aeabi_fmul
    main.o(.text) refers to fdiv.o(x$fpl$fdiv) for __aeabi_fdiv
    main.o(.text) refers to misc.o(.text) for NVIC_PriorityGroupConfig
    main.o(.text) refers to stm32f10x_rcc.o(.text) for RCC_APB1PeriphClockCmd
    main.o(.text) refers to key.o(.text) for KEY_Scan
    main.o(.text) refers to adc.o(.text) for temp_Get_Adc
    main.o(.text) refers to f2d.o(x$fpl$f2d) for __aeabi_f2d
    main.o(.text) refers to noretval__2printf.o(.text) for __2printf
    main.o(.text) refers to main.o(.data) for light_low
    main.o(.text) refers to oled.o(.text) for OLED_ColorTurn
    main.o(.text) refers to noretval__2sprintf.o(.text) for __2sprintf
    main.o(.text) refers to faddsub_clz.o(x$fpl$frsb) for __aeabi_frsub
    main.o(.text) refers to ffix.o(x$fpl$ffix) for __aeabi_f2iz
    main.o(.text) refers to main.o(.bss) for first_show
    main.o(.text) refers to delay.o(.text) for delay_init
    main.o(.text) refers to usart.o(.text) for uart_init
    main.o(.text) refers to led.o(.text) for LED_Init
    main.o(.text) refers to pump.o(.text) for Pump_Pin_Init
    main.o(.text) refers to level.o(.text) for Water_level_Init
    main.o(.text) refers to rs485.o(.text) for RS485_Init
    main.o(.text) refers to dflt_clz.o(x$fpl$dfltu) for __aeabi_ui2d
    main.o(.text) refers to ddiv.o(x$fpl$ddiv) for __aeabi_ddiv
    main.o(.text) refers to d2f.o(x$fpl$d2f) for __aeabi_d2f
    system_stm32f10x.o(.text) refers to system_stm32f10x.o(.data) for SystemCoreClock
    led.o(.text) refers to stm32f10x_rcc.o(.text) for RCC_APB2PeriphClockCmd
    led.o(.text) refers to stm32f10x_gpio.o(.text) for GPIO_Init
    key.o(.text) refers to stm32f10x_rcc.o(.text) for RCC_APB2PeriphClockCmd
    key.o(.text) refers to stm32f10x_gpio.o(.text) for GPIO_Init
    key.o(.text) refers to delay.o(.text) for delay_ms
    key.o(.text) refers to oled.o(.text) for OLED_Clear
    key.o(.text) refers to stm32f10x_tim.o(.text) for TIM_Cmd
    key.o(.text) refers to main.o(.text) for PWM_StopAndPullLow
    key.o(.text) refers to f2d.o(x$fpl$f2d) for __aeabi_f2d
    key.o(.text) refers to daddsub_clz.o(x$fpl$dadd) for __aeabi_dadd
    key.o(.text) refers to d2f.o(x$fpl$d2f) for __aeabi_d2f
    key.o(.text) refers to deqf.o(x$fpl$deqf) for __aeabi_cdcmpeq
    key.o(.text) refers to daddsub_clz.o(x$fpl$dsub) for __aeabi_dsub
    key.o(.text) refers to main.o(.data) for oled_menu
    rs485.o(.text) refers to stm32f10x_usart.o(.text) for USART_GetITStatus
    rs485.o(.text) refers to stm32f10x_rcc.o(.text) for RCC_APB2PeriphClockCmd
    rs485.o(.text) refers to stm32f10x_gpio.o(.text) for GPIO_Init
    rs485.o(.text) refers to misc.o(.text) for NVIC_Init
    rs485.o(.text) refers to delay.o(.text) for delay_ms
    rs485.o(.text) refers to rs485.o(.data) for RS485_RX_CNT
    rs485.o(.text) refers to rs485.o(.bss) for RS485_RX_BUF
    pump.o(.text) refers to stm32f10x_rcc.o(.text) for RCC_APB2PeriphClockCmd
    pump.o(.text) refers to stm32f10x_gpio.o(.text) for GPIO_Init
    level.o(.text) refers to stm32f10x_rcc.o(.text) for RCC_APB2PeriphClockCmd
    level.o(.text) refers to stm32f10x_gpio.o(.text) for GPIO_Init
    adc.o(.text) refers to stm32f10x_rcc.o(.text) for RCC_APB2PeriphClockCmd
    adc.o(.text) refers to stm32f10x_gpio.o(.text) for GPIO_Init
    adc.o(.text) refers to stm32f10x_adc.o(.text) for ADC_DeInit
    adc.o(.text) refers to delay.o(.text) for delay_ms
    oled.o(.text) refers to stm32f10x_gpio.o(.text) for GPIO_SetBits
    oled.o(.text) refers to oled.o(.bss) for OLED_GRAM
    oled.o(.text) refers to oled.o(.constdata) for asc2_1206
    oled.o(.text) refers to stm32f10x_rcc.o(.text) for RCC_APB2PeriphClockCmd
    oled.o(.text) refers to delay.o(.text) for delay_ms
    oled.o(.text) refers to oled.o(.data) for Hzk1
    delay.o(.text) refers to misc.o(.text) for SysTick_CLKSourceConfig
    delay.o(.text) refers to system_stm32f10x.o(.data) for SystemCoreClock
[...]
    .text                                    0x080044e8   Section        0  _printf_dec.o(.text)
    .text                                    0x08004560   Section        0  __printf_flags_wp.o(.text)
    .text                                    0x08004698   Section        0  __0sscanf.o(.text)
    .text                                    0x080046d4   Section        0  _scanf_int.o(.text)
    .text                                    0x08004820   Section        0  heapauxi.o(.text)
    .text                                    0x08004826   Section        2  use_no_semi.o(.text)
    .text                                    0x08004828   Section        0  _printf_intcommon.o(.text)
    .text                                    0x080048da   Section        0  _printf_fp_dec.o(.text)
    _fp_digits                               0x080048dd   Thumb Code   432  _printf_fp_dec.o(.text)
    .text                                    0x08004cf8   Section        0  _printf_char_common.o(.text)
    _printf_input_char                       0x08004cf9   Thumb Code    10  _printf_char_common.o(.text)
    .text                                    0x08004d28   Section        0  _sputc.o(.text)
    .text                                    0x08004d34   Section        0  _printf_char_file.o(.text)
    .text                                    0x08004d58   Section        0  _chval.o(.text)
    .text                                    0x08004d74   Section        0  scanf_char.o(.text)
    _scanf_char_input                        0x08004d75   Thumb Code    12  scanf_char.o(.text)
    .text                                    0x08004da0   Section        0  _sgetc.o(.text)
    .text                                    0x08004de0   Section        8  rt_locale_intlibspace.o(.text)
    .text                                    0x08004de8   Section      138  lludiv10.o(.text)
    .text                                    0x08004e72   Section        0  isspace.o(.text)
    .text                                    0x08004e84   Section        0  _printf_fp_infnan.o(.text)
    .text                                    0x08004f04   Section        0  _scanf.o(.text)
    .text                                    0x08005278   Section        0  bigflt0.o(.text)
    .text                                    0x0800535c   Section        0  ferror.o(.text)
    .text                                    0x08005364   Section        8  libspace.o(.text)
    .text                                    0x0800536c   Section       74  sys_stackheap_outer.o(.text)
    .text                                    0x080053b8   Section       16  rt_ctype_table.o(.text)
    .text                                    0x080053c8   Section        0  exit.o(.text)
    .text                                    0x080053dc   Section      128  strcmpv7m.o(.text)
    CL$$btod_d2e                             0x0800545c   Section       62  btod.o(CL$$btod_d2e)
    CL$$btod_d2e_denorm_low                  0x0800549a   Section       70  btod.o(CL$$btod_d2e_denorm_low)
    CL$$btod_d2e_norm_op1                    0x080054e0   Section       96  btod.o(CL$$btod_d2e_norm_op1)
    CL$$btod_div_common                      0x08005540   Section      824  btod.o(CL$$btod_div_common)
    CL$$btod_e2e                             0x08005878   Section      220  btod.o(CL$$btod_e2e)
    CL$$btod_ediv                            0x08005954   Section       42  btod.o(CL$$btod_ediv)
    CL$$btod_emul                            0x0800597e   Section       42  btod.o(CL$$btod_emul)
    CL$$btod_mult_common                     0x080059a8   Section      580  btod.o(CL$$btod_mult_common)
    i.__ARM_fpclassify                       0x08005bec   Section        0  fpclassify.o(i.__ARM_fpclassify)
    i._is_digit                              0x08005c14   Section        0  __printf_wp.o(i._is_digit)
    locale$$code                             0x08005c24   Section       44  lc_numeric_c.o(locale$$code)
    locale$$code                             0x08005c50   Section       44  lc_ctype_c.o(locale$$code)
    x$fpl$d2f                                0x08005c7c   Section       98  d2f.o(x$fpl$d2f)
    x$fpl$dadd                               0x08005ce0   Section      336  daddsub_clz.o(x$fpl$dadd)
    _dadd1                                   0x08005cf1   Thumb Code     0  daddsub_clz.o(x$fpl$dadd)
    x$fpl$dcmpinf                            0x08005e30   Section       24  dcmpi.o(x$fpl$dcmpinf)
    x$fpl$ddiv                               0x08005e48   Section      688  ddiv.o(x$fpl$ddiv)
    ddiv_entry                               0x08005e4f   Thumb Code     0  ddiv.o(x$fpl$ddiv)
    x$fpl$deqf                               0x080060f8   Section      120  deqf.o(x$fpl$deqf)
    x$fpl$dfltu                              0x08006170   Section       38  dflt_clz.o(x$fpl$dfltu)
    x$fpl$dnaninf                            0x08006196   Section      156  dnaninf.o(x$fpl$dnaninf)
    x$fpl$dretinf                            0x08006232   Section       12  dretinf.o(x$fpl$dretinf)
    x$fpl$dsub                               0x08006240   Section      468  daddsub_clz.o(x$fpl$dsub)
    _dsub1                                   0x08006251   Thumb Code     0  daddsub_clz.o(x$fpl$dsub)
    x$fpl$f2d                                0x08006414   Section       86  f2d.o(x$fpl$f2d)
    x$fpl$fadd                               0x0800646c   Section      196  faddsub_clz.o(x$fpl$fadd)
    _fadd1                                   0x0800647b   Thumb Code     0  faddsub_clz.o(x$fpl$fadd)
    x$fpl$fcmpinf                            0x08006530   Section       24  fcmpi.o(x$fpl$fcmpinf)
    x$fpl$fdiv                               0x08006548   Section      388  fdiv.o(x$fpl$fdiv)
    _fdiv1                                   0x08006549   Thumb Code     0  fdiv.o(x$fpl$fdiv)
    x$fpl$ffix                               0x080066cc   Section       54  ffix.o(x$fpl$ffix)
    x$fpl$ffltu                              0x08006704   Section       38  fflt_clz.o(x$fpl$ffltu)
    x$fpl$fleqf                              0x0800672c   Section      104  fleqf.o(x$fpl$fleqf)
    x$fpl$fmul                               0x08006794   Section      258  fmul.o(x$fpl$fmul)
    x$fpl$fnaninf                            0x08006896   Section      140  fnaninf.o(x$fpl$fnaninf)
    x$fpl$fretinf                            0x08006922   Section       10  fretinf.o(x$fpl$fretinf)
    x$fpl$frleqf                             0x0800692c   Section       98  frleqf.o(x$fpl$frleqf)
    x$fpl$frsb                               0x0800698e   Section       20  faddsub_clz.o(x$fpl$frsb)
    x$fpl$fsub                               0x080069a4   Section      234  faddsub_clz.o(x$fpl$fsub)
    _fsub1                                   0x080069b3   Thumb Code     0  faddsub_clz.o(x$fpl$fsub)
    x$fpl$printf1                            0x08006a8e   Section        4  printf1.o(x$fpl$printf1)
    .constdata                               0x08006a92   Section     6080  oled.o(.constdata)
    x$fpl$usenofp                            0x08006a92   Section        0  usenofp.o(x$fpl$usenofp)
    .constdata                               0x08008252   Section       17  __printf_flags_wp.o(.constdata)
    maptable                                 0x08008252   Data          17  __printf_flags_wp.o(.constdata)
    .constdata                               0x08008264   Section      148  bigflt0.o(.constdata)
    tenpwrs_x                                0x08008264   Data          60  bigflt0.o(.constdata)
    tenpwrs_i                                0x080082a0   Data          64  bigflt0.o(.constdata)
    locale$$data                             0x08008318   Section       28  lc_numeric_c.o(locale$$data)
    __lcnum_c_name                           0x0800831c   Data           2  lc_numeric_c.o(locale$$data)
    __lcnum_c_start                          0x08008324   Data           0  lc_numeric_c.o(locale$$data)
    __lcnum_c_point                          0x08008330   Data           0  lc_numeric_c.o(locale$$data)
    __lcnum_c_thousands                      0x08008332   Data           0  lc_numeric_c.o(locale$$data)
    __lcnum_c_grouping                       0x08008333   Data           0  lc_numeric_c.o(locale$$data)
    locale$$data                             0x08008334   Section      272  lc_ctype_c.o(locale$$data)
    __lcnum_c_end                            0x08008334   Data           0  lc_numeric_c.o(locale$$data)
    __lcctype_c_name                         0x08008338   Data           2  lc_ctype_c.o(locale$$data)
    __lcctype_c_start                        0x08008340   Data           0  lc_ctype_c.o(locale$$data)
    __lcctype_c_end                          0x08008444   Data           0  lc_ctype_c.o(locale$$data)
    .data                                    0x20000000   Section      122  main.o(.data)
    .data                                    0x2000007c   Section       20  system_stm32f10x.o(.data)
    .data                                    0x20000090   Section        1  rs485.o(.data)
    .data                                    0x20000091   Section     5176  oled.o(.data)
    .data                                    0x200014ca   Section        4  delay.o(.data)
    fac_us                                   0x200014ca   Data           1  delay.o(.data)
    fac_ms                                   0x200014cc   Data           2  delay.o(.data)
    .data                                    0x200014d0   Section       14  usart.o(.data)
    .data                                    0x200014de   Section       20  stm32f10x_rcc.o(.data)
    APBAHBPrescTable                         0x200014de   Data          16  stm32f10x_rcc.o(.data)
    ADCPrescTable                            0x200014ee   Data           4  stm32f10x_rcc.o(.data)
    .bss                                     0x200014f4   Section       90  main.o(.bss)
    .bss                                     0x2000154e   Section       64  rs485.o(.bss)
    .bss                                     0x2000158e   Section     1152  oled.o(.bss)
    .bss                                     0x20001a10   Section       96  libspace.o(.bss)
    HEAP                                     0x20001a70   Section      512  startup_stm32f10x_md.o(HEAP)
    Heap_Mem                                 0x20001a70   Data         512  startup_stm32f10x_md.o(HEAP)
    STACK                                    0x20001c70   Section     1024  startup_stm32f10x_md.o(STACK)
    Stack_Mem                                0x20001c70   Data        1024  startup_stm32f10x_md.o(STACK)
    __initial_sp                             0x20002070   Data           0  startup_stm32f10x_md.o(STACK)

    Global Symbols

    Symbol Name                              Value     Ov Type        Size  Object(Section)

    BuildAttributes$$THM_ISAv4$P$D$K$B$S$PE$A:L22UL41UL21$X:L11$S22US41US21$IEEE1$IW$USESV6$~STKCKD$USESV7$~SHL$OTIME$ROPI$IEEEJ$EBA8$UX$STANDARDLIB$REQ8$PRES8$EABIv2 0x00000000   Number         0  anon$$obj.o ABSOLUTE
    __ARM_use_no_argv                        0x00000000   Number         0  main.o ABSOLUTE
    _printf_flags                            0x00000000   Number         0  printf_stubs.o ABSOLUTE
    _printf_return_value                     0x00000000   Number         0  printf_stubs.o ABSOLUTE
    _printf_sizespec                         0x00000000   Number         0  printf_stubs.o ABSOLUTE
    _printf_widthprec                        0x00000000   Number         0  printf_stubs.o ABSOLUTE
    __ARM_exceptions_init                     - Undefined Weak Reference
    __alloca_initialize                       - Undefined Weak Reference
    __arm_preinit_                            - Undefined Weak Reference
    __cpp_initialize__aeabi_                  - Undefined Weak Reference
    __cxa_finalize                            - Undefined Weak Reference
    __sigvec_lookup                           - Undefined Weak Reference
    _atexit_init                              - Undefined Weak Reference
    _call_atexit_fns                          - Undefined Weak Reference
    _clock_init                               - Undefined Weak Reference
    _fp_trap_init                             - Undefined Weak Reference
    _fp_trap_shutdown                         - Undefined Weak Reference
    _get_lc_collate                           - Undefined Weak Reference
    _get_lc_monetary                          - Undefined Weak Reference
    _get_lc_time                              - Undefined Weak Reference
    _getenv_init                              - Undefined Weak Reference
    _handle_redirection                       - Undefined Weak Reference
    _init_alloc                               - Undefined Weak Reference
    _init_user_alloc                          - Undefined Weak Reference
    _initio                                   - Undefined Weak Reference
    _mutex_acquire                            - Undefined Weak Reference
    _mutex_release                            - Undefined Weak Reference
    _printf_post_padding                      - Undefined Weak Reference
    _printf_pre_padding                       - Undefined Weak Reference
    _printf_truncate_signed                   - Undefined Weak Reference
    _printf_truncate_unsigned                 - Undefined Weak Reference
    _rand_init                                - Undefined Weak Reference
    _scanf_longlong                           - Undefined Weak Reference
    _scanf_mbtowc                             - Undefined Weak Reference
    _scanf_real                               - Undefined Weak Reference
    _scanf_string                             - Undefined Weak Reference
    _scanf_wctomb                             - Undefined Weak Reference
    _scanf_wstring                            - Undefined Weak Reference
    _signal_finish                            - Undefined Weak Reference
    _signal_init                              - Undefined Weak Reference
    _terminate_alloc                          - Undefined Weak Reference
    _terminate_user_alloc                     - Undefined Weak Reference
    _terminateio                              - Undefined Weak Reference
    __Vectors_Size                           0x000000ec   Number         0  startup_stm32f10x_md.o ABSOLUTE
    __Vectors                                0x08000000   Data           4  startup_stm32f10x_md.o(RESET)
    __Vectors_End                            0x080000ec   Data           0  startup_stm32f10x_md.o(RESET)
    __main                                   0x080000ed   Thumb Code     8  __main.o(!!!main)
    __scatterload                            0x080000f5   Thumb Code     0  __scatter.o(!!!scatter)
    __scatterload_rt2                        0x080000f5   Thumb Code    44  __scatter.o(!!!scatter)
    __scatterload_rt2_thumb_only             0x080000f5   Thumb Code     0  __scatter.o(!!!scatter)
    __scatterload_null                       0x08000103   Thumb Code     0  __scatter.o(!!!scatter)
    __decompress                             0x08000129   Thumb Code    90  __dczerorl2.o(!!dczerorl2)
    __decompress1                            0x08000129   Thumb Code     0  __dczerorl2.o(!!dczerorl2)
    __scatterload_zeroinit                   0x08000185   Thumb Code    28  __scatter_zi.o(!!handler_zi)
    _printf_f                                0x080001a1   Thumb Code     0  _printf_f.o(.ARM.Collect$$_printf_percent$$00000003)
    _printf_percent                          0x080001a1   Thumb Code     0  _printf_percent.o(.ARM.Collect$$_printf_percent$$00000000)
    _printf_d                                0x080001a7   Thumb Code     0  _printf_d.o(.ARM.Collect$$_printf_percent$$00000009)
    _printf_percent_end                      0x080001ad   Thumb Code     0  _printf_percent_end.o(.ARM.Collect$$_printf_percent$$00000017)
    __rt_lib_init                            0x080001b1   Thumb Code     0  libinit.o(.ARM.Collect$$libinit$$00000000)
    __rt_lib_init_fp_1                       0x080001b3   Thumb Code     0  libinit2.o(.ARM.Collect$$libinit$$00000002)
    __rt_lib_init_heap_1                     0x080001b3   Thumb Code     0  libinit2.o(.ARM.Collect$$libinit$$0000000A)
    __rt_lib_init_lc_common                  0x080001b3   Thumb Code     0  libinit2.o(.ARM.Collect$$libinit$$0000000F)
    __rt_lib_init_preinit_1                  0x080001b3   Thumb Code     0  libinit2.o(.ARM.Collect$$libinit$$00000004)
    __rt_lib_init_rand_1                     0x080001b3   Thumb Code     0  libinit2.o(.ARM.Collect$$libinit$$0000000E)
    __rt_lib_init_user_alloc_1               0x080001b3   Thumb Code     0  libinit2.o(.ARM.Collect$$libinit$$0000000C)
    __rt_lib_init_lc_collate_1               0x080001b9   Thumb Code     0  libinit2.o(.ARM.Collect$$libinit$$00000011)
    __rt_lib_init_lc_ctype_2                 0x080001b9   Thumb Code     0  libinit2.o(.ARM.Collect$$libinit$$00000012)
    __rt_lib_init_lc_ctype_1                 0x080001c5   Thumb Code     0  libinit2.o(.ARM.Collect$$libinit$$00000013)
    __rt_lib_init_lc_monetary_1              0x080001c5   Thumb Code     0  libinit2.o(.ARM.Collect$$libinit$$00000015)
    __rt_lib_init_lc_numeric_2               0x080001c5   Thumb Code     0  libinit2.o(.ARM.Collect$$libinit$$00000016)
    __rt_lib_init_alloca_1                   0x080001cf   Thumb Code     0  libinit2.o(.ARM.Collect$$libinit$$0000002E)
    __rt_lib_init_argv_1                     0x080001cf   Thumb Code     0  libinit2.o(.ARM.Collect$$libinit$$0000002C)
    __rt_lib_init_atexit_1                   0x080001cf   Thumb Code     0  libinit2.o(.ARM.Collect$$libinit$$0000001B)
    __rt_lib_init_clock_1                    0x080001cf   Thumb Code     0  libinit2.o(.ARM.Collect$$libinit$$00000021)
    __rt_lib_init_cpp_1                      0x080001cf   Thumb Code     0  libinit2.o(.ARM.Collect$$libinit$$00000032)
    __rt_lib_init_exceptions_1               0x080001cf   Thumb Code     0  libinit2.o(.ARM.Collect$$libinit$$00000030)
    __rt_lib_init_fp_trap_1                  0x080001cf   Thumb Code     0  libinit2.o(.ARM.Collect$$libinit$$0000001F)
    __rt_lib_init_getenv_1                   0x080001cf   Thumb Code     0  libinit2.o(.ARM.Collect$$libinit$$00000023)
    __rt_lib_init_lc_numeric_1               0x080001cf   Thumb Code     0  libinit2.o(.ARM.Collect$$libinit$$00000017)
    __rt_lib_init_lc_time_1                  0x080001cf   Thumb Code     0  libinit2.o(.ARM.Collect$$libinit$$00000019)
    __rt_lib_init_return                     0x080001cf   Thumb Code     0  libinit2.o(.ARM.Collect$$libinit$$00000033)
    __rt_lib_init_signal_1                   0x080001cf   Thumb Code     0  libinit2.o(.ARM.Collect$$libinit$$0000001D)
    __rt_lib_init_stdio_1                    0x080001cf   Thumb Code     0  libinit2.o(.ARM.Collect$$libinit$$00000025)
    __rt_lib_shutdown                        0x080001d1   Thumb Code     0  libshutdown.o(.ARM.Collect$$libshutdown$$00000000)
    __rt_lib_shutdown_cpp_1                  0x080001d3   Thumb Code     0  libshutdown2.o(.ARM.Collect$$libshutdown$$00000002)
    __rt_lib_shutdown_fp_trap_1              0x080001d3   Thumb Code     0  libshutdown2.o(.ARM.Collect$$libshutdown$$00000007)
    __rt_lib_shutdown_heap_1                 0x080001d3   Thumb Code     0  libshutdown2.o(.ARM.Collect$$libshutdown$$0000000F)
    __rt_lib_shutdown_return                 0x080001d3   Thumb Code     0  libshutdown2.o(.ARM.Collect$$libshutdown$$00000010)
    __rt_lib_shutdown_signal_1               0x080001d3   Thumb Code     0  libshutdown2.o(.ARM.Collect$$libshutdown$$0000000A)
    __rt_lib_shutdown_stdio_1                0x080001d3   Thumb Code     0  libshutdown2.o(.ARM.Collect$$libshutdown$$00000004)
    __rt_lib_shutdown_user_alloc_1           0x080001d3   Thumb Code     0  libshutdown2.o(.ARM.Collect$$libshutdown$$0000000C)
    __rt_entry                               0x080001d5   Thumb Code     0  __rtentry.o(.ARM.Collect$$rtentry$$00000000)
    __rt_entry_presh_1                       0x080001d5   Thumb Code     0  __rtentry2.o(.ARM.Collect$$rtentry$$00000002)
    __rt_entry_sh                            0x080001d5   Thumb Code     0  __rtentry4.o(.ARM.Collect$$rtentry$$00000004)
    __rt_entry_li                            0x080001db   Thumb Code     0  __rtentry2.o(.ARM.Collect$$rtentry$$0000000A)
    __rt_entry_postsh_1                      0x080001db   Thumb Code     0  __rtentry2.o(.ARM.Collect$$rtentry$$00000009)
    __rt_entry_main                          0x080001df   Thumb Code     0  __rtentry2.o(.ARM.Collect$$rtentry$$0000000D)
    __rt_entry_postli_1                      0x080001df   Thumb Code     0  __rtentry2.o(.ARM.Collect$$rtentry$$0000000C)
    __rt_exit                                0x080001e7   Thumb Code     0  rtexit.o(.ARM.Collect$$rtexit$$00000000)
    __rt_exit_ls                             0x080001e9   Thumb Code     0  rtexit2.o(.ARM.Collect$$rtexit$$00000003)
    __rt_exit_prels_1                        0x080001e9   Thumb Code     0  rtexit2.o(.ARM.Collect$$rtexit$$00000002)
    __rt_exit_exit                           0x080001ed   Thumb Code     0  rtexit2.o(.ARM.Collect$$rtexit$$00000004)
    concatenateAndConvertToDecimal           0x080001f5   Thumb Code     8  main.o(.text)
    PWM_StopAndPullLow                       0x080001fd   Thumb Code    46  main.o(.text)
    PWM_Start                                0x0800022b   Thumb Code    38  main.o(.text)
    check_light                              0x08000251   Thumb Code   392  main.o(.text)
    time2_config                             0x080003d9   Thumb Code   116  main.o(.text)
    TIM2_IRQHandler                          0x0800044d   Thumb Code   312  main.o(.text)
    check_all                                0x08000585   Thumb Code   380  main.o(.text)
    Oled_show                                0x08000701   Thumb Code   792  main.o(.text)
    pump_control_speed                       0x08000a19   Thumb Code    60  main.o(.text)
    PWM_owm_Init                             0x08000a55   Thumb Code   570  main.o(.text)
    main                                     0x08000c8f   Thumb Code   448  main.o(.text)
    PWM_Init                                 0x08000e4f   Thumb Code   152  main.o(.text)
    NMI_Handler                              0x08000f49   Thumb Code     2  stm32f10x_it.o(.text)
    HardFault_Handler                        0x08000f4b   Thumb Code     4  stm32f10x_it.o(.text)
    MemManage_Handler                        0x08000f4f   Thumb Code     4  stm32f10x_it.o(.text)
    BusFault_Handler                         0x08000f53   Thumb Code     4  stm32f10x_it.o(.text)
    UsageFault_Handler                       0x08000f57   Thumb Code     4  stm32f10x_it.o(.text)
    SVC_Handler                              0x08000f5b   Thumb Code     2  stm32f10x_it.o(.text)
    DebugMon_Handler                         0x08000f5d   Thumb Code     2  stm32f10x_it.o(.text)
    PendSV_Handler                           0x08000f5f   Thumb Code     2  stm32f10x_it.o(.text)
    SysTick_Handler                          0x08000f61   Thumb Code     2  stm32f10x_it.o(.text)
    SystemInit                               0x08001043   Thumb Code    78  system_stm32f10x.o(.text)
    SystemCoreClockUpdate                    0x08001091   Thumb Code   142  system_stm32f10x.o(.text)
    LED_Init                                 0x08001145   Thumb Code   184  led.o(.text)
    KEY_Init                                 0x08001205   Thumb Code    34  key.o(.text)
    KEY_Scan                                 0x08001227   Thumb Code  1766  key.o(.text)
    USART2_IRQHandler                        0x08001941   Thumb Code    50  rs485.o(.text)
    RS485_Init                               0x08001973   Thumb Code   200  rs485.o(.text)
    RS485_Send_Data                          0x08001a3b   Thumb Code    72  rs485.o(.text)
    RS485_Receive_Data                       0x08001a83   Thumb Code    68  rs485.o(.text)
    Pump_Pin_Init                            0x08001add   Thumb Code    80  pump.o(.text)
    Water_level_Init                         0x08001b31   Thumb Code    32  level.o(.text)
    temp_Adc_Init                            0x08001b55   Thumb Code   140  adc.o(.text)
    temp_Get_Adc                             0x08001be1   Thumb Code    46  adc.o(.text)
    temp_Get_Adc_Average                     0x08001c0f   Thumb Code    46  adc.o(.text)
    I2C_Stop                                 0x08001c45   Thumb Code    28  oled.o(.text)
    I2C_WaitAck                              0x08001c61   Thumb Code    20  oled.o(.text)
    Send_Byte                                0x08001c75   Thumb Code    70  oled.o(.text)
    I2C_Start                                0x08001cbb   Thumb Code    36  oled.o(.text)
    OLED_WR_Byte                             0x08001cdf   Thumb Code    56  oled.o(.text)
    OLED_ColorTurn                           0x08001d17   Thumb Code    28  oled.o(.text)
    OLED_DisplayTurn                         0x08001d33   Thumb Code    44  oled.o(.text)
    OLED_DisPlay_On                          0x08001d5f   Thumb Code    28  oled.o(.text)
    OLED_DisPlay_Off                         0x08001d7b   Thumb Code    28  oled.o(.text)
    OLED_Refresh                             0x08001d97   Thumb Code    70  oled.o(.text)
    OLED_Clear                               0x08001ddd   Thumb Code    42  oled.o(.text)
    OLED_DrawPoint                           0x08001e07   Thumb Code    54  oled.o(.text)
    OLED_ClearPoint                          0x08001e3d   Thumb Code    90  oled.o(.text)
    OLED_ShowChar                            0x08001e97   Thumb Code   240  oled.o(.text)
    OLED_ShowString                          0x08001f87   Thumb Code    66  oled.o(.text)
    OLED_Pow                                 0x08001fc9   Thumb Code    22  oled.o(.text)
    OLED_ShowNum                             0x08001fdf   Thumb Code   138  oled.o(.text)
    OLED_ShowChinese                         0x08002069   Thumb Code   248  oled.o(.text)
    OLED_ScrollDisplay                       0x08002161   Thumb Code   160  oled.o(.text)
    OLED_WR_BP                               0x08002201   Thumb Code    46  oled.o(.text)
    OLED_ShowPicture                         0x0800222f   Thumb Code    98  oled.o(.text)
    OLED_Init                                0x08002291   Thumb Code   360  oled.o(.text)
    delay_init                               0x08002415   Thumb Code    50  delay.o(.text)
    delay_us                                 0x08002447   Thumb Code    72  delay.o(.text)
    delay_ms                                 0x0800248f   Thumb Code    72  delay.o(.text)
    _sys_exit                                0x080024e9   Thumb Code     4  usart.o(.text)
    fputc                                    0x080024ed   Thumb Code    24  usart.o(.text)
    uart_init                                0x08002505   Thumb Code   152  usart.o(.text)
    parse_string                             0x0800259d   Thumb Code    36  usart.o(.text)
    USART1_IRQHandler                        0x080025c1   Thumb Code    62  usart.o(.text)
    Reset_Handler                            0x08002619   Thumb Code     8  startup_stm32f10x_md.o(.text)
    ADC1_2_IRQHandler                        0x08002633   Thumb Code     0  startup_stm32f10x_md.o(.text)
    CAN1_RX1_IRQHandler                      0x08002633   Thumb Code     0  startup_stm32f10x_md.o(.text)
    CAN1_SCE_IRQHandler                      0x08002633   Thumb Code     0  startup_stm32f10x_md.o(.text)
    DMA1_Channel1_IRQHandler                 0x08002633   Thumb Code     0  startup_stm32f10x_md.o(.text)
    DMA1_Channel2_IRQHandler                 0x08002633   Thumb Code     0  startup_stm32f10x_md.o(.text)
    DMA1_Channel3_IRQHandler                 0x08002633   Thumb Code     0  startup_stm32f10x_md.o(.text)
    DMA1_Channel4_IRQHandler                 0x08002633   Thumb Code     0  startup_stm32f10x_md.o(.text)
    DMA1_Channel5_IRQHandler                 0x08002633   Thumb Code     0  startup_stm32f10x_md.o(.text)
    DMA1_Channel6_IRQHandler                 0x08002633   Thumb Code     0  startup_stm32f10x_md.o(.text)
    DMA1_Channel7_IRQHandler                 0x08002633   Thumb Code     0  startup_stm32f10x_md.o(.text)
    EXTI0_IRQHandler                         0x08002633   Thumb Code     0  startup_stm32f10x_md.o(.text)
    EXTI15_10_IRQHandler                     0x08002633   Thumb Code     0  startup_stm32f10x_md.o(.text)
    EXTI1_IRQHandler                         0x08002633   Thumb Code     0  startup_stm32f10x_md.o(.text)
    EXTI2_IRQHandler                         0x08002633   Thumb Code     0  startup_stm32f10x_md.o(.text)
    EXTI3_IRQHandler                         0x08002633   Thumb Code     0  startup_stm32f10x_md.o(.text)
    EXTI4_IRQHandler                         0x08002633   Thumb Code     0  startup_stm32f10x_md.o(.text)
    EXTI9_5_IRQHandler                       0x08002633   Thumb Code     0  startup_stm32f10x_md.o(.text)
    FLASH_IRQHandler                         0x08002633   Thumb Code     0  startup_stm32f10x_md.o(.text)
    I2C1_ER_IRQHandler                       0x08002633   Thumb Code     0  startup_stm32f10x_md.o(.text)
    I2C1_EV_IRQHandler                       0x08002633   Thumb Code     0  startup_stm32f10x_md.o(.text)
    I2C2_ER_IRQHandler                       0x08002633   Thumb Code     0  startup_stm32f10x_md.o(.text)
    I2C2_EV_IRQHandler                       0x08002633   Thumb Code     0  startup_stm32f10x_md.o(.text)
    PVD_IRQHandler                           0x08002633   Thumb Code     0  startup_stm32f10x_md.o(.text)
    RCC_IRQHandler                           0x08002633   Thumb Code     0  startup_stm32f10x_md.o(.text)
    RTCAlarm_IRQHandler                      0x08002633   Thumb Code     0  startup_stm32f10x_md.o(.text)
    RTC_IRQHandler                           0x08002633   Thumb Code     0  startup_stm32f10x_md.o(.text)
    SPI1_IRQHandler                          0x08002633   Thumb Code     0  startup_stm32f10x_md.o(.text)
    SPI2_IRQHandler                          0x08002633   Thumb Code     0  startup_stm32f10x_md.o(.text)
    TAMPER_IRQHandler                        0x08002633   Thumb Code     0  startup_stm32f10x_md.o(.text)
    TIM1_BRK_IRQHandler                      0x08002633   Thumb Code     0  startup_stm32f10x_md.o(.text)
    TIM1_CC_IRQHandler                       0x08002633   Thumb Code     0  startup_stm32f10x_md.o(.text)
    TIM1_TRG_COM_IRQHandler                  0x08002633   Thumb Code     0  startup_stm32f10x_md.o(.text)
    TIM1_UP_IRQHandler                       0x08002633   Thumb Code     0  startup_stm32f10x_md.o(.text)
    TIM3_IRQHandler                          0x08002633   Thumb Code     0  startup_stm32f10x_md.o(.text)
    TIM4_IRQHandler                          0x08002633   Thumb Code     0  startup_stm32f10x_md.o(.text)
    USART3_IRQHandler                        0x08002633   Thumb Code     0  startup_stm32f10x_md.o(.text)
    USBWakeUp_IRQHandler                     0x08002633   Thumb Code     0  startup_stm32f10x_md.o(.text)
    USB_HP_CAN1_TX_IRQHandler                0x08002633   Thumb Code     0  startup_stm32f10x_md.o(.text)
    USB_LP_CAN1_RX0_IRQHandler               0x08002633   Thumb Code     0  startup_stm32f10x_md.o(.text)
    WWDG_IRQHandler                          0x08002633   Thumb Code     0  startup_stm32f10x_md.o(.text)
    __user_initial_stackheap                 0x08002635   Thumb Code     0  startup_stm32f10x_md.o(.text)
    NVIC_PriorityGroupConfig                 0x08002659   Thumb Code    10  misc.o(.text)
    NVIC_Init                                0x08002663   Thumb Code   100  misc.o(.text)
    NVIC_SetVectorTable                      0x080026c7   Thumb Code    14  misc.o(.text)
    NVIC_SystemLPConfig                      0x080026d5   Thumb Code    34  misc.o(.text)
    SysTick_CLKSourceConfig                  0x080026f7   Thumb Code    40  misc.o(.text)
    GPIO_DeInit                              0x08002735   Thumb Code   172  stm32f10x_gpio.o(.text)
    GPIO_AFIODeInit                          0x080027e1   Thumb Code    20  stm32f10x_gpio.o(.text)
    GPIO_Init                                0x080027f5   Thumb Code   278  stm32f10x_gpio.o(.text)
    GPIO_StructInit                          0x0800290b   Thumb Code    16  stm32f10x_gpio.o(.text)
    GPIO_ReadInputDataBit                    0x0800291b   Thumb Code    18  stm32f10x_gpio.o(.text)
    GPIO_ReadInputData                       0x0800292d   Thumb Code     8  stm32f10x_gpio.o(.text)
    GPIO_ReadOutputDataBit                   0x08002935   Thumb Code    18  stm32f10x_gpio.o(.text)
    GPIO_ReadOutputData                      0x08002947   Thumb Code     8  stm32f10x_gpio.o(.text)
    GPIO_SetBits                             0x0800294f   Thumb Code     4  stm32f10x_gpio.o(.text)
    GPIO_ResetBits                           0x08002953   Thumb Code     4  stm32f10x_gpio.o(.text)
    GPIO_WriteBit                            0x08002957   Thumb Code    10  stm32f10x_gpio.o(.text)
    GPIO_Write                               0x08002961   Thumb Code     4  stm32f10x_gpio.o(.text)
    GPIO_PinLockConfig                       0x08002965   Thumb Code    18  stm32f10x_gpio.o(.text)
    GPIO_EventOutputConfig                   0x08002977   Thumb Code    26  stm32f10x_gpio.o(.text)
    GPIO_EventOutputCmd                      0x08002991   Thumb Code     6  stm32f10x_gpio.o(.text)
    GPIO_PinRemapConfig                      0x08002997   Thumb Code   138  stm32f10x_gpio.o(.text)
    GPIO_EXTILineConfig                      0x08002a21   Thumb Code    66  stm32f10x_gpio.o(.text)
    GPIO_ETH_MediaInterfaceConfig            0x08002a63   Thumb Code     8  stm32f10x_gpio.o(.text)
    RCC_DeInit                               0x08002a91   Thumb Code    64  stm32f10x_rcc.o(.text)
    RCC_HSEConfig                            0x08002ad1   Thumb Code    70  stm32f10x_rcc.o(.text)
    RCC_GetFlagStatus                        0x08002b17   Thumb Code    56  stm32f10x_rcc.o(.text)
    RCC_WaitForHSEStartUp                    0x08002b4f   Thumb Code    56  stm32f10x_rcc.o(.text)
    RCC_AdjustHSICalibrationValue            0x08002b87   Thumb Code    20  stm32f10x_rcc.o(.text)
    RCC_HSICmd                               0x08002b9b   Thumb Code     6  stm32f10x_rcc.o(.text)
    RCC_PLLConfig                            0x08002ba1   Thumb Code    24  stm32f10x_rcc.o(.text)
    RCC_PLLCmd                               0x08002bb9   Thumb Code     6  stm32f10x_rcc.o(.text)
    RCC_SYSCLKConfig                         0x08002bbf   Thumb Code    18  stm32f10x_rcc.o(.text)
    RCC_GetSYSCLKSource                      0x08002bd1   Thumb Code    10  stm32f10x_rcc.o(.text)
    RCC_HCLKConfig                           0x08002bdb   Thumb Code    18  stm32f10x_rcc.o(.text)
    RCC_PCLK1Config                          0x08002bed   Thumb Code    18  stm32f10x_rcc.o(.text)
    RCC_PCLK2Config                          0x08002bff   Thumb Code    20  stm32f10x_rcc.o(.text)
    RCC_ITConfig                             0x08002c13   Thumb Code    26  stm32f10x_rcc.o(.text)
    RCC_USBCLKConfig                         0x08002c2d   Thumb Code     8  stm32f10x_rcc.o(.text)
    RCC_ADCCLKConfig                         0x08002c35   Thumb Code    18  stm32f10x_rcc.o(.text)
    RCC_LSEConfig                            0x08002c47   Thumb Code    50  stm32f10x_rcc.o(.text)
    RCC_LSICmd                               0x08002c79   Thumb Code     6  stm32f10x_rcc.o(.text)
    RCC_RTCCLKConfig                         0x08002c7f   Thumb Code    12  stm32f10x_rcc.o(.text)
    RCC_RTCCLKCmd                            0x08002c8b   Thumb Code     8  stm32f10x_rcc.o(.text)
    RCC_GetClocksFreq                        0x08002c93   Thumb Code   192  stm32f10x_rcc.o(.text)
    RCC_AHBPeriphClockCmd                    0x08002d53   Thumb Code    26  stm32f10x_rcc.o(.text)
    RCC_APB2PeriphClockCmd                   0x08002d6d   Thumb Code    26  stm32f10x_rcc.o(.text)
    RCC_APB1PeriphClockCmd                   0x08002d87   Thumb Code    26  stm32f10x_rcc.o(.text)
    RCC_APB2PeriphResetCmd                   0x08002da1   Thumb Code    26  stm32f10x_rcc.o(.text)
    RCC_APB1PeriphResetCmd                   0x08002dbb   Thumb Code    26  stm32f10x_rcc.o(.text)
    RCC_BackupResetCmd                       0x08002dd5   Thumb Code     8  stm32f10x_rcc.o(.text)
    RCC_ClockSecuritySystemCmd               0x08002ddd   Thumb Code     6  stm32f10x_rcc.o(.text)
    RCC_MCOConfig                            0x08002de3   Thumb Code     6  stm32f10x_rcc.o(.text)
    RCC_ClearFlag                            0x08002de9   Thumb Code    14  stm32f10x_rcc.o(.text)
    RCC_GetITStatus                          0x08002df7   Thumb Code    20  stm32f10x_rcc.o(.text)
    RCC_ClearITPendingBit                    0x08002e0b   Thumb Code     6  stm32f10x_rcc.o(.text)
    USART_DeInit                             0x08002e35   Thumb Code   134  stm32f10x_usart.o(.text)
    USART_Init                               0x08002ebb   Thumb Code   210  stm32f10x_usart.o(.text)
    USART_StructInit                         0x08002f8d   Thumb Code    24  stm32f10x_usart.o(.text)
    USART_ClockInit                          0x08002fa5   Thumb Code    34  stm32f10x_usart.o(.text)
    USART_ClockStructInit                    0x08002fc7   Thumb Code    12  stm32f10x_usart.o(.text)
    USART_Cmd                                0x08002fd3   Thumb Code    24  stm32f10x_usart.o(.text)
    USART_ITConfig                           0x08002feb   Thumb Code    74  stm32f10x_usart.o(.text)
    USART_DMACmd                             0x08003035   Thumb Code    18  stm32f10x_usart.o(.text)
    USART_SetAddress                         0x08003047   Thumb Code    18  stm32f10x_usart.o(.text)
    USART_WakeUpConfig                       0x08003059   Thumb Code    18  stm32f10x_usart.o(.text)
    USART_ReceiverWakeUpCmd                  0x0800306b   Thumb Code    24  stm32f10x_usart.o(.text)
    USART_LINBreakDetectLengthConfig         0x08003083   Thumb Code    18  stm32f10x_usart.o(.text)
    USART_LINCmd                             0x08003095   Thumb Code    24  stm32f10x_usart.o(.text)
    USART_SendData                           0x080030ad   Thumb Code     8  stm32f10x_usart.o(.text)
    USART_ReceiveData                        0x080030b5   Thumb Code    10  stm32f10x_usart.o(.text)
    USART_SendBreak                          0x080030bf   Thumb Code    10  stm32f10x_usart.o(.text)
    USART_SetGuardTime                       0x080030c9   Thumb Code    16  stm32f10x_usart.o(.text)
    USART_SetPrescaler                       0x080030d9   Thumb Code    16  stm32f10x_usart.o(.text)
    USART_SmartCardCmd                       0x080030e9   Thumb Code    24  stm32f10x_usart.o(.text)
    USART_SmartCardNACKCmd                   0x08003101   Thumb Code    24  stm32f10x_usart.o(.text)
    USART_HalfDuplexCmd                      0x08003119   Thumb Code    24  stm32f10x_usart.o(.text)
    USART_OverSampling8Cmd                   0x08003131   Thumb Code    22  stm32f10x_usart.o(.text)
    USART_OneBitMethodCmd                    0x08003147   Thumb Code    24  stm32f10x_usart.o(.text)
    USART_IrDAConfig                         0x0800315f   Thumb Code    18  stm32f10x_usart.o(.text)
    USART_IrDACmd                            0x08003171   Thumb Code    24  stm32f10x_usart.o(.text)
    USART_GetFlagStatus                      0x08003189   Thumb Code    26  stm32f10x_usart.o(.text)
    USART_ClearFlag                          0x080031a3   Thumb Code    18  stm32f10x_usart.o(.text)
    USART_GetITStatus                        0x080031b5   Thumb Code    84  stm32f10x_usart.o(.text)
    USART_ClearITPendingBit                  0x08003209   Thumb Code    52  stm32f10x_usart.o(.text)
    ADC_DeInit                               0x0800323d   Thumb Code    78  stm32f10x_adc.o(.text)
    ADC_Init                                 0x0800328b   Thumb Code    70  stm32f10x_adc.o(.text)
    ADC_StructInit                           0x080032d1   Thumb Code    18  stm32f10x_adc.o(.text)
    ADC_Cmd                                  0x080032e3   Thumb Code    22  stm32f10x_adc.o(.text)
    ADC_DMACmd                               0x080032f9   Thumb Code    22  stm32f10x_adc.o(.text)
    ADC_ITConfig                             0x0800330f   Thumb Code    24  stm32f10x_adc.o(.text)
    ADC_ResetCalibration                     0x08003327   Thumb Code    10  stm32f10x_adc.o(.text)
    ADC_GetResetCalibrationStatus            0x08003331   Thumb Code    20  stm32f10x_adc.o(.text)
    ADC_StartCalibration                     0x08003345   Thumb Code    10  stm32f10x_adc.o(.text)
    ADC_GetCalibrationStatus                 0x0800334f   Thumb Code    20  stm32f10x_adc.o(.text)
    ADC_SoftwareStartConvCmd                 0x08003363   Thumb Code    22  stm32f10x_adc.o(.text)
    ADC_GetSoftwareStartConvStatus           0x08003379   Thumb Code    20  stm32f10x_adc.o(.text)
    ADC_DiscModeChannelCountConfig           0x0800338d   Thumb Code    24  stm32f10x_adc.o(.text)
    ADC_DiscModeCmd                          0x080033a5   Thumb Code    22  stm32f10x_adc.o(.text)
    ADC_RegularChannelConfig                 0x080033bb   Thumb Code   184  stm32f10x_adc.o(.text)
    ADC_ExternalTrigConvCmd                  0x08003473   Thumb Code    22  stm32f10x_adc.o(.text)
    ADC_GetConversionValue                   0x08003489   Thumb Code     8  stm32f10x_adc.o(.text)
    ADC_GetDualModeConversionValue           0x08003491   Thumb Code     8  stm32f10x_adc.o(.text)
    ADC_AutoInjectedConvCmd                  0x08003499   Thumb Code    22  stm32f10x_adc.o(.text)
    ADC_InjectedDiscModeCmd                  0x080034af   Thumb Code    22  stm32f10x_adc.o(.text)
    ADC_ExternalTrigInjectedConvConfig       0x080034c5   Thumb Code    16  stm32f10x_adc.o(.text)
    ADC_ExternalTrigInjectedConvCmd          0x080034d5   Thumb Code    22  stm32f10x_adc.o(.text)
    ADC_SoftwareStartInjectedConvCmd         0x080034eb   Thumb Code    22  stm32f10x_adc.o(.text)
    ADC_GetSoftwareStartInjectedConvCmdStatus 0x08003501   Thumb Code    20  stm32f10x_adc.o(.text)
    ADC_InjectedChannelConfig                0x08003515   Thumb Code   130  stm32f10x_adc.o(.text)
    ADC_InjectedSequencerLengthConfig        0x08003597   Thumb Code    24  stm32f10x_adc.o(.text)
    ADC_SetInjectedOffset                    0x080035af   Thumb Code    20  stm32f10x_adc.o(.text)
    ADC_GetInjectedConversionValue           0x080035c3   Thumb Code    28  stm32f10x_adc.o(.text)
    ADC_AnalogWatchdogCmd                    0x080035df   Thumb Code    16  stm32f10x_adc.o(.text)
    ADC_AnalogWatchdogThresholdsConfig       0x080035ef   Thumb Code     6  stm32f10x_adc.o(.text)
    ADC_AnalogWatchdogSingleChannelConfig    0x080035f5   Thumb Code    16  stm32f10x_adc.o(.text)
    ADC_TempSensorVrefintCmd                 0x08003605   Thumb Code    64  stm32f10x_adc.o(.text)
    ADC_GetFlagStatus                        0x08003645   Thumb Code    18  stm32f10x_adc.o(.text)
    ADC_ClearFlag                            0x08003657   Thumb Code     6  stm32f10x_adc.o(.text)
    ADC_GetITStatus                          0x0800365d   Thumb Code    36  stm32f10x_adc.o(.text)
    ADC_ClearITPendingBit                    0x08003681   Thumb Code    10  stm32f10x_adc.o(.text)
    TIM_DeInit                               0x0800368d   Thumb Code   424  stm32f10x_tim.o(.text)
    TIM_TimeBaseInit                         0x08003835   Thumb Code   122  stm32f10x_tim.o(.text)
    TIM_OC1Init                              0x080038af   Thumb Code   132  stm32f10x_tim.o(.text)
    TIM_OC2Init                              0x08003933   Thumb Code   154  stm32f10x_tim.o(.text)
    TIM_OC3Init                              0x080039cd   Thumb Code   150  stm32f10x_tim.o(.text)
    TIM_OC4Init                              0x08003a63   Thumb Code   182  stm32f10x_tim.o(.text)
    TIM_SetIC4Prescaler                      0x08003b19   Thumb Code    26  stm32f10x_tim.o(.text)
    TIM_SetIC3Prescaler                      0x08003bb5   Thumb Code    18  stm32f10x_tim.o(.text)
    TIM_SetIC2Prescaler                      0x08003c41   Thumb Code    26  stm32f10x_tim.o(.text)
    TIM_SetIC1Prescaler                      0x08003cdd   Thumb Code    18  stm32f10x_tim.o(.text)
    TIM_ICInit                               0x08003d5b   Thumb Code   150  stm32f10x_tim.o(.text)
    TIM_PWMIConfig                           0x08003df1   Thumb Code   124  stm32f10x_tim.o(.text)
    TIM_BDTRConfig                           0x08003e6d   Thumb Code    32  stm32f10x_tim.o(.text)
    TIM_TimeBaseStructInit                   0x08003e8d   Thumb Code    18  stm32f10x_tim.o(.text)
    TIM_OCStructInit                         0x08003e9f   Thumb Code    20  stm32f10x_tim.o(.text)
    TIM_ICStructInit                         0x08003eb3   Thumb Code    18  stm32f10x_tim.o(.text)
    TIM_BDTRStructInit                       0x08003ec5   Thumb Code    40  stm32f10x_tim.o(.text)
    TIM_Cmd                                  0x08003eed   Thumb Code    24  stm32f10x_tim.o(.text)
    TIM_CtrlPWMOutputs                       0x08003f05   Thumb Code    30  stm32f10x_tim.o(.text)
    TIM_ITConfig                             0x08003f23   Thumb Code    18  stm32f10x_tim.o(.text)
    TIM_GenerateEvent                        0x08003f35   Thumb Code     4  stm32f10x_tim.o(.text)
    TIM_DMAConfig                            0x08003f39   Thumb Code    10  stm32f10x_tim.o(.text)
    TIM_DMACmd                               0x08003f43   Thumb Code    18  stm32f10x_tim.o(.text)
    TIM_InternalClockConfig                  0x08003f55   Thumb Code    12  stm32f10x_tim.o(.text)
    TIM_SelectInputTrigger                   0x08003f61   Thumb Code    18  stm32f10x_tim.o(.text)
    TIM_ITRxExternalClockConfig              0x08003f73   Thumb Code    24  stm32f10x_tim.o(.text)
    TIM_TIxExternalClockConfig               0x08003f8b   Thumb Code    62  stm32f10x_tim.o(.text)
    TIM_ETRConfig                            0x08003fc9   Thumb Code    28  stm32f10x_tim.o(.text)
    TIM_ETRClockMode1Config                  0x08003fe5   Thumb Code    54  stm32f10x_tim.o(.text)
    TIM_ETRClockMode2Config                  0x0800401b   Thumb Code    32  stm32f10x_tim.o(.text)
    TIM_PrescalerConfig                      0x0800403b   Thumb Code     6  stm32f10x_tim.o(.text)
    TIM_CounterModeConfig                    0x08004041   Thumb Code    18  stm32f10x_tim.o(.text)
    TIM_EncoderInterfaceConfig               0x08004053   Thumb Code    66  stm32f10x_tim.o(.text)
    TIM_ForcedOC1Config                      0x08004095   Thumb Code    18  stm32f10x_tim.o(.text)
    TIM_ForcedOC2Config                      0x080040a7   Thumb Code    26  stm32f10x_tim.o(.text)
    TIM_ForcedOC3Config                      0x080040c1   Thumb Code    18  stm32f10x_tim.o(.text)
    TIM_ForcedOC4Config                      0x080040d3   Thumb Code    26  stm32f10x_tim.o(.text)
    TIM_ARRPreloadConfig                     0x080040ed   Thumb Code    24  stm32f10x_tim.o(.text)
    TIM_SelectCOM                            0x08004105   Thumb Code    24  stm32f10x_tim.o(.text)
    TIM_SelectCCDMA                          0x0800411d   Thumb Code    24  stm32f10x_tim.o(.text)
    TIM_CCPreloadControl                     0x08004135   Thumb Code    24  stm32f10x_tim.o(.text)
    TIM_OC1PreloadConfig                     0x0800414d   Thumb Code    18  stm32f10x_tim.o(.text)
    TIM_OC2PreloadConfig                     0x0800415f   Thumb Code    26  stm32f10x_tim.o(.text)
    TIM_OC3PreloadConfig                     0x08004179   Thumb Code    18  stm32f10x_tim.o(.text)
    TIM_OC4PreloadConfig                     0x0800418b   Thumb Code    26  stm32f10x_tim.o(.text)
    TIM_OC1FastConfig                        0x080041a5   Thumb Code    18  stm32f10x_tim.o(.text)
    TIM_OC2FastConfig                        0x080041b7   Thumb Code    26  stm32f10x_tim.o(.text)
    TIM_OC3FastConfig                        0x080041d1   Thumb Code    18  stm32f10x_tim.o(.text)
    TIM_OC4FastConfig                        0x080041e3   Thumb Code    26  stm32f10x_tim.o(.text)
    TIM_ClearOC1Ref                          0x080041fd   Thumb Code    18  stm32f10x_tim.o(.text)
    TIM_ClearOC2Ref                          0x0800420f   Thumb Code    24  stm32f10x_tim.o(.text)
    TIM_ClearOC3Ref                          0x08004227   Thumb Code    18  stm32f10x_tim.o(.text)
    TIM_ClearOC4Ref                          0x08004239   Thumb Code    24  stm32f10x_tim.o(.text)
    TIM_OC1PolarityConfig                    0x08004251   Thumb Code    18  stm32f10x_tim.o(.text)
    TIM_OC1NPolarityConfig                   0x08004263   Thumb Code    18  stm32f10x_tim.o(.text)
    TIM_OC2PolarityConfig                    0x08004275   Thumb Code    26  stm32f10x_tim.o(.text)
    TIM_OC2NPolarityConfig                   0x0800428f   Thumb Code    26  stm32f10x_tim.o(.text)
    TIM_OC3PolarityConfig                    0x080042a9   Thumb Code    26  stm32f10x_tim.o(.text)
    TIM_OC3NPolarityConfig                   0x080042c3   Thumb Code    26  stm32f10x_tim.o(.text)
    TIM_OC4PolarityConfig                    0x080042dd   Thumb Code    26  stm32f10x_tim.o(.text)
    TIM_CCxCmd                               0x080042f7   Thumb Code    30  stm32f10x_tim.o(.text)
    TIM_CCxNCmd                              0x08004315   Thumb Code    30  stm32f10x_tim.o(.text)
    TIM_SelectOCxM                           0x08004333   Thumb Code    82  stm32f10x_tim.o(.text)
    TIM_UpdateDisableConfig                  0x08004385   Thumb Code    24  stm32f10x_tim.o(.text)
    TIM_UpdateRequestConfig                  0x0800439d   Thumb Code    24  stm32f10x_tim.o(.text)
    TIM_SelectHallSensor                     0x080043b5   Thumb Code    24  stm32f10x_tim.o(.text)
    TIM_SelectOnePulseMode                   0x080043cd   Thumb Code    18  stm32f10x_tim.o(.text)
    TIM_SelectOutputTrigger                  0x080043df   Thumb Code    18  stm32f10x_tim.o(.text)
    TIM_SelectSlaveMode                      0x080043f1   Thumb Code    18  stm32f10x_tim.o(.text)
    TIM_SelectMasterSlaveMode                0x08004403   Thumb Code    18  stm32f10x_tim.o(.text)
    TIM_SetCounter                           0x08004415   Thumb Code     4  stm32f10x_tim.o(.text)
    TIM_SetAutoreload                        0x08004419   Thumb Code     4  stm32f10x_tim.o(.text)
    TIM_SetCompare1                          0x0800441d   Thumb Code     4  stm32f10x_tim.o(.text)
    TIM_SetCompare2                          0x08004421   Thumb Code     4  stm32f10x_tim.o(.text)
    TIM_SetCompare3                          0x08004425   Thumb Code     4  stm32f10x_tim.o(.text)
    TIM_SetCompare4                          0x08004429   Thumb Code     6  stm32f10x_tim.o(.text)
    TIM_SetClockDivision                     0x0800442f   Thumb Code    18  stm32f10x_tim.o(.text)
    TIM_GetCapture1                          0x08004441   Thumb Code     6  stm32f10x_tim.o(.text)
    TIM_GetCapture2                          0x08004447   Thumb Code     6  stm32f10x_tim.o(.text)
    TIM_GetCapture3                          0x0800444d   Thumb Code     6  stm32f10x_tim.o(.text)
    TIM_GetCapture4                          0x08004453   Thumb Code     8  stm32f10x_tim.o(.text)
    TIM_GetCounter                           0x0800445b   Thumb Code     6  stm32f10x_tim.o(.text)
    TIM_GetPrescaler                         0x08004461   Thumb Code     6  stm32f10x_tim.o(.text)
    TIM_GetFlagStatus                        0x08004467   Thumb Code    18  stm32f10x_tim.o(.text)
    TIM_ClearFlag                            0x08004479   Thumb Code     6  stm32f10x_tim.o(.text)
    TIM_GetITStatus                          0x0800447f   Thumb Code    34  stm32f10x_tim.o(.text)
    TIM_ClearITPendingBit                    0x080044a1   Thumb Code     6  stm32f10x_tim.o(.text)
    __use_no_semihosting                     0x080044a7   Thumb Code     2  use_no_semi_2.o(.text)
    __2printf                                0x080044a9   Thumb Code    20  noretval__2printf.o(.text)
    __2sprintf                               0x080044c1   Thumb Code    34  noretval__2sprintf.o(.text)
    _printf_int_dec                          0x080044e9   Thumb Code   104  _printf_dec.o(.text)
    __printf                                 0x08004561   Thumb Code   308  __printf_flags_wp.o(.text)
    __0sscanf                                0x08004699   Thumb Code    52  __0sscanf.o(.text)
    _scanf_int                               0x080046d5   Thumb Code   332  _scanf_int.o(.text)
    __use_two_region_memory                  0x08004821   Thumb Code     2  heapauxi.o(.text)
    __rt_heap_escrow$2region                 0x08004823   Thumb Code     2  heapauxi.o(.text)
    __rt_heap_expand$2region                 0x08004825   Thumb Code     2  heapauxi.o(.text)
    __I$use$semihosting                      0x08004827   Thumb Code     0  use_no_semi.o(.text)
    __use_no_semihosting_swi                 0x08004827   Thumb Code     2  use_no_semi.o(.text)
    _printf_int_common                       0x08004829   Thumb Code   178  _printf_intcommon.o(.text)
    __lib_sel_fp_printf                      0x080048db   Thumb Code     2  _printf_fp_dec.o(.text)
    _printf_fp_dec_real                      0x08004a8d   Thumb Code   620  _printf_fp_dec.o(.text)
    _printf_char_common                      0x08004d03   Thumb Code    32  _printf_char_common.o(.text)
    _sputc                                   0x08004d29   Thumb Code    10  _sputc.o(.text)
    _printf_char_file                        0x08004d35   Thumb Code    32  _printf_char_file.o(.text)
    _chval                                   0x08004d59   Thumb Code    28  _chval.o(.text)
    __vfscanf_char                           0x08004d81   Thumb Code    24  scanf_char.o(.text)
    _sgetc                                   0x08004da1   Thumb Code    30  _sgetc.o(.text)
    _sbackspace                              0x08004dbf   Thumb Code    34  _sgetc.o(.text)
    __rt_locale                              0x08004de1   Thumb Code     8  rt_locale_intlibspace.o(.text)
    _ll_udiv10                               0x08004de9   Thumb Code   138  lludiv10.o(.text)
    isspace                                  0x08004e73   Thumb Code    18  isspace.o(.text)
    _printf_fp_infnan                        0x08004e85   Thumb Code   112  _printf_fp_infnan.o(.text)
    __vfscanf                                0x08004f05   Thumb Code   878  _scanf.o(.text)
    _btod_etento                             0x08005279   Thumb Code   224  bigflt0.o(.text)
    ferror                                   0x0800535d   Thumb Code     8  ferror.o(.text)
    __user_libspace                          0x08005365   Thumb Code     8  libspace.o(.text)
    __user_perproc_libspace                  0x08005365   Thumb Code     0  libspace.o(.text)
    __user_perthread_libspace                0x08005365   Thumb Code     0  libspace.o(.text)
    __user_setup_stackheap                   0x0800536d   Thumb Code    74  sys_stackheap_outer.o(.text)
    __rt_ctype_table                         0x080053b9   Thumb Code    16  rt_ctype_table.o(.text)
    exit                                     0x080053c9   Thumb Code    18  exit.o(.text)
    strcmp                                   0x080053dd   Thumb Code   128  strcmpv7m.o(.text)
    _btod_d2e                                0x0800545d   Thumb Code    62  btod.o(CL$$btod_d2e)
    _d2e_denorm_low                          0x0800549b   Thumb Code    70  btod.o(CL$$btod_d2e_denorm_low)
    _d2e_norm_op1                            0x080054e1   Thumb Code    96  btod.o(CL$$btod_d2e_norm_op1)
    __btod_div_common                        0x08005541   Thumb Code   696  btod.o(CL$$btod_div_common)
    _e2e                                     0x08005879   Thumb Code   220  btod.o(CL$$btod_e2e)
    _btod_ediv                               0x08005955   Thumb Code    42  btod.o(CL$$btod_ediv)
    _btod_emul                               0x0800597f   Thumb Code    42  btod.o(CL$$btod_emul)
    __btod_mult_common                       0x080059a9   Thumb Code   580  btod.o(CL$$btod_mult_common)
    __ARM_fpclassify                         0x08005bed   Thumb Code    40  fpclassify.o(i.__ARM_fpclassify)
    _is_digit                                0x08005c15   Thumb Code    14  __printf_wp.o(i._is_digit)
    _get_lc_numeric                          0x08005c25   Thumb Code    44  lc_numeric_c.o(locale$$code)
    _get_lc_ctype                            0x08005c51   Thumb Code    44  lc_ctype_c.o(locale$$code)
    __aeabi_d2f                              0x08005c7d   Thumb Code     0  d2f.o(x$fpl$d2f)
    _d2f                                     0x08005c7d   Thumb Code    98  d2f.o(x$fpl$d2f)
    __aeabi_dadd                             0x08005ce1   Thumb Code     0  daddsub_clz.o(x$fpl$dadd)
    _dadd                                    0x08005ce1   Thumb Code   332  daddsub_clz.o(x$fpl$dadd)
    __fpl_dcmp_Inf                           0x08005e31   Thumb Code    24  dcmpi.o(x$fpl$dcmpinf)
    __aeabi_ddiv                             0x08005e49   Thumb Code     0  ddiv.o(x$fpl$ddiv)
    _ddiv                                    0x08005e49   Thumb Code   552  ddiv.o(x$fpl$ddiv)
    __aeabi_cdcmpeq                          0x080060f9   Thumb Code     0  deqf.o(x$fpl$deqf)
    _dcmpeq                                  0x080060f9   Thumb Code   120  deqf.o(x$fpl$deqf)
    __aeabi_ui2d                             0x08006171   Thumb Code     0  dflt_clz.o(x$fpl$dfltu)
    _dfltu                                   0x08006171   Thumb Code    38  dflt_clz.o(x$fpl$dfltu)
    __fpl_dnaninf                            0x08006197   Thumb Code   156  dnaninf.o(x$fpl$dnaninf)
    __fpl_dretinf                            0x08006233   Thumb Code    12  dretinf.o(x$fpl$dretinf)
    __aeabi_dsub                             0x08006241   Thumb Code     0  daddsub_clz.o(x$fpl$dsub)
    _dsub                                    0x08006241   Thumb Code   464  daddsub_clz.o(x$fpl$dsub)
    __aeabi_f2d                              0x08006415   Thumb Code     0  f2d.o(x$fpl$f2d)
    _f2d                                     0x08006415   Thumb Code    86  f2d.o(x$fpl$f2d)
    __aeabi_fadd                             0x0800646d   Thumb Code     0  faddsub_clz.o(x$fpl$fadd)
    _fadd                                    0x0800646d   Thumb Code   196  faddsub_clz.o(x$fpl$fadd)
    __fpl_fcmp_Inf                           0x08006531   Thumb Code    24  fcmpi.o(x$fpl$fcmpinf)
    __aeabi_fdiv                             0x08006549   Thumb Code     0  fdiv.o(x$fpl$fdiv)
    _fdiv                                    0x08006549   Thumb Code   384  fdiv.o(x$fpl$fdiv)
    __aeabi_f2iz                             0x080066cd   Thumb Code     0  ffix.o(x$fpl$ffix)
    _ffix                                    0x080066cd   Thumb Code    54  ffix.o(x$fpl$ffix)
    __aeabi_ui2f                             0x08006705   Thumb Code     0  fflt_clz.o(x$fpl$ffltu)
    _ffltu                                   0x08006705   Thumb Code    38  fflt_clz.o(x$fpl$ffltu)
    __aeabi_cfcmple                          0x0800672d   Thumb Code     0  fleqf.o(x$fpl$fleqf)
    _fcmple                                  0x0800672d   Thumb Code   104  fleqf.o(x$fpl$fleqf)
    __fpl_fcmple_InfNaN                      0x0800677f   Thumb Code     0  fleqf.o(x$fpl$fleqf)
    __aeabi_fmul                             0x08006795   Thumb Code     0  fmul.o(x$fpl$fmul)
    _fmul                                    0x08006795   Thumb Code   258  fmul.o(x$fpl$fmul)
    __fpl_fnaninf                            0x08006897   Thumb Code   140  fnaninf.o(x$fpl$fnaninf)
    __fpl_fretinf                            0x08006923   Thumb Code    10  fretinf.o(x$fpl$fretinf)
    __aeabi_cfrcmple                         0x0800692d   Thumb Code     0  frleqf.o(x$fpl$frleqf)
    _frcmple                                 0x0800692d   Thumb Code    98  frleqf.o(x$fpl$frleqf)
    __aeabi_frsub                            0x0800698f   Thumb Code     0  faddsub_clz.o(x$fpl$frsb)
    _frsb                                    0x0800698f   Thumb Code    20  faddsub_clz.o(x$fpl$frsb)
    __aeabi_fsub                             0x080069a5   Thumb Code     0  faddsub_clz.o(x$fpl$fsub)
    _fsub                                    0x080069a5   Thumb Code   234  faddsub_clz.o(x$fpl$fsub)
    _printf_fp_dec                           0x08006a8f   Thumb Code     4  printf1.o(x$fpl$printf1)
    __I$use$fp                               0x08006a92   Number         0  usenofp.o(x$fpl$usenofp)
    asc2_1206                                0x08006a92   Data        1140  oled.o(.constdata)
    asc2_1608                                0x08006f06   Data        1520  oled.o(.constdata)
    asc2_2412                                0x080074f6   Data        3420  oled.o(.constdata)
    Region$$Table$$Base                      0x080082f8   Number         0  anon$$obj.o(Region$$Table)
    Region$$Table$$Limit                     0x08008318   Number         0  anon$$obj.o(Region$$Table)
    __ctype                                  0x08008341   Data           0  lc_ctype_c.o(locale$$data)
    wendu                                    0x20000000   Data           4  main.o(.data)
    shidu                                    0x20000004   Data           4  main.o(.data)
    PH_NUM                                   0x20000008   Data           4  main.o(.data)
    Water_level_int                          0x2000000c   Data           4  main.o(.data)
    Light_level_int                          0x20000010   Data           4  main.o(.data)
    light_per                                0x20000014   Data           4  main.o(.data)
    water_per                                0x20000018   Data           4  main.o(.data)
    wendu_hs                                 0x2000001c   Data           4  main.o(.data)
    shidu_hs                                 0x20000020   Data           4  main.o(.data)
    PH_NUM_hs                                0x20000024   Data           4  main.o(.data)
    light_per_hs                             0x20000028   Data           4  main.o(.data)
    water_per_hs                             0x2000002c   Data           4  main.o(.data)
    wendu_ls                                 0x20000030   Data           4  main.o(.data)
    shidu_ls                                 0x20000034   Data           4  main.o(.data)
    PH_NUM_ls                                0x20000038   Data           4  main.o(.data)
    light_per_ls                             0x2000003c   Data           4  main.o(.data)
    water_per_ls                             0x20000040   Data           4  main.o(.data)
    pump_speed                               0x20000044   Data           4  main.o(.data)
    pump_on_off                              0x20000048   Data           1  main.o(.data)
    num_s                                    0x2000004a   Data           2  main.o(.data)
    oled_menu                                0x2000004c   Data           2  main.o(.data)
    MQ_X_NUM                                 0x20000050   Data           4  main.o(.data)
    light_low                                0x20000054   Data           4  main.o(.data)
    light_high                               0x20000058   Data           4  main.o(.data)
    water_low                                0x2000005c   Data           4  main.o(.data)
    water_high                               0x20000060   Data           4  main.o(.data)
    close_b                                  0x20000064   Data           4  main.o(.data)
    ci_shidu                                 0x20000068   Data           4  main.o(.data)
    ci_shidu1                                0x2000006c   Data           4  main.o(.data)
    count_20ms                               0x20000070   Data           2  main.o(.data)
    count_1s                                 0x20000072   Data           2  main.o(.data)
    count_3s                                 0x20000074   Data           2  main.o(.data)
    count_6s                                 0x20000076   Data           2  main.o(.data)
    count_10s                                0x20000078   Data           2  main.o(.data)
    SystemCoreClock                          0x2000007c   Data           4  system_stm32f10x.o(.data)
    AHBPrescTable                            0x20000080   Data          16  system_stm32f10x.o(.data)
    RS485_RX_CNT                             0x20000090   Data           1  rs485.o(.data)
    Hzk1                                     0x20000091   Data         352  oled.o(.data)
    Hzk2                                     0x200001f1   Data         216  oled.o(.data)
    Hzk3                                     0x200002c9   Data         512  oled.o(.data)
    Hzk4                                     0x200004c9   Data        4096  oled.o(.data)
    rx_index                                 0x200014d0   Data           1  usart.o(.data)
    pump_int                                 0x200014d4   Data           4  usart.o(.data)
    __stdout                                 0x200014d8   Data           4  usart.o(.data)
    USART_RX_STA                             0x200014dc   Data           2  usart.o(.data)
    first_show                               0x200014f4   Data          30  main.o(.bss)
    second_show                              0x20001512   Data          30  main.o(.bss)
    third_show                               0x20001530   Data          30  main.o(.bss)
    RS485_RX_BUF                             0x2000154e   Data          64  rs485.o(.bss)
    OLED_GRAM                                0x2000158e   Data        1152  oled.o(.bss)
    __libspace_start                         0x20001a10   Data          96  libspace.o(.bss)
    __temporary_stack_top$libspace           0x20001a70   Data           0  libspace.o(.bss)



==============================================================================

Memory Map of the image

  Image Entry point : 0x080000ed

  Load Region LR_IROM1 (Base: 0x08000000, Size: 0x00009938, Max: 0x00010000, ABSOLUTE, COMPRESSED[0x00008638])

    Execution Region ER_IROM1 (Exec base: 0x08000000, Load base: 0x08000000, Size: 0x00008444, Max: 0x00010000, ABSOLUTE)

    Exec Addr    Load Addr    Size         Type   Attr      Idx    E Section Name        Object

    0x08000000   0x08000000   0x000000ec   Data   RO          379    RESET               startup_stm32f10x_md.o
    0x080000ec   0x080000ec   0x00000008   Code   RO          515  * !!!main             c_w.l(__main.o)
    0x080000f4   0x080000f4   0x00000034   Code   RO          810    !!!scatter          c_w.l(__scatter.o)
    0x08000128   0x08000128   0x0000005a   Code   RO          808    !!dczerorl2         c_w.l(__dczerorl2.o)
    0x08000182   0x08000182   0x00000002   PAD
    0x08000184   0x08000184   0x0000001c   Code   RO          812    !!handler_zi        c_w.l(__scatter_zi.o)
    0x080001a0   0x080001a0   0x00000000   Code   RO          508    .ARM.Collect$$_printf_percent$$00000000  c_w.l(_printf_percent.o)
    0x080001a0   0x080001a0   0x00000006   Code   RO          507    .ARM.Collect$$_printf_percent$$00000003  c_w.l(_printf_f.o)
    0x080001a6   0x080001a6   0x00000006   Code   RO          506    .ARM.Collect$$_printf_percent$$00000009  c_w.l(_printf_d.o)
    0x080001ac   0x080001ac   0x00000004   Code   RO          580    .ARM.Collect$$_printf_percent$$00000017  c_w.l(_printf_percent_end.o)
    0x080001b0   0x080001b0   0x00000002   Code   RO          682    .ARM.Collect$$libinit$$00000000  c_w.l(libinit.o)
    0x080001b2   0x080001b2   0x00000000   Code   RO          684    .ARM.Collect$$libinit$$00000002  c_w.l(libinit2.o)
    0x080001b2   0x080001b2   0x00000000   Code   RO          686    .ARM.Collect$$libinit$$00000004  c_w.l(libinit2.o)
    0x080001b2   0x080001b2   0x00000000   Code   RO          689    .ARM.Collect$$libinit$$0000000A  c_w.l(libinit2.o)
    0x080001b2   0x080001b2   0x00000000   Code   RO          691    .ARM.Collect$$libinit$$0000000C  c_w.l(libinit2.o)
    0x080001b2   0x080001b2   0x00000000   Code   RO          693    .ARM.Collect$$libinit$$0000000E  c_w.l(libinit2.o)
    0x080001b2   0x080001b2   0x00000006   Code   RO          694    .ARM.Collect$$libinit$$0000000F  c_w.l(libinit2.o)
    0x080001b8   0x080001b8   0x00000000   Code   RO          696    .ARM.Collect$$libinit$$00000011  c_w.l(libinit2.o)
    0x080001b8   0x080001b8   0x0000000c   Code   RO          697    .ARM.Collect$$libinit$$00000012  c_w.l(libinit2.o)
    0x080001c4   0x080001c4   0x00000000   Code   RO          698    .ARM.Collect$$libinit$$00000013  c_w.l(libinit2.o)
    0x080001c4   0x080001c4   0x00000000   Code   RO          700    .ARM.Collect$$libinit$$00000015  c_w.l(libinit2.o)
    0x080001c4   0x080001c4   0x0000000a   Code   RO          701    .ARM.Collect$$libinit$$00000016  c_w.l(libinit2.o)
    0x080001ce   0x080001ce   0x00000000   Code   RO          702    .ARM.Collect$$libinit$$00000017  c_w.l(libinit2.o)
    0x080001ce   0x080001ce   0x00000000   Code   RO          704    .ARM.Collect$$libinit$$00000019  c_w.l(libinit2.o)
    0x080001ce   0x080001ce   0x00000000   Code   RO          706    .ARM.Collect$$libinit$$0000001B  c_w.l(libinit2.o)
    0x080001ce   0x080001ce   0x00000000   Code   RO          708    .ARM.Collect$$libinit$$0000001D  c_w.l(libinit2.o)
    0x080001ce   0x080001ce   0x00000000   Code   RO          710    .ARM.Collect$$libinit$$0000001F  c_w.l(libinit2.o)
    0x080001ce   0x080001ce   0x00000000   Code   RO          712    .ARM.Collect$$libinit$$00000021  c_w.l(libinit2.o)
    0x080001ce   0x080001ce   0x00000000   Code   RO          714    .ARM.Collect$$libinit$$00000023  c_w.l(libinit2.o)
    0x080001ce   0x080001ce   0x00000000   Code   RO          716    .ARM.Collect$$libinit$$00000025  c_w.l(libinit2.o)
    0x080001ce   0x080001ce   0x00000000   Code   RO          720    .ARM.Collect$$libinit$$0000002C  c_w.l(libinit2.o)
    0x080001ce   0x080001ce   0x00000000   Code   RO          722    .ARM.Collect$$libinit$$0000002E  c_w.l(libinit2.o)
    0x080001ce   0x080001ce   0x00000000   Code   RO          724    .ARM.Collect$$libinit$$00000030  c_w.l(libinit2.o)
    0x080001ce   0x080001ce   0x00000000   Code   RO          726    .ARM.Collect$$libinit$$00000032  c_w.l(libinit2.o)
    0x080001ce   0x080001ce   0x00000002   Code   RO          727    .ARM.Collect$$libinit$$00000033  c_w.l(libinit2.o)
    0x080001d0   0x080001d0   0x00000002   Code   RO          758    .ARM.Collect$$libshutdown$$00000000  c_w.l(libshutdown.o)
    0x080001d2   0x080001d2   0x00000000   Code   RO          767    .ARM.Collect$$libshutdown$$00000002  c_w.l(libshutdown2.o)
    0x080001d2   0x080001d2   0x00000000   Code   RO          769    .ARM.Collect$$libshutdown$$00000004  c_w.l(libshutdown2.o)
    0x080001d2   0x080001d2   0x00000000   Code   RO          772    .ARM.Collect$$libshutdown$$00000007  c_w.l(libshutdown2.o)
    0x080001d2   0x080001d2   0x00000000   Code   RO          775    .ARM.Collect$$libshutdown$$0000000A  c_w.l(libshutdown2.o)
    0x080001d2   0x080001d2   0x00000000   Code   RO          777    .ARM.Collect$$libshutdown$$0000000C  c_w.l(libshutdown2.o)
    0x080001d2   0x080001d2   0x00000000   Code   RO          780    .ARM.Collect$$libshutdown$$0000000F  c_w.l(libshutdown2.o)
    0x080001d2   0x080001d2   0x00000002   Code   RO          781    .ARM.Collect$$libshutdown$$00000010  c_w.l(libshutdown2.o)
    0x080001d4   0x080001d4   0x00000000   Code   RO          569    .ARM.Collect$$rtentry$$00000000  c_w.l(__rtentry.o)
    0x080001d4   0x080001d4   0x00000000   Code   RO          601    .ARM.Collect$$rtentry$$00000002  c_w.l(__rtentry2.o)
    0x080001d4   0x080001d4   0x00000006   Code   RO          613    .ARM.Collect$$rtentry$$00000004  c_w.l(__rtentry4.o)
    0x080001da   0x080001da   0x00000000   Code   RO          603    .ARM.Collect$$rtentry$$00000009  c_w.l(__rtentry2.o)
    0x080001da   0x080001da   0x00000004   Code   RO          604    .ARM.Collect$$rtentry$$0000000A  c_w.l(__rtentry2.o)
    0x080001de   0x080001de   0x00000000   Code   RO          606    .ARM.Collect$$rtentry$$0000000C  c_w.l(__rtentry2.o)
    0x080001de   0x080001de   0x00000008   Code   RO          607    .ARM.Collect$$rtentry$$0000000D  c_w.l(__rtentry2.o)
    0x080001e6   0x080001e6   0x00000002   Code   RO          728    .ARM.Collect$$rtexit$$00000000  c_w.l(rtexit.o)
    0x080001e8   0x080001e8   0x00000000   Code   RO          738    .ARM.Collect$$rtexit$$00000002  c_w.l(rtexit2.o)
    0x080001e8   0x080001e8   0x00000004   Code   RO          739    .ARM.Collect$$rtexit$$00000003  c_w.l(rtexit2.o)
    0x080001ec   0x080001ec   0x00000006   Code   RO          740    .ARM.Collect$$rtexit$$00000004  c_w.l(rtexit2.o)
    0x080001f2   0x080001f2   0x00000002   PAD
    0x080001f4   0x080001f4   0x00000d54   Code   RO            1    .text               main.o
    0x08000f48   0x08000f48   0x0000001a   Code   RO          147    .text               stm32f10x_it.o
    0x08000f62   0x08000f62   0x00000002   PAD
    0x08000f64   0x08000f64   0x000001e0   Code   RO          188    .text               system_stm32f10x.o
    0x08001144   0x08001144   0x000000c0   Code   RO          206    .text               led.o
    0x08001204   0x08001204   0x0000073c   Code   RO          218    .text               key.o
    0x08001940   0x08001940   0x0000019c   Code   RO          234    .text               rs485.o
    0x08001adc   0x08001adc   0x00000054   Code   RO          253    .text               pump.o
    0x08001b30   0x08001b30   0x00000024   Code   RO          265    .text               level.o
    0x08001b54   0x08001b54   0x000000f0   Code   RO          277    .text               adc.o
    0x08001c44   0x08001c44   0x000007d0   Code   RO          289    .text               oled.o
    0x08002414   0x08002414   0x000000d4   Code   RO          309    .text               delay.o
    0x080024e8   0x080024e8   0x00000130   Code   RO          340    .text               usart.o
    0x08002618   0x08002618   0x00000040   Code   RO          380    .text               startup_stm32f10x_md.o
    0x08002658   0x08002658   0x000000dc   Code   RO          384    .text               misc.o
    0x08002734   0x08002734   0x0000035c   Code   RO          408    .text               stm32f10x_gpio.o
    0x08002a90   0x08002a90   0x000003a4   Code   RO          420    .text               stm32f10x_rcc.o
    0x08002e34   0x08002e34   0x00000408   Code   RO          434    .text               stm32f10x_usart.o
    0x0800323c   0x0800323c   0x0000044e   Code   RO          446    .text               stm32f10x_adc.o
    0x0800368a   0x0800368a   0x00000002   PAD
    0x0800368c   0x0800368c   0x00000e1a   Code   RO          458    .text               stm32f10x_tim.o
    0x080044a6   0x080044a6   0x00000002   Code   RO          472    .text               c_w.l(use_no_semi_2.o)
    0x080044a8   0x080044a8   0x00000018   Code   RO          478    .text               c_w.l(noretval__2printf.o)
    0x080044c0   0x080044c0   0x00000028   Code   RO          480    .text               c_w.l(noretval__2sprintf.o)
    0x080044e8   0x080044e8   0x00000078   Code   RO          484    .text               c_w.l(_printf_dec.o)
    0x08004560   0x08004560   0x00000138   Code   RO          498    .text               c_w.l(__printf_flags_wp.o)
    0x08004698   0x08004698   0x0000003c   Code   RO          509    .text               c_w.l(__0sscanf.o)
    0x080046d4   0x080046d4   0x0000014c   Code   RO          511    .text               c_w.l(_scanf_int.o)
    0x08004820   0x08004820   0x00000006   Code   RO          513    .text               c_w.l(heapauxi.o)
    0x08004826   0x08004826   0x00000002   Code   RO          567    .text               c_w.l(use_no_semi.o)
    0x08004828   0x08004828   0x000000b2   Code   RO          570    .text               c_w.l(_printf_intcommon.o)
    0x080048da   0x080048da   0x0000041e   Code   RO          572    .text               c_w.l(_printf_fp_dec.o)
    0x08004cf8   0x08004cf8   0x00000030   Code   RO          574    .text               c_w.l(_printf_char_common.o)
    0x08004d28   0x08004d28   0x0000000a   Code   RO          576    .text               c_w.l(_sputc.o)
    0x08004d32   0x08004d32   0x00000002   PAD
    0x08004d34   0x08004d34   0x00000024   Code   RO          578    .text               c_w.l(_printf_char_file.o)
    0x08004d58   0x08004d58   0x0000001c   Code   RO          581    .text               c_w.l(_chval.o)
    0x08004d74   0x08004d74   0x0000002c   Code   RO          583    .text               c_w.l(scanf_char.o)
    0x08004da0   0x08004da0   0x00000040   Code   RO          585    .text               c_w.l(_sgetc.o)
    0x08004de0   0x08004de0   0x00000008   Code   RO          618    .text               c_w.l(rt_locale_intlibspace.o)
    0x08004de8   0x08004de8   0x0000008a   Code   RO          620    .text               c_w.l(lludiv10.o)
    0x08004e72   0x08004e72   0x00000012   Code   RO          622    .text               c_w.l(isspace.o)
    0x08004e84   0x08004e84   0x00000080   Code   RO          624    .text               c_w.l(_printf_fp_infnan.o)
    0x08004f04   0x08004f04   0x00000374   Code   RO          628    .text               c_w.l(_scanf.o)
    0x08005278   0x08005278   0x000000e4   Code   RO          630    .text               c_w.l(bigflt0.o)
    0x0800535c   0x0800535c   0x00000008   Code   RO          655    .text               c_w.l(ferror.o)
    0x08005364   0x08005364   0x00000008   Code   RO          666    .text               c_w.l(libspace.o)
    0x0800536c   0x0800536c   0x0000004a   Code   RO          669    .text               c_w.l(sys_stackheap_outer.o)
    0x080053b6   0x080053b6   0x00000002   PAD
    0x080053b8   0x080053b8   0x00000010   Code   RO          671    .text               c_w.l(rt_ctype_table.o)
    0x080053c8   0x080053c8   0x00000012   Code   RO          673    .text               c_w.l(exit.o)
    0x080053da   0x080053da   0x00000002   PAD
    0x080053dc   0x080053dc   0x00000080   Code   RO          675    .text               c_w.l(strcmpv7m.o)
    0x0800545c   0x0800545c   0x0000003e   Code   RO          633    CL$$btod_d2e        c_w.l(btod.o)
    0x0800549a   0x0800549a   0x00000046   Code   RO          635    CL$$btod_d2e_denorm_low  c_w.l(btod.o)
    0x080054e0   0x080054e0   0x00000060   Code   RO          634    CL$$btod_d2e_norm_op1  c_w.l(btod.o)
    0x08005540   0x08005540   0x00000338   Code   RO          643    CL$$btod_div_common  c_w.l(btod.o)
    0x08005878   0x08005878   0x000000dc   Code   RO          640    CL$$btod_e2e        c_w.l(btod.o)
    0x08005954   0x08005954   0x0000002a   Code   RO          637    CL$$btod_ediv       c_w.l(btod.o)
    0x0800597e   0x0800597e   0x0000002a   Code   RO          636    CL$$btod_emul       c_w.l(btod.o)
    0x080059a8   0x080059a8   0x00000244   Code   RO          642    CL$$btod_mult_common  c_w.l(btod.o)
    0x08005bec   0x08005bec   0x00000028   Code   RO          664    i.__ARM_fpclassify  m_ws.l(fpclassify.o)
    0x08005c14   0x08005c14   0x0000000e   Code   RO          496    i._is_digit         c_w.l(__printf_wp.o)
    0x08005c22   0x08005c22   0x00000002   PAD
    0x08005c24   0x08005c24   0x0000002c   Code   RO          660    locale$$code        c_w.l(lc_numeric_c.o)
    0x08005c50   0x08005c50   0x0000002c   Code   RO          731    locale$$code        c_w.l(lc_ctype_c.o)
    0x08005c7c   0x08005c7c   0x00000062   Code   RO          517    x$fpl$d2f           fz_ws.l(d2f.o)
    0x08005cde   0x08005cde   0x00000002   PAD
    0x08005ce0   0x08005ce0   0x00000150   Code   RO          519    x$fpl$dadd          fz_ws.l(daddsub_clz.o)
    0x08005e30   0x08005e30   0x00000018   Code   RO          587    x$fpl$dcmpinf       fz_ws.l(dcmpi.o)
    0x08005e48   0x08005e48   0x000002b0   Code   RO          526    x$fpl$ddiv          fz_ws.l(ddiv.o)
    0x080060f8   0x080060f8   0x00000078   Code   RO          529    x$fpl$deqf          fz_ws.l(deqf.o)
    0x08006170   0x08006170   0x00000026   Code   RO          531    x$fpl$dfltu         fz_ws.l(dflt_clz.o)
    0x08006196   0x08006196   0x0000009c   Code   RO          589    x$fpl$dnaninf       fz_ws.l(dnaninf.o)
    0x08006232   0x08006232   0x0000000c   Code   RO          591    x$fpl$dretinf       fz_ws.l(dretinf.o)
    0x0800623e   0x0800623e   0x00000002   PAD
    0x08006240   0x08006240   0x000001d4   Code   RO          521    x$fpl$dsub          fz_ws.l(daddsub_clz.o)
    0x08006414   0x08006414   0x00000056   Code   RO          537    x$fpl$f2d           fz_ws.l(f2d.o)
    0x0800646a   0x0800646a   0x00000002   PAD
    0x0800646c   0x0800646c   0x000000c4   Code   RO          539    x$fpl$fadd          fz_ws.l(faddsub_clz.o)
    0x08006530   0x08006530   0x00000018   Code   RO          593    x$fpl$fcmpinf       fz_ws.l(fcmpi.o)
    0x08006548   0x08006548   0x00000184   Code   RO          546    x$fpl$fdiv          fz_ws.l(fdiv.o)
    0x080066cc   0x080066cc   0x00000036   Code   RO          549    x$fpl$ffix          fz_ws.l(ffix.o)
    0x08006702   0x08006702   0x00000002   PAD
    0x08006704   0x08006704   0x00000026   Code   RO          553    x$fpl$ffltu         fz_ws.l(fflt_clz.o)
    0x0800672a   0x0800672a   0x00000002   PAD
    0x0800672c   0x0800672c   0x00000068   Code   RO          559    x$fpl$fleqf         fz_ws.l(fleqf.o)
    0x08006794   0x08006794   0x00000102   Code   RO          561    x$fpl$fmul          fz_ws.l(fmul.o)
    0x08006896   0x08006896   0x0000008c   Code   RO          595    x$fpl$fnaninf       fz_ws.l(fnaninf.o)
    0x08006922   0x08006922   0x0000000a   Code   RO          597    x$fpl$fretinf       fz_ws.l(fretinf.o)
    0x0800692c   0x0800692c   0x00000062   Code   RO          563    x$fpl$frleqf        fz_ws.l(frleqf.o)
    0x0800698e   0x0800698e   0x00000014   Code   RO          540    x$fpl$frsb          fz_ws.l(faddsub_clz.o)
    0x080069a2   0x080069a2   0x00000002   PAD
    0x080069a4   0x080069a4   0x000000ea   Code   RO          541    x$fpl$fsub          fz_ws.l(faddsub_clz.o)
    0x08006a8e   0x08006a8e   0x00000004   Code   RO          565    x$fpl$printf1       fz_ws.l(printf1.o)
    0x08006a92   0x08006a92   0x00000000   Code   RO          599    x$fpl$usenofp       fz_ws.l(usenofp.o)
    0x08006a92   0x08006a92   0x000017c0   Data   RO          291    .constdata          oled.o
    0x08008252   0x08008252   0x00000011   Data   RO          499    .constdata          c_w.l(__printf_flags_wp.o)
    0x08008263   0x08008263   0x00000001   PAD
    0x08008264   0x08008264   0x00000094   Data   RO          631    .constdata          c_w.l(bigflt0.o)
    0x080082f8   0x080082f8   0x00000020   Data   RO          806    Region$$Table       anon$$obj.o
    0x08008318   0x08008318   0x0000001c   Data   RO          659    locale$$data        c_w.l(lc_numeric_c.o)
    0x08008334   0x08008334   0x00000110   Data   RO          730    locale$$data        c_w.l(lc_ctype_c.o)


    Execution Region RW_IRAM1 (Exec base: 0x20000000, Load base: 0x08008444, Size: 0x00002070, Max: 0x00005000, ABSOLUTE, COMPRESSED[0x000001f4])

    Exec Addr    Load Addr    Size         Type   Attr      Idx    E Section Name        Object

    0x20000000   COMPRESSED   0x0000007a   Data   RW            3    .data               main.o
    0x2000007a   COMPRESSED   0x00000002   PAD
    0x2000007c   COMPRESSED   0x00000014   Data   RW          189    .data               system_stm32f10x.o
    0x20000090   COMPRESSED   0x00000001   Data   RW          236    .data               rs485.o
    0x20000091   COMPRESSED   0x00001438   Data   RW          292    .data               oled.o
    0x200014c9   COMPRESSED   0x00000001   PAD
    0x200014ca   COMPRESSED   0x00000004   Data   RW          310    .data               delay.o
    0x200014ce   COMPRESSED   0x00000002   PAD
    0x200014d0   COMPRESSED   0x0000000e   Data   RW          342    .data               usart.o
    0x200014de   COMPRESSED   0x00000014   Data   RW          421    .data               stm32f10x_rcc.o
    0x200014f2   COMPRESSED   0x00000002   PAD
    0x200014f4        -       0x0000005a   Zero   RW            2    .bss                main.o
    0x2000154e        -       0x00000040   Zero   RW          235    .bss                rs485.o
    0x2000158e        -       0x00000480   Zero   RW          290    .bss                oled.o
    0x20001a0e   COMPRESSED   0x00000002   PAD
    0x20001a10        -       0x00000060   Zero   RW          667    .bss                c_w.l(libspace.o)
    0x20001a70        -       0x00000200   Zero   RW          378    HEAP                startup_stm32f10x_md.o
    0x20001c70        -       0x00000400   Zero   RW          377    STACK               startup_stm32f10x_md.o


==============================================================================

Image component sizes


      Code (inc. data)   RO Data    RW Data    ZI Data      Debug   Object Name

       240          8          0          0          0       1126   adc.o
       212         18          0          4          0       1023   delay.o
      1852        122          0          0          0       1388   key.o
       192          8          0          0          0        563   led.o
        36          4          0          0          0        495   level.o
      3412        702          0        122         90     266213   main.o
       220         22          0          0          0       1777   misc.o
      2000         50       6080       5176       1152       7852   oled.o
        84          4          0          0          0        508   pump.o
       412         22          0          1         64       2170   rs485.o
        64         26        236          0       1536        788   startup_stm32f10x_md.o
      1102         26          0          0          0      11021   stm32f10x_adc.o
       860         38          0          0          0       5713   stm32f10x_gpio.o
        26          0          0          0          0       1170   stm32f10x_it.o
       932         36          0         20          0       8884   stm32f10x_rcc.o
      3610         88          0          0          0      22820   stm32f10x_tim.o
      1032         22          0          0          0       8436   stm32f10x_usart.o
         0          0          0          0          0         32   sys.o
       480         38          0         20          0       1707   system_stm32f10x.o
       304         26          0         14          0       3597   usart.o

    ----------------------------------------------------------------------
     17074       1260       6348       5364       2844     347283   Object Totals
         0          0         32          0          0          0   (incl. Generated)
         4          0          0          7          2          0   (incl. Padding)

    ----------------------------------------------------------------------

      Code (inc. data)   RO Data    RW Data    ZI Data      Debug   Library Member Name

        60          8          0          0          0         84   __0sscanf.o
        90          0          0          0          0          0   __dczerorl2.o
         8          0          0          0          0         68   __main.o
       312          4         17          0          0         92   __printf_flags_wp.o
        14          0          0          0          0         68   __printf_wp.o
         0          0          0          0          0          0   __rtentry.o
        12          0          0          0          0          0   __rtentry2.o
         6          0          0          0          0          0   __rtentry4.o
        52          8          0          0          0          0   __scatter.o
        28          0          0          0          0          0   __scatter_zi.o
        28          0          0          0          0         68   _chval.o
        48          6          0          0          0         96   _printf_char_common.o
        36          4          0          0          0         80   _printf_char_file.o
         6          0          0          0          0          0   _printf_d.o
       120         16          0          0          0         92   _printf_dec.o
         6          0          0          0          0          0   _printf_f.o
      1054          0          0          0          0        216   _printf_fp_dec.o
       128         16          0          0          0         84   _printf_fp_infnan.o
       178          0          0          0          0         88   _printf_intcommon.o
         0          0          0          0          0          0   _printf_percent.o
         4          0          0          0          0          0   _printf_percent_end.o
       884          6          0          0          0        100   _scanf.o
       332          0          0          0          0         96   _scanf_int.o
        64          0          0          0          0         84   _sgetc.o
        10          0          0          0          0         68   _sputc.o
       228          4        148          0          0         96   bigflt0.o
      1936        128          0          0          0        672   btod.o
        18          0          0          0          0         80   exit.o
         8          0          0          0          0         68   ferror.o
         6          0          0          0          0        152   heapauxi.o
        18          0          0          0          0         76   isspace.o
        44         10        272          0          0         76   lc_ctype_c.o
        44         10         28          0          0         76   lc_numeric_c.o
         2          0          0          0          0          0   libinit.o
        30          0          0          0          0          0   libinit2.o
         2          0          0          0          0          0   libshutdown.o
         2          0          0          0          0          0   libshutdown2.o
         8          4          0          0         96         68   libspace.o
       138          0          0          0          0         80   lludiv10.o
        24          4          0          0          0         84   noretval__2printf.o
        40          6          0          0          0         84   noretval__2sprintf.o
        16          4          0          0          0         76   rt_ctype_table.o
         8          4          0          0          0         68   rt_locale_intlibspace.o
         2          0          0          0          0          0   rtexit.o
        10          0          0          0          0          0   rtexit2.o
        44          8          0          0          0         84   scanf_char.o
       128          0          0          0          0         68   strcmpv7m.o
        74          0          0          0          0         80   sys_stackheap_outer.o
         2          0          0          0          0         68   use_no_semi.o
         2          0          0          0          0         68   use_no_semi_2.o
        98          4          0          0          0         92   d2f.o
       804         16          0          0          0        272   daddsub_clz.o
        24          0          0          0          0         68   dcmpi.o
       688        140          0          0          0        208   ddiv.o
       120          4          0          0          0         92   deqf.o
        38          0          0          0          0         68   dflt_clz.o
       156          4          0          0          0         92   dnaninf.o
        12          0          0          0          0         68   dretinf.o
        86          4          0          0          0         84   f2d.o
       450          8          0          0          0        236   faddsub_clz.o
        24          0          0          0          0         68   fcmpi.o
       388         76          0          0          0         96   fdiv.o
        54          4          0          0          0         84   ffix.o
        38          0          0          0          0         68   fflt_clz.o
       104          4          0          0          0         84   fleqf.o
       258          4          0          0          0         84   fmul.o
       140          4          0          0          0         84   fnaninf.o
        10          0          0          0          0         68   fretinf.o
        98          0          0          0          0         68   frleqf.o
         4          0          0          0          0         68   printf1.o
         0          0          0          0          0          0   usenofp.o
        40          0          0          0          0         68   fpclassify.o

    ----------------------------------------------------------------------
      9972        522        466          0         96       5628   Library Totals
        24          0          1          0          0          0   (incl. Padding)

    ----------------------------------------------------------------------

      Code (inc. data)   RO Data    RW Data    ZI Data      Debug   Library Name

      6314        250        465          0         96       3508   c_w.l
      3594        272          0          0          0       2052   fz_ws.l
        40          0          0          0          0         68   m_ws.l

    ----------------------------------------------------------------------
      9972        522        466          0         96       5628   Library Totals

    ----------------------------------------------------------------------

==============================================================================


      Code (inc. data)   RO Data    RW Data    ZI Data      Debug   

     27046       1782       6814       5364       2940     348279   Grand Totals
     27046       1782       6814        500       2940     348279   ELF Image Totals (compressed)
     27046       1782       6814        500          0          0   ROM Totals

==============================================================================

    Total RO  Size (Code + RO Data)                33860 (  33.07kB)
    Total RW  Size (RW Data + ZI Data)              8304 (   8.11kB)
    Total ROM Size (Code + RO Data + RW Data)      34360 (  33.55kB)

==============================================================================

