Component: ARM Compiler 5.06 update 6 (build 750) Tool: armlink [4d35ed]

==============================================================================

Section Cross References

    main.o(.text) refers to _printf_percent.o(.ARM.Collect$$_printf_percent$$00000000) for _printf_percent
    main.o(.text) refers to _printf_d.o(.ARM.Collect$$_printf_percent$$00000009) for _printf_d
    main.o(.text) refers to _printf_f.o(.ARM.Collect$$_printf_percent$$00000003) for _printf_f
    main.o(.text) refers to _printf_dec.o(.text) for _printf_int_dec
    main.o(.text) refers to printf1.o(x$fpl$printf1) for _printf_fp_dec
    main.o(.text) refers to misc.o(.text) for NVIC_PriorityGroupConfig
    main.o(.text) refers to stm32f10x_rcc.o(.text) for RCC_APB1PeriphClockCmd
    main.o(.text) refers to stm32f10x_tim.o(.text) for TIM_DeInit
    main.o(.text) refers to adc.o(.text) for ADC_GetValue
    main.o(.text) refers to fflt_clz.o(x$fpl$ffltu) for __aeabi_ui2f
    main.o(.text) refers to f2d.o(x$fpl$f2d) for __aeabi_f2d
    main.o(.text) refers to dmul.o(x$fpl$dmul) for __aeabi_dmul
    main.o(.text) refers to ddiv.o(x$fpl$ddiv) for __aeabi_ddiv
    main.o(.text) refers to d2f.o(x$fpl$d2f) for __aeabi_d2f
    main.o(.text) refers to drleqf.o(x$fpl$drleqf) for __aeabi_cdrcmple
    main.o(.text) refers to dleqf.o(x$fpl$dleqf) for __aeabi_cdcmple
    main.o(.text) refers to daddsub_clz.o(x$fpl$drsb) for __aeabi_drsub
    main.o(.text) refers to strtok.o(.text) for strtok
    main.o(.text) refers to atoi.o(.text) for atoi
    main.o(.text) refers to fflt_clz.o(x$fpl$fflt) for __aeabi_i2f
    main.o(.text) refers to key.o(.text) for KEY_Scan
    main.o(.text) refers to dht11.o(.text) for DHT11_Read_Data
    main.o(.text) refers to noretval__2printf.o(.text) for __2printf
    main.o(.text) refers to stm32f10x_gpio.o(.text) for GPIO_Init
    main.o(.text) refers to main.o(.data) for MQ2_X
    main.o(.text) refers to main.o(.bss) for rx_buffer
    main.o(.text) refers to main.o(.conststring) for .conststring
    main.o(.text) refers to frleqf.o(x$fpl$frleqf) for __aeabi_cfrcmple
    main.o(.text) refers to fleqf.o(x$fpl$fleqf) for __aeabi_cfcmple
    main.o(.text) refers to sgp30.o(.text) for SGP30_Init
    main.o(.text) refers to delay.o(.text) for delay_ms
    main.o(.text) refers to stm32f10x_usart.o(.text) for USART_Init
    main.o(.text) refers to oled.o(.text) for OLED_ColorTurn
    main.o(.text) refers to noretval__2sprintf.o(.text) for __2sprintf
    main.o(.text) refers to led.o(.text) for LED_Init
    main.o(.text) refers to pump.o(.text) for Pump_Pin_Init
    main.o(.text) refers to rs485.o(.text) for RS485_Init
    main.o(.text) refers to dflt_clz.o(x$fpl$dfltu) for __aeabi_ui2d
    system_stm32f10x.o(.text) refers to system_stm32f10x.o(.data) for SystemCoreClock
    led.o(.text) refers to stm32f10x_rcc.o(.text) for RCC_APB2PeriphClockCmd
    led.o(.text) refers to stm32f10x_gpio.o(.text) for GPIO_Init
    key.o(.text) refers to stm32f10x_rcc.o(.text) for RCC_APB2PeriphClockCmd
    key.o(.text) refers to stm32f10x_gpio.o(.text) for GPIO_Init
    key.o(.text) refers to delay.o(.text) for delay_ms
    key.o(.text) refers to oled.o(.text) for OLED_Clear
    key.o(.text) refers to f2d.o(x$fpl$f2d) for __aeabi_f2d
    key.o(.text) refers to daddsub_clz.o(x$fpl$dadd) for __aeabi_dadd
    key.o(.text) refers to d2f.o(x$fpl$d2f) for __aeabi_d2f
    key.o(.text) refers to deqf.o(x$fpl$deqf) for __aeabi_cdcmpeq
    key.o(.text) refers to drleqf.o(x$fpl$drleqf) for __aeabi_cdrcmple
    key.o(.text) refers to dflt_clz.o(x$fpl$dfltu) for __aeabi_ui2d
    key.o(.text) refers to dfixu.o(x$fpl$dfixu) for __aeabi_d2uiz
    key.o(.text) refers to daddsub_clz.o(x$fpl$dsub) for __aeabi_dsub
    key.o(.text) refers to main.o(.data) for oled_menu
    rs485.o(.text) refers to stm32f10x_usart.o(.text) for USART_GetITStatus
    rs485.o(.text) refers to stm32f10x_rcc.o(.text) for RCC_APB2PeriphClockCmd
    rs485.o(.text) refers to stm32f10x_gpio.o(.text) for GPIO_Init
    rs485.o(.text) refers to misc.o(.text) for NVIC_Init
    rs485.o(.text) refers to delay.o(.text) for delay_ms
    rs485.o(.text) refers to rs485.o(.data) for RS485_RX_CNT
    rs485.o(.text) refers to rs485.o(.bss) for RS485_RX_BUF
    pump.o(.text) refers to stm32f10x_rcc.o(.text) for RCC_APB2PeriphClockCmd
    pump.o(.text) refers to stm32f10x_gpio.o(.text) for GPIO_Init
    adc.o(.text) refers to stm32f10x_rcc.o(.text) for RCC_APB2PeriphClockCmd
    adc.o(.text) refers to stm32f10x_gpio.o(.text) for GPIO_Init
    adc.o(.text) refers to stm32f10x_adc.o(.text) for ADC_DeInit
    adc.o(.text) refers to delay.o(.text) for delay_ms
    oled.o(.text) refers to stm32f10x_gpio.o(.text) for GPIO_SetBits
    oled.o(.text) refers to oled.o(.bss) for OLED_GRAM
    oled.o(.text) refers to oled.o(.constdata) for asc2_1206
    oled.o(.text) refers to stm32f10x_rcc.o(.text) for RCC_APB2PeriphClockCmd
    oled.o(.text) refers to delay.o(.text) for delay_ms
[...]
    x$fpl$fcmpinf                            0x0800706a   Section       24  fcmpi.o(x$fpl$fcmpinf)
    x$fpl$fflt                               0x08007084   Section       48  fflt_clz.o(x$fpl$fflt)
    x$fpl$ffltu                              0x080070b4   Section       38  fflt_clz.o(x$fpl$ffltu)
    x$fpl$fleqf                              0x080070dc   Section      104  fleqf.o(x$fpl$fleqf)
    x$fpl$fnaninf                            0x08007144   Section      140  fnaninf.o(x$fpl$fnaninf)
    x$fpl$fretinf                            0x080071d0   Section       10  fretinf.o(x$fpl$fretinf)
    x$fpl$frleqf                             0x080071da   Section       98  frleqf.o(x$fpl$frleqf)
    x$fpl$printf1                            0x0800723c   Section        4  printf1.o(x$fpl$printf1)
    .constdata                               0x08007240   Section     6080  oled.o(.constdata)
    x$fpl$usenofp                            0x08007240   Section        0  usenofp.o(x$fpl$usenofp)
    .constdata                               0x08008a00   Section       17  __printf_flags_wp.o(.constdata)
    maptable                                 0x08008a00   Data          17  __printf_flags_wp.o(.constdata)
    .constdata                               0x08008a14   Section      148  bigflt0.o(.constdata)
    tenpwrs_x                                0x08008a14   Data          60  bigflt0.o(.constdata)
    tenpwrs_i                                0x08008a50   Data          64  bigflt0.o(.constdata)
    .conststring                             0x08008aa8   Section      218  main.o(.conststring)
    locale$$data                             0x08008ba4   Section       28  lc_numeric_c.o(locale$$data)
    __lcnum_c_name                           0x08008ba8   Data           2  lc_numeric_c.o(locale$$data)
    __lcnum_c_start                          0x08008bb0   Data           0  lc_numeric_c.o(locale$$data)
    __lcnum_c_point                          0x08008bbc   Data           0  lc_numeric_c.o(locale$$data)
    __lcnum_c_thousands                      0x08008bbe   Data           0  lc_numeric_c.o(locale$$data)
    __lcnum_c_grouping                       0x08008bbf   Data           0  lc_numeric_c.o(locale$$data)
    locale$$data                             0x08008bc0   Section      272  lc_ctype_c.o(locale$$data)
    __lcnum_c_end                            0x08008bc0   Data           0  lc_numeric_c.o(locale$$data)
    __lcctype_c_name                         0x08008bc4   Data           2  lc_ctype_c.o(locale$$data)
    __lcctype_c_start                        0x08008bcc   Data           0  lc_ctype_c.o(locale$$data)
    __lcctype_c_end                          0x08008cd0   Data           0  lc_ctype_c.o(locale$$data)
    .data                                    0x20000000   Section      153  main.o(.data)
    .data                                    0x2000009c   Section       20  system_stm32f10x.o(.data)
    .data                                    0x200000b0   Section        1  rs485.o(.data)
    .data                                    0x200000b1   Section     5176  oled.o(.data)
    .data                                    0x200014ea   Section        4  delay.o(.data)
    fac_us                                   0x200014ea   Data           1  delay.o(.data)
    fac_ms                                   0x200014ec   Data           2  delay.o(.data)
    .data                                    0x200014f0   Section       10  usart.o(.data)
    .data                                    0x200014fa   Section       20  stm32f10x_rcc.o(.data)
    APBAHBPrescTable                         0x200014fa   Data          16  stm32f10x_rcc.o(.data)
    ADCPrescTable                            0x2000150a   Data           4  stm32f10x_rcc.o(.data)
    .data                                    0x20001510   Section        4  strtok.o(.data)
    _strtok_saves1                           0x20001510   Data           4  strtok.o(.data)
    .bss                                     0x20001514   Section      300  main.o(.bss)
    .bss                                     0x20001640   Section       64  rs485.o(.bss)
    .bss                                     0x20001680   Section     1152  oled.o(.bss)
    .bss                                     0x20001b00   Section       96  libspace.o(.bss)
    HEAP                                     0x20001b60   Section      512  startup_stm32f10x_md.o(HEAP)
    Heap_Mem                                 0x20001b60   Data         512  startup_stm32f10x_md.o(HEAP)
    STACK                                    0x20001d60   Section     1024  startup_stm32f10x_md.o(STACK)
    Stack_Mem                                0x20001d60   Data        1024  startup_stm32f10x_md.o(STACK)
    __initial_sp                             0x20002160   Data           0  startup_stm32f10x_md.o(STACK)

    Global Symbols

    Symbol Name                              Value     Ov Type        Size  Object(Section)

    BuildAttributes$$THM_ISAv4$P$D$K$B$S$PE$A:L22UL41UL21$X:L11$S22US41US21$IEEE1$IW$USESV6$~STKCKD$USESV7$~SHL$OTIME$ROPI$IEEEJ$EBA8$UX$STANDARDLIB$REQ8$PRES8$EABIv2 0x00000000   Number         0  anon$$obj.o ABSOLUTE
    __ARM_use_no_argv                        0x00000000   Number         0  main.o ABSOLUTE
    _printf_flags                            0x00000000   Number         0  printf_stubs.o ABSOLUTE
    _printf_return_value                     0x00000000   Number         0  printf_stubs.o ABSOLUTE
    _printf_sizespec                         0x00000000   Number         0  printf_stubs.o ABSOLUTE
    _printf_widthprec                        0x00000000   Number         0  printf_stubs.o ABSOLUTE
    __ARM_exceptions_init                     - Undefined Weak Reference
    __alloca_initialize                       - Undefined Weak Reference
    __arm_preinit_                            - Undefined Weak Reference
    __cpp_initialize__aeabi_                  - Undefined Weak Reference
    __cxa_finalize                            - Undefined Weak Reference
    __sigvec_lookup                           - Undefined Weak Reference
    _atexit_init                              - Undefined Weak Reference
    _call_atexit_fns                          - Undefined Weak Reference
    _clock_init                               - Undefined Weak Reference
    _fp_trap_init                             - Undefined Weak Reference
    _fp_trap_shutdown                         - Undefined Weak Reference
    _get_lc_collate                           - Undefined Weak Reference
    _get_lc_monetary                          - Undefined Weak Reference
    _get_lc_time                              - Undefined Weak Reference
    _getenv_init                              - Undefined Weak Reference
    _handle_redirection                       - Undefined Weak Reference
    _init_alloc                               - Undefined Weak Reference
    _init_user_alloc                          - Undefined Weak Reference
    _initio                                   - Undefined Weak Reference
    _mutex_acquire                            - Undefined Weak Reference
    _mutex_release                            - Undefined Weak Reference
    _printf_post_padding                      - Undefined Weak Reference
    _printf_pre_padding                       - Undefined Weak Reference
    _printf_truncate_signed                   - Undefined Weak Reference
    _printf_truncate_unsigned                 - Undefined Weak Reference
    _rand_init                                - Undefined Weak Reference
    _scanf_longlong                           - Undefined Weak Reference
    _scanf_mbtowc                             - Undefined Weak Reference
    _scanf_real                               - Undefined Weak Reference
    _scanf_string                             - Undefined Weak Reference
    _scanf_wctomb                             - Undefined Weak Reference
    _scanf_wstring                            - Undefined Weak Reference
    _signal_finish                            - Undefined Weak Reference
    _signal_init                              - Undefined Weak Reference
    _terminate_alloc                          - Undefined Weak Reference
    _terminate_user_alloc                     - Undefined Weak Reference
    _terminateio                              - Undefined Weak Reference
    __Vectors_Size                           0x000000ec   Number         0  startup_stm32f10x_md.o ABSOLUTE
    __Vectors                                0x08000000   Data           4  startup_stm32f10x_md.o(RESET)
    __Vectors_End                            0x080000ec   Data           0  startup_stm32f10x_md.o(RESET)
    __main                                   0x080000ed   Thumb Code     8  __main.o(!!!main)
    __scatterload                            0x080000f5   Thumb Code     0  __scatter.o(!!!scatter)
    __scatterload_rt2                        0x080000f5   Thumb Code    44  __scatter.o(!!!scatter)
    __scatterload_rt2_thumb_only             0x080000f5   Thumb Code     0  __scatter.o(!!!scatter)
    __scatterload_null                       0x08000103   Thumb Code     0  __scatter.o(!!!scatter)
    __decompress                             0x08000129   Thumb Code    90  __dczerorl2.o(!!dczerorl2)
    __decompress1                            0x08000129   Thumb Code     0  __dczerorl2.o(!!dczerorl2)
    __scatterload_zeroinit                   0x08000185   Thumb Code    28  __scatter_zi.o(!!handler_zi)
    _printf_f                                0x080001a1   Thumb Code     0  _printf_f.o(.ARM.Collect$$_printf_percent$$00000003)
    _printf_percent                          0x080001a1   Thumb Code     0  _printf_percent.o(.ARM.Collect$$_printf_percent$$00000000)
    _printf_d                                0x080001a7   Thumb Code     0  _printf_d.o(.ARM.Collect$$_printf_percent$$00000009)
    _printf_percent_end                      0x080001ad   Thumb Code     0  _printf_percent_end.o(.ARM.Collect$$_printf_percent$$00000017)
    __rt_lib_init                            0x080001b1   Thumb Code     0  libinit.o(.ARM.Collect$$libinit$$00000000)
    __rt_lib_init_fp_1                       0x080001b3   Thumb Code     0  libinit2.o(.ARM.Collect$$libinit$$00000002)
    __rt_lib_init_heap_1                     0x080001b3   Thumb Code     0  libinit2.o(.ARM.Collect$$libinit$$0000000A)
    __rt_lib_init_lc_common                  0x080001b3   Thumb Code     0  libinit2.o(.ARM.Collect$$libinit$$0000000F)
    __rt_lib_init_preinit_1                  0x080001b3   Thumb Code     0  libinit2.o(.ARM.Collect$$libinit$$00000004)
    __rt_lib_init_rand_1                     0x080001b3   Thumb Code     0  libinit2.o(.ARM.Collect$$libinit$$0000000E)
    __rt_lib_init_user_alloc_1               0x080001b3   Thumb Code     0  libinit2.o(.ARM.Collect$$libinit$$0000000C)
    __rt_lib_init_lc_collate_1               0x080001b9   Thumb Code     0  libinit2.o(.ARM.Collect$$libinit$$00000011)
    __rt_lib_init_lc_ctype_2                 0x080001b9   Thumb Code     0  libinit2.o(.ARM.Collect$$libinit$$00000012)
    __rt_lib_init_lc_ctype_1                 0x080001c5   Thumb Code     0  libinit2.o(.ARM.Collect$$libinit$$00000013)
    __rt_lib_init_lc_monetary_1              0x080001c5   Thumb Code     0  libinit2.o(.ARM.Collect$$libinit$$00000015)
    __rt_lib_init_lc_numeric_2               0x080001c5   Thumb Code     0  libinit2.o(.ARM.Collect$$libinit$$00000016)
    __rt_lib_init_alloca_1                   0x080001cf   Thumb Code     0  libinit2.o(.ARM.Collect$$libinit$$0000002E)
    __rt_lib_init_argv_1                     0x080001cf   Thumb Code     0  libinit2.o(.ARM.Collect$$libinit$$0000002C)
    __rt_lib_init_atexit_1                   0x080001cf   Thumb Code     0  libinit2.o(.ARM.Collect$$libinit$$0000001B)
    __rt_lib_init_clock_1                    0x080001cf   Thumb Code     0  libinit2.o(.ARM.Collect$$libinit$$00000021)
    __rt_lib_init_cpp_1                      0x080001cf   Thumb Code     0  libinit2.o(.ARM.Collect$$libinit$$00000032)
    __rt_lib_init_exceptions_1               0x080001cf   Thumb Code     0  libinit2.o(.ARM.Collect$$libinit$$00000030)
    __rt_lib_init_fp_trap_1                  0x080001cf   Thumb Code     0  libinit2.o(.ARM.Collect$$libinit$$0000001F)
    __rt_lib_init_getenv_1                   0x080001cf   Thumb Code     0  libinit2.o(.ARM.Collect$$libinit$$00000023)
    __rt_lib_init_lc_numeric_1               0x080001cf   Thumb Code     0  libinit2.o(.ARM.Collect$$libinit$$00000017)
    __rt_lib_init_lc_time_1                  0x080001cf   Thumb Code     0  libinit2.o(.ARM.Collect$$libinit$$00000019)
    __rt_lib_init_return                     0x080001cf   Thumb Code     0  libinit2.o(.ARM.Collect$$libinit$$00000033)
    __rt_lib_init_signal_1                   0x080001cf   Thumb Code     0  libinit2.o(.ARM.Collect$$libinit$$0000001D)
    __rt_lib_init_stdio_1                    0x080001cf   Thumb Code     0  libinit2.o(.ARM.Collect$$libinit$$00000025)
    __rt_lib_shutdown                        0x080001d1   Thumb Code     0  libshutdown.o(.ARM.Collect$$libshutdown$$00000000)
    __rt_lib_shutdown_cpp_1                  0x080001d3   Thumb Code     0  libshutdown2.o(.ARM.Collect$$libshutdown$$00000002)
    __rt_lib_shutdown_fp_trap_1              0x080001d3   Thumb Code     0  libshutdown2.o(.ARM.Collect$$libshutdown$$00000007)
    __rt_lib_shutdown_heap_1                 0x080001d3   Thumb Code     0  libshutdown2.o(.ARM.Collect$$libshutdown$$0000000F)
    __rt_lib_shutdown_return                 0x080001d3   Thumb Code     0  libshutdown2.o(.ARM.Collect$$libshutdown$$00000010)
    __rt_lib_shutdown_signal_1               0x080001d3   Thumb Code     0  libshutdown2.o(.ARM.Collect$$libshutdown$$0000000A)
    __rt_lib_shutdown_stdio_1                0x080001d3   Thumb Code     0  libshutdown2.o(.ARM.Collect$$libshutdown$$00000004)
    __rt_lib_shutdown_user_alloc_1           0x080001d3   Thumb Code     0  libshutdown2.o(.ARM.Collect$$libshutdown$$0000000C)
    __rt_entry                               0x080001d5   Thumb Code     0  __rtentry.o(.ARM.Collect$$rtentry$$00000000)
    __rt_entry_presh_1                       0x080001d5   Thumb Code     0  __rtentry2.o(.ARM.Collect$$rtentry$$00000002)
    __rt_entry_sh                            0x080001d5   Thumb Code     0  __rtentry4.o(.ARM.Collect$$rtentry$$00000004)
    __rt_entry_li                            0x080001db   Thumb Code     0  __rtentry2.o(.ARM.Collect$$rtentry$$0000000A)
    __rt_entry_postsh_1                      0x080001db   Thumb Code     0  __rtentry2.o(.ARM.Collect$$rtentry$$00000009)
    __rt_entry_main                          0x080001df   Thumb Code     0  __rtentry2.o(.ARM.Collect$$rtentry$$0000000D)
    __rt_entry_postli_1                      0x080001df   Thumb Code     0  __rtentry2.o(.ARM.Collect$$rtentry$$0000000C)
    __rt_exit                                0x080001e7   Thumb Code     0  rtexit.o(.ARM.Collect$$rtexit$$00000000)
    __rt_exit_ls                             0x080001e9   Thumb Code     0  rtexit2.o(.ARM.Collect$$rtexit$$00000003)
    __rt_exit_prels_1                        0x080001e9   Thumb Code     0  rtexit2.o(.ARM.Collect$$rtexit$$00000002)
    __rt_exit_exit                           0x080001ed   Thumb Code     0  rtexit2.o(.ARM.Collect$$rtexit$$00000004)
    concatenateAndConvertToDecimal           0x080001f5   Thumb Code     8  main.o(.text)
    time2_config                             0x080001fd   Thumb Code   116  main.o(.text)
    MQ_Value_Conversion                      0x08000271   Thumb Code   328  main.o(.text)
    parse_frame                              0x080003b9   Thumb Code   188  main.o(.text)
    TIM2_IRQHandler                          0x08000475   Thumb Code   468  main.o(.text)
    PWM_StopAndPullLow                       0x08000649   Thumb Code   216  main.o(.text)
    PWM_Start                                0x08000721   Thumb Code    40  main.o(.text)
    check_move                               0x08000749   Thumb Code   260  main.o(.text)
    SGP30_ALL_INIT                           0x0800084d   Thumb Code   114  main.o(.text)
    USART1_Init                              0x080008bf   Thumb Code   154  main.o(.text)
    USART1_IRQHandler                        0x08000959   Thumb Code    82  main.o(.text)
    Oled_show                                0x080009ab   Thumb Code  1272  main.o(.text)
    PWM_owm_Init                             0x08000ea3   Thumb Code   138  main.o(.text)
    main                                     0x08000f2d   Thumb Code   722  main.o(.text)
    NMI_Handler                              0x08001215   Thumb Code     2  stm32f10x_it.o(.text)
    HardFault_Handler                        0x08001217   Thumb Code     4  stm32f10x_it.o(.text)
    MemManage_Handler                        0x0800121b   Thumb Code     4  stm32f10x_it.o(.text)
    BusFault_Handler                         0x0800121f   Thumb Code     4  stm32f10x_it.o(.text)
    UsageFault_Handler                       0x08001223   Thumb Code     4  stm32f10x_it.o(.text)
    SVC_Handler                              0x08001227   Thumb Code     2  stm32f10x_it.o(.text)
    DebugMon_Handler                         0x08001229   Thumb Code     2  stm32f10x_it.o(.text)
    PendSV_Handler                           0x0800122b   Thumb Code     2  stm32f10x_it.o(.text)
    SysTick_Handler                          0x0800122d   Thumb Code     2  stm32f10x_it.o(.text)
    SystemInit                               0x0800130f   Thumb Code    78  system_stm32f10x.o(.text)
    SystemCoreClockUpdate                    0x0800135d   Thumb Code   142  system_stm32f10x.o(.text)
    LED_Init                                 0x08001411   Thumb Code   156  led.o(.text)
    KEY_Init                                 0x080014b5   Thumb Code    34  key.o(.text)
    KEY_Scan                                 0x080014d7   Thumb Code  1980  key.o(.text)
    USART2_IRQHandler                        0x08001cd1   Thumb Code    50  rs485.o(.text)
    RS485_Init                               0x08001d03   Thumb Code   200  rs485.o(.text)
    RS485_Send_Data                          0x08001dcb   Thumb Code    72  rs485.o(.text)
    RS485_Receive_Data                       0x08001e13   Thumb Code    68  rs485.o(.text)
    Pump_Pin_Init                            0x08001e6d   Thumb Code    88  pump.o(.text)
    ADC_Init_All                             0x08001ec9   Thumb Code   132  adc.o(.text)
    ADC_GetValue                             0x08001f4d   Thumb Code    46  adc.o(.text)
    temp_Get_Adc_Average                     0x08001f7b   Thumb Code    46  adc.o(.text)
    I2C_Stop                                 0x08001fb1   Thumb Code    28  oled.o(.text)
    I2C_WaitAck                              0x08001fcd   Thumb Code    20  oled.o(.text)
    Send_Byte                                0x08001fe1   Thumb Code    70  oled.o(.text)
    I2C_Start                                0x08002027   Thumb Code    36  oled.o(.text)
    OLED_WR_Byte                             0x0800204b   Thumb Code    56  oled.o(.text)
    OLED_ColorTurn                           0x08002083   Thumb Code    28  oled.o(.text)
    OLED_DisplayTurn                         0x0800209f   Thumb Code    44  oled.o(.text)
    OLED_DisPlay_On                          0x080020cb   Thumb Code    28  oled.o(.text)
    OLED_DisPlay_Off                         0x080020e7   Thumb Code    28  oled.o(.text)
    OLED_Refresh                             0x08002103   Thumb Code    70  oled.o(.text)
    OLED_Clear                               0x08002149   Thumb Code    42  oled.o(.text)
    OLED_DrawPoint                           0x08002173   Thumb Code    54  oled.o(.text)
    OLED_ClearPoint                          0x080021a9   Thumb Code    90  oled.o(.text)
    OLED_ShowChar                            0x08002203   Thumb Code   240  oled.o(.text)
    OLED_ShowString                          0x080022f3   Thumb Code    66  oled.o(.text)
    OLED_Pow                                 0x08002335   Thumb Code    22  oled.o(.text)
    OLED_ShowNum                             0x0800234b   Thumb Code   138  oled.o(.text)
    OLED_ShowChinese                         0x080023d5   Thumb Code   248  oled.o(.text)
    OLED_ScrollDisplay                       0x080024cd   Thumb Code   160  oled.o(.text)
    OLED_WR_BP                               0x0800256d   Thumb Code    46  oled.o(.text)
    OLED_ShowPicture                         0x0800259b   Thumb Code    98  oled.o(.text)
    OLED_Init                                0x080025fd   Thumb Code   360  oled.o(.text)
    SGP30_GPIO_Init                          0x08002781   Thumb Code    52  sgp30.o(.text)
    SDA_OUT                                  0x080027b5   Thumb Code    30  sgp30.o(.text)
    SDA_IN                                   0x080027d3   Thumb Code    30  sgp30.o(.text)
    SGP30_IIC_Start                          0x080027f1   Thumb Code    46  sgp30.o(.text)
    SGP30_IIC_Stop                           0x0800281f   Thumb Code    48  sgp30.o(.text)
    SGP30_IIC_Wait_Ack                       0x0800284f   Thumb Code    74  sgp30.o(.text)
    SGP30_IIC_Ack                            0x08002899   Thumb Code    52  sgp30.o(.text)
    SGP30_IIC_NAck                           0x080028cd   Thumb Code    52  sgp30.o(.text)
    SGP30_IIC_Send_Byte                      0x08002901   Thumb Code    92  sgp30.o(.text)
    SGP30_IIC_Read_Byte                      0x0800295d   Thumb Code    88  sgp30.o(.text)
    SGP30_Write                              0x080029b5   Thumb Code    52  sgp30.o(.text)
    SGP30_Init                               0x080029e9   Thumb Code    16  sgp30.o(.text)
    SGP30_Read                               0x080029f9   Thumb Code    72  sgp30.o(.text)
    DHT11_IO_OUT                             0x08002a4d   Thumb Code    32  dht11.o(.text)
    DHT11_IO_IN                              0x08002a6d   Thumb Code    26  dht11.o(.text)
    DHT11_RST                                0x08002a87   Thumb Code    40  dht11.o(.text)
    DHT11_Check                              0x08002aaf   Thumb Code    88  dht11.o(.text)
    DHT11_Init                               0x08002b07   Thumb Code    20  dht11.o(.text)
    DHT11_Read_Bit                           0x08002b1b   Thumb Code    90  dht11.o(.text)
    DHT11_Read_Byte                          0x08002b75   Thumb Code    30  dht11.o(.text)
    DHT11_Read_Data                          0x08002b93   Thumb Code    88  dht11.o(.text)
    delay_init                               0x08002bf1   Thumb Code    50  delay.o(.text)
    delay_us                                 0x08002c23   Thumb Code    72  delay.o(.text)
    delay_ms                                 0x08002c6b   Thumb Code    72  delay.o(.text)
    _sys_exit                                0x08002cc5   Thumb Code     4  usart.o(.text)
    fputc                                    0x08002cc9   Thumb Code    24  usart.o(.text)
    uart_init                                0x08002ce1   Thumb Code   152  usart.o(.text)
    parse_string                             0x08002d79   Thumb Code    36  usart.o(.text)
    Reset_Handler                            0x08002db5   Thumb Code     8  startup_stm32f10x_md.o(.text)
    ADC1_2_IRQHandler                        0x08002dcf   Thumb Code     0  startup_stm32f10x_md.o(.text)
    CAN1_RX1_IRQHandler                      0x08002dcf   Thumb Code     0  startup_stm32f10x_md.o(.text)
    CAN1_SCE_IRQHandler                      0x08002dcf   Thumb Code     0  startup_stm32f10x_md.o(.text)
    DMA1_Channel1_IRQHandler                 0x08002dcf   Thumb Code     0  startup_stm32f10x_md.o(.text)
    DMA1_Channel2_IRQHandler                 0x08002dcf   Thumb Code     0  startup_stm32f10x_md.o(.text)
    DMA1_Channel3_IRQHandler                 0x08002dcf   Thumb Code     0  startup_stm32f10x_md.o(.text)
    DMA1_Channel4_IRQHandler                 0x08002dcf   Thumb Code     0  startup_stm32f10x_md.o(.text)
    DMA1_Channel5_IRQHandler                 0x08002dcf   Thumb Code     0  startup_stm32f10x_md.o(.text)
    DMA1_Channel6_IRQHandler                 0x08002dcf   Thumb Code     0  startup_stm32f10x_md.o(.text)
    DMA1_Channel7_IRQHandler                 0x08002dcf   Thumb Code     0  startup_stm32f10x_md.o(.text)
    EXTI0_IRQHandler                         0x08002dcf   Thumb Code     0  startup_stm32f10x_md.o(.text)
    EXTI15_10_IRQHandler                     0x08002dcf   Thumb Code     0  startup_stm32f10x_md.o(.text)
    EXTI1_IRQHandler                         0x08002dcf   Thumb Code     0  startup_stm32f10x_md.o(.text)
    EXTI2_IRQHandler                         0x08002dcf   Thumb Code     0  startup_stm32f10x_md.o(.text)
    EXTI3_IRQHandler                         0x08002dcf   Thumb Code     0  startup_stm32f10x_md.o(.text)
    EXTI4_IRQHandler                         0x08002dcf   Thumb Code     0  startup_stm32f10x_md.o(.text)
    EXTI9_5_IRQHandler                       0x08002dcf   Thumb Code     0  startup_stm32f10x_md.o(.text)
    FLASH_IRQHandler                         0x08002dcf   Thumb Code     0  startup_stm32f10x_md.o(.text)
    I2C1_ER_IRQHandler                       0x08002dcf   Thumb Code     0  startup_stm32f10x_md.o(.text)
    I2C1_EV_IRQHandler                       0x08002dcf   Thumb Code     0  startup_stm32f10x_md.o(.text)
    I2C2_ER_IRQHandler                       0x08002dcf   Thumb Code     0  startup_stm32f10x_md.o(.text)
    I2C2_EV_IRQHandler                       0x08002dcf   Thumb Code     0  startup_stm32f10x_md.o(.text)
    PVD_IRQHandler                           0x08002dcf   Thumb Code     0  startup_stm32f10x_md.o(.text)
    RCC_IRQHandler                           0x08002dcf   Thumb Code     0  startup_stm32f10x_md.o(.text)
    RTCAlarm_IRQHandler                      0x08002dcf   Thumb Code     0  startup_stm32f10x_md.o(.text)
    RTC_IRQHandler                           0x08002dcf   Thumb Code     0  startup_stm32f10x_md.o(.text)
    SPI1_IRQHandler                          0x08002dcf   Thumb Code     0  startup_stm32f10x_md.o(.text)
    SPI2_IRQHandler                          0x08002dcf   Thumb Code     0  startup_stm32f10x_md.o(.text)
    TAMPER_IRQHandler                        0x08002dcf   Thumb Code     0  startup_stm32f10x_md.o(.text)
    TIM1_BRK_IRQHandler                      0x08002dcf   Thumb Code     0  startup_stm32f10x_md.o(.text)
    TIM1_CC_IRQHandler                       0x08002dcf   Thumb Code     0  startup_stm32f10x_md.o(.text)
    TIM1_TRG_COM_IRQHandler                  0x08002dcf   Thumb Code     0  startup_stm32f10x_md.o(.text)
    TIM1_UP_IRQHandler                       0x08002dcf   Thumb Code     0  startup_stm32f10x_md.o(.text)
    TIM3_IRQHandler                          0x08002dcf   Thumb Code     0  startup_stm32f10x_md.o(.text)
    TIM4_IRQHandler                          0x08002dcf   Thumb Code     0  startup_stm32f10x_md.o(.text)
    USART3_IRQHandler                        0x08002dcf   Thumb Code     0  startup_stm32f10x_md.o(.text)
    USBWakeUp_IRQHandler                     0x08002dcf   Thumb Code     0  startup_stm32f10x_md.o(.text)
    USB_HP_CAN1_TX_IRQHandler                0x08002dcf   Thumb Code     0  startup_stm32f10x_md.o(.text)
    USB_LP_CAN1_RX0_IRQHandler               0x08002dcf   Thumb Code     0  startup_stm32f10x_md.o(.text)
    WWDG_IRQHandler                          0x08002dcf   Thumb Code     0  startup_stm32f10x_md.o(.text)
    __user_initial_stackheap                 0x08002dd1   Thumb Code     0  startup_stm32f10x_md.o(.text)
    NVIC_PriorityGroupConfig                 0x08002df5   Thumb Code    10  misc.o(.text)
    NVIC_Init                                0x08002dff   Thumb Code   100  misc.o(.text)
    NVIC_SetVectorTable                      0x08002e63   Thumb Code    14  misc.o(.text)
    NVIC_SystemLPConfig                      0x08002e71   Thumb Code    34  misc.o(.text)
    SysTick_CLKSourceConfig                  0x08002e93   Thumb Code    40  misc.o(.text)
    GPIO_DeInit                              0x08002ed1   Thumb Code   172  stm32f10x_gpio.o(.text)
    GPIO_AFIODeInit                          0x08002f7d   Thumb Code    20  stm32f10x_gpio.o(.text)
    GPIO_Init                                0x08002f91   Thumb Code   278  stm32f10x_gpio.o(.text)
    GPIO_StructInit                          0x080030a7   Thumb Code    16  stm32f10x_gpio.o(.text)
    GPIO_ReadInputDataBit                    0x080030b7   Thumb Code    18  stm32f10x_gpio.o(.text)
    GPIO_ReadInputData                       0x080030c9   Thumb Code     8  stm32f10x_gpio.o(.text)
    GPIO_ReadOutputDataBit                   0x080030d1   Thumb Code    18  stm32f10x_gpio.o(.text)
    GPIO_ReadOutputData                      0x080030e3   Thumb Code     8  stm32f10x_gpio.o(.text)
    GPIO_SetBits                             0x080030eb   Thumb Code     4  stm32f10x_gpio.o(.text)
    GPIO_ResetBits                           0x080030ef   Thumb Code     4  stm32f10x_gpio.o(.text)
    GPIO_WriteBit                            0x080030f3   Thumb Code    10  stm32f10x_gpio.o(.text)
    GPIO_Write                               0x080030fd   Thumb Code     4  stm32f10x_gpio.o(.text)
    GPIO_PinLockConfig                       0x08003101   Thumb Code    18  stm32f10x_gpio.o(.text)
    GPIO_EventOutputConfig                   0x08003113   Thumb Code    26  stm32f10x_gpio.o(.text)
    GPIO_EventOutputCmd                      0x0800312d   Thumb Code     6  stm32f10x_gpio.o(.text)
    GPIO_PinRemapConfig                      0x08003133   Thumb Code   138  stm32f10x_gpio.o(.text)
    GPIO_EXTILineConfig                      0x080031bd   Thumb Code    66  stm32f10x_gpio.o(.text)
    GPIO_ETH_MediaInterfaceConfig            0x080031ff   Thumb Code     8  stm32f10x_gpio.o(.text)
    RCC_DeInit                               0x0800322d   Thumb Code    64  stm32f10x_rcc.o(.text)
    RCC_HSEConfig                            0x0800326d   Thumb Code    70  stm32f10x_rcc.o(.text)
    RCC_GetFlagStatus                        0x080032b3   Thumb Code    56  stm32f10x_rcc.o(.text)
    RCC_WaitForHSEStartUp                    0x080032eb   Thumb Code    56  stm32f10x_rcc.o(.text)
    RCC_AdjustHSICalibrationValue            0x08003323   Thumb Code    20  stm32f10x_rcc.o(.text)
    RCC_HSICmd                               0x08003337   Thumb Code     6  stm32f10x_rcc.o(.text)
    RCC_PLLConfig                            0x0800333d   Thumb Code    24  stm32f10x_rcc.o(.text)
    RCC_PLLCmd                               0x08003355   Thumb Code     6  stm32f10x_rcc.o(.text)
    RCC_SYSCLKConfig                         0x0800335b   Thumb Code    18  stm32f10x_rcc.o(.text)
    RCC_GetSYSCLKSource                      0x0800336d   Thumb Code    10  stm32f10x_rcc.o(.text)
    RCC_HCLKConfig                           0x08003377   Thumb Code    18  stm32f10x_rcc.o(.text)
    RCC_PCLK1Config                          0x08003389   Thumb Code    18  stm32f10x_rcc.o(.text)
    RCC_PCLK2Config                          0x0800339b   Thumb Code    20  stm32f10x_rcc.o(.text)
    RCC_ITConfig                             0x080033af   Thumb Code    26  stm32f10x_rcc.o(.text)
    RCC_USBCLKConfig                         0x080033c9   Thumb Code     8  stm32f10x_rcc.o(.text)
    RCC_ADCCLKConfig                         0x080033d1   Thumb Code    18  stm32f10x_rcc.o(.text)
    RCC_LSEConfig                            0x080033e3   Thumb Code    50  stm32f10x_rcc.o(.text)
    RCC_LSICmd                               0x08003415   Thumb Code     6  stm32f10x_rcc.o(.text)
    RCC_RTCCLKConfig                         0x0800341b   Thumb Code    12  stm32f10x_rcc.o(.text)
    RCC_RTCCLKCmd                            0x08003427   Thumb Code     8  stm32f10x_rcc.o(.text)
    RCC_GetClocksFreq                        0x0800342f   Thumb Code   192  stm32f10x_rcc.o(.text)
    RCC_AHBPeriphClockCmd                    0x080034ef   Thumb Code    26  stm32f10x_rcc.o(.text)
    RCC_APB2PeriphClockCmd                   0x08003509   Thumb Code    26  stm32f10x_rcc.o(.text)
    RCC_APB1PeriphClockCmd                   0x08003523   Thumb Code    26  stm32f10x_rcc.o(.text)
    RCC_APB2PeriphResetCmd                   0x0800353d   Thumb Code    26  stm32f10x_rcc.o(.text)
    RCC_APB1PeriphResetCmd                   0x08003557   Thumb Code    26  stm32f10x_rcc.o(.text)
    RCC_BackupResetCmd                       0x08003571   Thumb Code     8  stm32f10x_rcc.o(.text)
    RCC_ClockSecuritySystemCmd               0x08003579   Thumb Code     6  stm32f10x_rcc.o(.text)
    RCC_MCOConfig                            0x0800357f   Thumb Code     6  stm32f10x_rcc.o(.text)
    RCC_ClearFlag                            0x08003585   Thumb Code    14  stm32f10x_rcc.o(.text)
    RCC_GetITStatus                          0x08003593   Thumb Code    20  stm32f10x_rcc.o(.text)
    RCC_ClearITPendingBit                    0x080035a7   Thumb Code     6  stm32f10x_rcc.o(.text)
    USART_DeInit                             0x080035d1   Thumb Code   134  stm32f10x_usart.o(.text)
    USART_Init                               0x08003657   Thumb Code   210  stm32f10x_usart.o(.text)
    USART_StructInit                         0x08003729   Thumb Code    24  stm32f10x_usart.o(.text)
    USART_ClockInit                          0x08003741   Thumb Code    34  stm32f10x_usart.o(.text)
    USART_ClockStructInit                    0x08003763   Thumb Code    12  stm32f10x_usart.o(.text)
    USART_Cmd                                0x0800376f   Thumb Code    24  stm32f10x_usart.o(.text)
    USART_ITConfig                           0x08003787   Thumb Code    74  stm32f10x_usart.o(.text)
    USART_DMACmd                             0x080037d1   Thumb Code    18  stm32f10x_usart.o(.text)
    USART_SetAddress                         0x080037e3   Thumb Code    18  stm32f10x_usart.o(.text)
    USART_WakeUpConfig                       0x080037f5   Thumb Code    18  stm32f10x_usart.o(.text)
    USART_ReceiverWakeUpCmd                  0x08003807   Thumb Code    24  stm32f10x_usart.o(.text)
    USART_LINBreakDetectLengthConfig         0x0800381f   Thumb Code    18  stm32f10x_usart.o(.text)
    USART_LINCmd                             0x08003831   Thumb Code    24  stm32f10x_usart.o(.text)
    USART_SendData                           0x08003849   Thumb Code     8  stm32f10x_usart.o(.text)
    USART_ReceiveData                        0x08003851   Thumb Code    10  stm32f10x_usart.o(.text)
    USART_SendBreak                          0x0800385b   Thumb Code    10  stm32f10x_usart.o(.text)
    USART_SetGuardTime                       0x08003865   Thumb Code    16  stm32f10x_usart.o(.text)
    USART_SetPrescaler                       0x08003875   Thumb Code    16  stm32f10x_usart.o(.text)
    USART_SmartCardCmd                       0x08003885   Thumb Code    24  stm32f10x_usart.o(.text)
    USART_SmartCardNACKCmd                   0x0800389d   Thumb Code    24  stm32f10x_usart.o(.text)
    USART_HalfDuplexCmd                      0x080038b5   Thumb Code    24  stm32f10x_usart.o(.text)
    USART_OverSampling8Cmd                   0x080038cd   Thumb Code    22  stm32f10x_usart.o(.text)
    USART_OneBitMethodCmd                    0x080038e3   Thumb Code    24  stm32f10x_usart.o(.text)
    USART_IrDAConfig                         0x080038fb   Thumb Code    18  stm32f10x_usart.o(.text)
    USART_IrDACmd                            0x0800390d   Thumb Code    24  stm32f10x_usart.o(.text)
    USART_GetFlagStatus                      0x08003925   Thumb Code    26  stm32f10x_usart.o(.text)
    USART_ClearFlag                          0x0800393f   Thumb Code    18  stm32f10x_usart.o(.text)
    USART_GetITStatus                        0x08003951   Thumb Code    84  stm32f10x_usart.o(.text)
    USART_ClearITPendingBit                  0x080039a5   Thumb Code    52  stm32f10x_usart.o(.text)
    ADC_DeInit                               0x080039d9   Thumb Code    78  stm32f10x_adc.o(.text)
    ADC_Init                                 0x08003a27   Thumb Code    70  stm32f10x_adc.o(.text)
    ADC_StructInit                           0x08003a6d   Thumb Code    18  stm32f10x_adc.o(.text)
    ADC_Cmd                                  0x08003a7f   Thumb Code    22  stm32f10x_adc.o(.text)
    ADC_DMACmd                               0x08003a95   Thumb Code    22  stm32f10x_adc.o(.text)
    ADC_ITConfig                             0x08003aab   Thumb Code    24  stm32f10x_adc.o(.text)
    ADC_ResetCalibration                     0x08003ac3   Thumb Code    10  stm32f10x_adc.o(.text)
    ADC_GetResetCalibrationStatus            0x08003acd   Thumb Code    20  stm32f10x_adc.o(.text)
    ADC_StartCalibration                     0x08003ae1   Thumb Code    10  stm32f10x_adc.o(.text)
    ADC_GetCalibrationStatus                 0x08003aeb   Thumb Code    20  stm32f10x_adc.o(.text)
    ADC_SoftwareStartConvCmd                 0x08003aff   Thumb Code    22  stm32f10x_adc.o(.text)
    ADC_GetSoftwareStartConvStatus           0x08003b15   Thumb Code    20  stm32f10x_adc.o(.text)
    ADC_DiscModeChannelCountConfig           0x08003b29   Thumb Code    24  stm32f10x_adc.o(.text)
    ADC_DiscModeCmd                          0x08003b41   Thumb Code    22  stm32f10x_adc.o(.text)
    ADC_RegularChannelConfig                 0x08003b57   Thumb Code   184  stm32f10x_adc.o(.text)
    ADC_ExternalTrigConvCmd                  0x08003c0f   Thumb Code    22  stm32f10x_adc.o(.text)
    ADC_GetConversionValue                   0x08003c25   Thumb Code     8  stm32f10x_adc.o(.text)
    ADC_GetDualModeConversionValue           0x08003c2d   Thumb Code     8  stm32f10x_adc.o(.text)
    ADC_AutoInjectedConvCmd                  0x08003c35   Thumb Code    22  stm32f10x_adc.o(.text)
    ADC_InjectedDiscModeCmd                  0x08003c4b   Thumb Code    22  stm32f10x_adc.o(.text)
    ADC_ExternalTrigInjectedConvConfig       0x08003c61   Thumb Code    16  stm32f10x_adc.o(.text)
    ADC_ExternalTrigInjectedConvCmd          0x08003c71   Thumb Code    22  stm32f10x_adc.o(.text)
    ADC_SoftwareStartInjectedConvCmd         0x08003c87   Thumb Code    22  stm32f10x_adc.o(.text)
    ADC_GetSoftwareStartInjectedConvCmdStatus 0x08003c9d   Thumb Code    20  stm32f10x_adc.o(.text)
    ADC_InjectedChannelConfig                0x08003cb1   Thumb Code   130  stm32f10x_adc.o(.text)
    ADC_InjectedSequencerLengthConfig        0x08003d33   Thumb Code    24  stm32f10x_adc.o(.text)
    ADC_SetInjectedOffset                    0x08003d4b   Thumb Code    20  stm32f10x_adc.o(.text)
    ADC_GetInjectedConversionValue           0x08003d5f   Thumb Code    28  stm32f10x_adc.o(.text)
    ADC_AnalogWatchdogCmd                    0x08003d7b   Thumb Code    16  stm32f10x_adc.o(.text)
    ADC_AnalogWatchdogThresholdsConfig       0x08003d8b   Thumb Code     6  stm32f10x_adc.o(.text)
    ADC_AnalogWatchdogSingleChannelConfig    0x08003d91   Thumb Code    16  stm32f10x_adc.o(.text)
    ADC_TempSensorVrefintCmd                 0x08003da1   Thumb Code    64  stm32f10x_adc.o(.text)
    ADC_GetFlagStatus                        0x08003de1   Thumb Code    18  stm32f10x_adc.o(.text)
    ADC_ClearFlag                            0x08003df3   Thumb Code     6  stm32f10x_adc.o(.text)
    ADC_GetITStatus                          0x08003df9   Thumb Code    36  stm32f10x_adc.o(.text)
    ADC_ClearITPendingBit                    0x08003e1d   Thumb Code    10  stm32f10x_adc.o(.text)
    TIM_DeInit                               0x08003e29   Thumb Code   424  stm32f10x_tim.o(.text)
    TIM_TimeBaseInit                         0x08003fd1   Thumb Code   122  stm32f10x_tim.o(.text)
    TIM_OC1Init                              0x0800404b   Thumb Code   132  stm32f10x_tim.o(.text)
    TIM_OC2Init                              0x080040cf   Thumb Code   154  stm32f10x_tim.o(.text)
    TIM_OC3Init                              0x08004169   Thumb Code   150  stm32f10x_tim.o(.text)
    TIM_OC4Init                              0x080041ff   Thumb Code   182  stm32f10x_tim.o(.text)
    TIM_SetIC4Prescaler                      0x080042b5   Thumb Code    26  stm32f10x_tim.o(.text)
    TIM_SetIC3Prescaler                      0x08004351   Thumb Code    18  stm32f10x_tim.o(.text)
    TIM_SetIC2Prescaler                      0x080043dd   Thumb Code    26  stm32f10x_tim.o(.text)
    TIM_SetIC1Prescaler                      0x08004479   Thumb Code    18  stm32f10x_tim.o(.text)
    TIM_ICInit                               0x080044f7   Thumb Code   150  stm32f10x_tim.o(.text)
    TIM_PWMIConfig                           0x0800458d   Thumb Code   124  stm32f10x_tim.o(.text)
    TIM_BDTRConfig                           0x08004609   Thumb Code    32  stm32f10x_tim.o(.text)
    TIM_TimeBaseStructInit                   0x08004629   Thumb Code    18  stm32f10x_tim.o(.text)
    TIM_OCStructInit                         0x0800463b   Thumb Code    20  stm32f10x_tim.o(.text)
    TIM_ICStructInit                         0x0800464f   Thumb Code    18  stm32f10x_tim.o(.text)
    TIM_BDTRStructInit                       0x08004661   Thumb Code    40  stm32f10x_tim.o(.text)
    TIM_Cmd                                  0x08004689   Thumb Code    24  stm32f10x_tim.o(.text)
    TIM_CtrlPWMOutputs                       0x080046a1   Thumb Code    30  stm32f10x_tim.o(.text)
    TIM_ITConfig                             0x080046bf   Thumb Code    18  stm32f10x_tim.o(.text)
    TIM_GenerateEvent                        0x080046d1   Thumb Code     4  stm32f10x_tim.o(.text)
    TIM_DMAConfig                            0x080046d5   Thumb Code    10  stm32f10x_tim.o(.text)
    TIM_DMACmd                               0x080046df   Thumb Code    18  stm32f10x_tim.o(.text)
    TIM_InternalClockConfig                  0x080046f1   Thumb Code    12  stm32f10x_tim.o(.text)
    TIM_SelectInputTrigger                   0x080046fd   Thumb Code    18  stm32f10x_tim.o(.text)
    TIM_ITRxExternalClockConfig              0x0800470f   Thumb Code    24  stm32f10x_tim.o(.text)
    TIM_TIxExternalClockConfig               0x08004727   Thumb Code    62  stm32f10x_tim.o(.text)
    TIM_ETRConfig                            0x08004765   Thumb Code    28  stm32f10x_tim.o(.text)
    TIM_ETRClockMode1Config                  0x08004781   Thumb Code    54  stm32f10x_tim.o(.text)
    TIM_ETRClockMode2Config                  0x080047b7   Thumb Code    32  stm32f10x_tim.o(.text)
    TIM_PrescalerConfig                      0x080047d7   Thumb Code     6  stm32f10x_tim.o(.text)
    TIM_CounterModeConfig                    0x080047dd   Thumb Code    18  stm32f10x_tim.o(.text)
    TIM_EncoderInterfaceConfig               0x080047ef   Thumb Code    66  stm32f10x_tim.o(.text)
    TIM_ForcedOC1Config                      0x08004831   Thumb Code    18  stm32f10x_tim.o(.text)
    TIM_ForcedOC2Config                      0x08004843   Thumb Code    26  stm32f10x_tim.o(.text)
    TIM_ForcedOC3Config                      0x0800485d   Thumb Code    18  stm32f10x_tim.o(.text)
    TIM_ForcedOC4Config                      0x0800486f   Thumb Code    26  stm32f10x_tim.o(.text)
    TIM_ARRPreloadConfig                     0x08004889   Thumb Code    24  stm32f10x_tim.o(.text)
    TIM_SelectCOM                            0x080048a1   Thumb Code    24  stm32f10x_tim.o(.text)
    TIM_SelectCCDMA                          0x080048b9   Thumb Code    24  stm32f10x_tim.o(.text)
    TIM_CCPreloadControl                     0x080048d1   Thumb Code    24  stm32f10x_tim.o(.text)
    TIM_OC1PreloadConfig                     0x080048e9   Thumb Code    18  stm32f10x_tim.o(.text)
    TIM_OC2PreloadConfig                     0x080048fb   Thumb Code    26  stm32f10x_tim.o(.text)
    TIM_OC3PreloadConfig                     0x08004915   Thumb Code    18  stm32f10x_tim.o(.text)
    TIM_OC4PreloadConfig                     0x08004927   Thumb Code    26  stm32f10x_tim.o(.text)
    TIM_OC1FastConfig                        0x08004941   Thumb Code    18  stm32f10x_tim.o(.text)
    TIM_OC2FastConfig                        0x08004953   Thumb Code    26  stm32f10x_tim.o(.text)
    TIM_OC3FastConfig                        0x0800496d   Thumb Code    18  stm32f10x_tim.o(.text)
    TIM_OC4FastConfig                        0x0800497f   Thumb Code    26  stm32f10x_tim.o(.text)
    TIM_ClearOC1Ref                          0x08004999   Thumb Code    18  stm32f10x_tim.o(.text)
    TIM_ClearOC2Ref                          0x080049ab   Thumb Code    24  stm32f10x_tim.o(.text)
    TIM_ClearOC3Ref                          0x080049c3   Thumb Code    18  stm32f10x_tim.o(.text)
    TIM_ClearOC4Ref                          0x080049d5   Thumb Code    24  stm32f10x_tim.o(.text)
    TIM_OC1PolarityConfig                    0x080049ed   Thumb Code    18  stm32f10x_tim.o(.text)
    TIM_OC1NPolarityConfig                   0x080049ff   Thumb Code    18  stm32f10x_tim.o(.text)
    TIM_OC2PolarityConfig                    0x08004a11   Thumb Code    26  stm32f10x_tim.o(.text)
    TIM_OC2NPolarityConfig                   0x08004a2b   Thumb Code    26  stm32f10x_tim.o(.text)
    TIM_OC3PolarityConfig                    0x08004a45   Thumb Code    26  stm32f10x_tim.o(.text)
    TIM_OC3NPolarityConfig                   0x08004a5f   Thumb Code    26  stm32f10x_tim.o(.text)
    TIM_OC4PolarityConfig                    0x08004a79   Thumb Code    26  stm32f10x_tim.o(.text)
    TIM_CCxCmd                               0x08004a93   Thumb Code    30  stm32f10x_tim.o(.text)
    TIM_CCxNCmd                              0x08004ab1   Thumb Code    30  stm32f10x_tim.o(.text)
    TIM_SelectOCxM                           0x08004acf   Thumb Code    82  stm32f10x_tim.o(.text)
    TIM_UpdateDisableConfig                  0x08004b21   Thumb Code    24  stm32f10x_tim.o(.text)
    TIM_UpdateRequestConfig                  0x08004b39   Thumb Code    24  stm32f10x_tim.o(.text)
    TIM_SelectHallSensor                     0x08004b51   Thumb Code    24  stm32f10x_tim.o(.text)
    TIM_SelectOnePulseMode                   0x08004b69   Thumb Code    18  stm32f10x_tim.o(.text)
    TIM_SelectOutputTrigger                  0x08004b7b   Thumb Code    18  stm32f10x_tim.o(.text)
    TIM_SelectSlaveMode                      0x08004b8d   Thumb Code    18  stm32f10x_tim.o(.text)
    TIM_SelectMasterSlaveMode                0x08004b9f   Thumb Code    18  stm32f10x_tim.o(.text)
    TIM_SetCounter                           0x08004bb1   Thumb Code     4  stm32f10x_tim.o(.text)
    TIM_SetAutoreload                        0x08004bb5   Thumb Code     4  stm32f10x_tim.o(.text)
    TIM_SetCompare1                          0x08004bb9   Thumb Code     4  stm32f10x_tim.o(.text)
    TIM_SetCompare2                          0x08004bbd   Thumb Code     4  stm32f10x_tim.o(.text)
    TIM_SetCompare3                          0x08004bc1   Thumb Code     4  stm32f10x_tim.o(.text)
    TIM_SetCompare4                          0x08004bc5   Thumb Code     6  stm32f10x_tim.o(.text)
    TIM_SetClockDivision                     0x08004bcb   Thumb Code    18  stm32f10x_tim.o(.text)
    TIM_GetCapture1                          0x08004bdd   Thumb Code     6  stm32f10x_tim.o(.text)
    TIM_GetCapture2                          0x08004be3   Thumb Code     6  stm32f10x_tim.o(.text)
    TIM_GetCapture3                          0x08004be9   Thumb Code     6  stm32f10x_tim.o(.text)
    TIM_GetCapture4                          0x08004bef   Thumb Code     8  stm32f10x_tim.o(.text)
    TIM_GetCounter                           0x08004bf7   Thumb Code     6  stm32f10x_tim.o(.text)
    TIM_GetPrescaler                         0x08004bfd   Thumb Code     6  stm32f10x_tim.o(.text)
    TIM_GetFlagStatus                        0x08004c03   Thumb Code    18  stm32f10x_tim.o(.text)
    TIM_ClearFlag                            0x08004c15   Thumb Code     6  stm32f10x_tim.o(.text)
    TIM_GetITStatus                          0x08004c1b   Thumb Code    34  stm32f10x_tim.o(.text)
    TIM_ClearITPendingBit                    0x08004c3d   Thumb Code     6  stm32f10x_tim.o(.text)
    __use_no_semihosting                     0x08004c43   Thumb Code     2  use_no_semi_2.o(.text)
    __2printf                                0x08004c45   Thumb Code    20  noretval__2printf.o(.text)
    __2sprintf                               0x08004c5d   Thumb Code    34  noretval__2sprintf.o(.text)
    _printf_int_dec                          0x08004c85   Thumb Code   104  _printf_dec.o(.text)
    __printf                                 0x08004cfd   Thumb Code   308  __printf_flags_wp.o(.text)
    __0sscanf                                0x08004e35   Thumb Code    52  __0sscanf.o(.text)
    _scanf_int                               0x08004e71   Thumb Code   332  _scanf_int.o(.text)
    atoi                                     0x08004fbd   Thumb Code    26  atoi.o(.text)
    strtok                                   0x08004fd9   Thumb Code     6  strtok.o(.text)
    __use_two_region_memory                  0x08004fe5   Thumb Code     2  heapauxi.o(.text)
    __rt_heap_escrow$2region                 0x08004fe7   Thumb Code     2  heapauxi.o(.text)
    __rt_heap_expand$2region                 0x08004fe9   Thumb Code     2  heapauxi.o(.text)
    __I$use$semihosting                      0x08004feb   Thumb Code     0  use_no_semi.o(.text)
    __use_no_semihosting_swi                 0x08004feb   Thumb Code     2  use_no_semi.o(.text)
    __aeabi_errno_addr                       0x08004fed   Thumb Code     8  rt_errno_addr_intlibspace.o(.text)
    __errno$intlibspace                      0x08004fed   Thumb Code     0  rt_errno_addr_intlibspace.o(.text)
    __rt_errno_addr$intlibspace              0x08004fed   Thumb Code     0  rt_errno_addr_intlibspace.o(.text)
    _printf_int_common                       0x08004ff5   Thumb Code   178  _printf_intcommon.o(.text)
    __lib_sel_fp_printf                      0x080050a7   Thumb Code     2  _printf_fp_dec.o(.text)
    _printf_fp_dec_real                      0x08005259   Thumb Code   620  _printf_fp_dec.o(.text)
    _printf_char_common                      0x080054cf   Thumb Code    32  _printf_char_common.o(.text)
    _sputc                                   0x080054f5   Thumb Code    10  _sputc.o(.text)
    _printf_char_file                        0x08005501   Thumb Code    32  _printf_char_file.o(.text)
    _chval                                   0x08005525   Thumb Code    28  _chval.o(.text)
    __vfscanf_char                           0x0800554d   Thumb Code    24  scanf_char.o(.text)
    _sgetc                                   0x0800556d   Thumb Code    30  _sgetc.o(.text)
    _sbackspace                              0x0800558b   Thumb Code    34  _sgetc.o(.text)
    strtol                                   0x080055ad   Thumb Code   112  strtol.o(.text)
    __strtok_internal                        0x0800561d   Thumb Code    64  strtok_int.o(.text)
    __user_libspace                          0x08005661   Thumb Code     8  libspace.o(.text)
    __user_perproc_libspace                  0x08005661   Thumb Code     0  libspace.o(.text)
    __user_perthread_libspace                0x08005661   Thumb Code     0  libspace.o(.text)
    __rt_ctype_table                         0x08005669   Thumb Code    16  rt_ctype_table.o(.text)
    __rt_locale                              0x08005679   Thumb Code     8  rt_locale_intlibspace.o(.text)
    _ll_udiv10                               0x08005681   Thumb Code   138  lludiv10.o(.text)
    isspace                                  0x0800570b   Thumb Code    18  isspace.o(.text)
    _printf_fp_infnan                        0x0800571d   Thumb Code   112  _printf_fp_infnan.o(.text)
    __vfscanf                                0x0800579d   Thumb Code   878  _scanf.o(.text)
    _strtoul                                 0x08005b11   Thumb Code   158  _strtoul.o(.text)
    _btod_etento                             0x08005bb1   Thumb Code   224  bigflt0.o(.text)
    ferror                                   0x08005c95   Thumb Code     8  ferror.o(.text)
    strcspn                                  0x08005c9d   Thumb Code    32  strcspn.o(.text)
    strspn                                   0x08005cbd   Thumb Code    28  strspn.o(.text)
    __user_setup_stackheap                   0x08005cd9   Thumb Code    74  sys_stackheap_outer.o(.text)
    exit                                     0x08005d23   Thumb Code    18  exit.o(.text)
    strcmp                                   0x08005d35   Thumb Code   128  strcmpv7m.o(.text)
    _btod_d2e                                0x08005db5   Thumb Code    62  btod.o(CL$$btod_d2e)
    _d2e_denorm_low                          0x08005df3   Thumb Code    70  btod.o(CL$$btod_d2e_denorm_low)
    _d2e_norm_op1                            0x08005e39   Thumb Code    96  btod.o(CL$$btod_d2e_norm_op1)
    __btod_div_common                        0x08005e99   Thumb Code   696  btod.o(CL$$btod_div_common)
    _e2e                                     0x080061d1   Thumb Code   220  btod.o(CL$$btod_e2e)
    _btod_ediv                               0x080062ad   Thumb Code    42  btod.o(CL$$btod_ediv)
    _btod_emul                               0x080062d7   Thumb Code    42  btod.o(CL$$btod_emul)
    __btod_mult_common                       0x08006301   Thumb Code   580  btod.o(CL$$btod_mult_common)
    __ARM_fpclassify                         0x08006545   Thumb Code    40  fpclassify.o(i.__ARM_fpclassify)
    _is_digit                                0x0800656d   Thumb Code    14  __printf_wp.o(i._is_digit)
    _get_lc_numeric                          0x0800657d   Thumb Code    44  lc_numeric_c.o(locale$$code)
    _get_lc_ctype                            0x080065a9   Thumb Code    44  lc_ctype_c.o(locale$$code)
    __aeabi_d2f                              0x080065d5   Thumb Code     0  d2f.o(x$fpl$d2f)
    _d2f                                     0x080065d5   Thumb Code    98  d2f.o(x$fpl$d2f)
    __aeabi_dadd                             0x08006639   Thumb Code     0  daddsub_clz.o(x$fpl$dadd)
    _dadd                                    0x08006639   Thumb Code   332  daddsub_clz.o(x$fpl$dadd)
    __fpl_dcmp_Inf                           0x08006789   Thumb Code    24  dcmpi.o(x$fpl$dcmpinf)
    __aeabi_ddiv                             0x080067a1   Thumb Code     0  ddiv.o(x$fpl$ddiv)
    _ddiv                                    0x080067a1   Thumb Code   552  ddiv.o(x$fpl$ddiv)
    __aeabi_cdcmpeq                          0x08006a51   Thumb Code     0  deqf.o(x$fpl$deqf)
    _dcmpeq                                  0x08006a51   Thumb Code   120  deqf.o(x$fpl$deqf)
    __aeabi_d2uiz                            0x08006ac9   Thumb Code     0  dfixu.o(x$fpl$dfixu)
    _dfixu                                   0x08006ac9   Thumb Code    90  dfixu.o(x$fpl$dfixu)
    __aeabi_ui2d                             0x08006b23   Thumb Code     0  dflt_clz.o(x$fpl$dfltu)
    _dfltu                                   0x08006b23   Thumb Code    38  dflt_clz.o(x$fpl$dfltu)
    __aeabi_cdcmple                          0x08006b49   Thumb Code     0  dleqf.o(x$fpl$dleqf)
    _dcmple                                  0x08006b49   Thumb Code   120  dleqf.o(x$fpl$dleqf)
    __fpl_dcmple_InfNaN                      0x08006bab   Thumb Code     0  dleqf.o(x$fpl$dleqf)
    __aeabi_dmul                             0x08006bc1   Thumb Code     0  dmul.o(x$fpl$dmul)
    _dmul                                    0x08006bc1   Thumb Code   332  dmul.o(x$fpl$dmul)
    __fpl_dnaninf                            0x08006d15   Thumb Code   156  dnaninf.o(x$fpl$dnaninf)
    __fpl_dretinf                            0x08006db1   Thumb Code    12  dretinf.o(x$fpl$dretinf)
    __aeabi_cdrcmple                         0x08006dbd   Thumb Code     0  drleqf.o(x$fpl$drleqf)
    _drcmple                                 0x08006dbd   Thumb Code   108  drleqf.o(x$fpl$drleqf)
    __aeabi_drsub                            0x08006e29   Thumb Code     0  daddsub_clz.o(x$fpl$drsb)
    _drsb                                    0x08006e29   Thumb Code    22  daddsub_clz.o(x$fpl$drsb)
    __aeabi_dsub                             0x08006e41   Thumb Code     0  daddsub_clz.o(x$fpl$dsub)
    _dsub                                    0x08006e41   Thumb Code   464  daddsub_clz.o(x$fpl$dsub)
    __aeabi_f2d                              0x08007015   Thumb Code     0  f2d.o(x$fpl$f2d)
    _f2d                                     0x08007015   Thumb Code    86  f2d.o(x$fpl$f2d)
    __fpl_fcmp_Inf                           0x0800706b   Thumb Code    24  fcmpi.o(x$fpl$fcmpinf)
    __aeabi_i2f                              0x08007085   Thumb Code     0  fflt_clz.o(x$fpl$fflt)
    _fflt                                    0x08007085   Thumb Code    48  fflt_clz.o(x$fpl$fflt)
    __aeabi_ui2f                             0x080070b5   Thumb Code     0  fflt_clz.o(x$fpl$ffltu)
    _ffltu                                   0x080070b5   Thumb Code    38  fflt_clz.o(x$fpl$ffltu)
    __aeabi_cfcmple                          0x080070dd   Thumb Code     0  fleqf.o(x$fpl$fleqf)
    _fcmple                                  0x080070dd   Thumb Code   104  fleqf.o(x$fpl$fleqf)
    __fpl_fcmple_InfNaN                      0x0800712f   Thumb Code     0  fleqf.o(x$fpl$fleqf)
    __fpl_fnaninf                            0x08007145   Thumb Code   140  fnaninf.o(x$fpl$fnaninf)
    __fpl_fretinf                            0x080071d1   Thumb Code    10  fretinf.o(x$fpl$fretinf)
    __aeabi_cfrcmple                         0x080071db   Thumb Code     0  frleqf.o(x$fpl$frleqf)
    _frcmple                                 0x080071db   Thumb Code    98  frleqf.o(x$fpl$frleqf)
    _printf_fp_dec                           0x0800723d   Thumb Code     4  printf1.o(x$fpl$printf1)
    __I$use$fp                               0x08007240   Number         0  usenofp.o(x$fpl$usenofp)
    asc2_1206                                0x08007240   Data        1140  oled.o(.constdata)
    asc2_1608                                0x080076b4   Data        1520  oled.o(.constdata)
    asc2_2412                                0x08007ca4   Data        3420  oled.o(.constdata)
    Region$$Table$$Base                      0x08008b84   Number         0  anon$$obj.o(Region$$Table)
    Region$$Table$$Limit                     0x08008ba4   Number         0  anon$$obj.o(Region$$Table)
    __ctype                                  0x08008bcd   Data           0  lc_ctype_c.o(locale$$data)
    wendu                                    0x20000000   Data           4  main.o(.data)
    shidu                                    0x20000004   Data           4  main.o(.data)
    PH_NUM                                   0x20000008   Data           4  main.o(.data)
    light_per                                0x2000000c   Data           4  main.o(.data)
    wendu_hs                                 0x20000010   Data           4  main.o(.data)
    shidu_hs                                 0x20000014   Data           4  main.o(.data)
    PH_NUM_hs                                0x20000018   Data           4  main.o(.data)
    light_per_hs                             0x2000001c   Data           4  main.o(.data)
    water_per_hs                             0x20000020   Data           4  main.o(.data)
    wendu_ls                                 0x20000024   Data           4  main.o(.data)
    shidu_ls                                 0x20000028   Data           4  main.o(.data)
    PH_NUM_ls                                0x2000002c   Data           4  main.o(.data)
    light_per_ls                             0x20000030   Data           4  main.o(.data)
    CO2Data_ls                               0x20000034   Data           4  main.o(.data)
    CO2Data_hs                               0x20000038   Data           4  main.o(.data)
    MQ2_X_per_ls                             0x2000003c   Data           4  main.o(.data)
    MQ2_X_per_hs                             0x20000040   Data           4  main.o(.data)
    pump_speed                               0x20000044   Data           4  main.o(.data)
    temp                                     0x20000048   Data           1  main.o(.data)
    humi                                     0x20000049   Data           1  main.o(.data)
    CO2Data                                  0x2000004c   Data           4  main.o(.data)
    TVOCData                                 0x20000050   Data           4  main.o(.data)
    sgp30_dat                                0x20000054   Data           4  main.o(.data)
    pump_on_off                              0x20000058   Data           1  main.o(.data)
    num_s                                    0x2000005a   Data           2  main.o(.data)
    oled_menu                                0x2000005c   Data           2  main.o(.data)
    MQ_X_NUM                                 0x20000060   Data           4  main.o(.data)
    MQ2_X                                    0x20000064   Data           4  main.o(.data)
    MQ2_X_per                                0x20000068   Data           4  main.o(.data)
    lIGHT_X                                  0x2000006c   Data           4  main.o(.data)
    lIGHT_X_per                              0x20000070   Data           4  main.o(.data)
    PH_state                                 0x20000074   Data           4  main.o(.data)
    water_state                              0x20000078   Data           4  main.o(.data)
    led_state                                0x2000007c   Data           4  main.o(.data)
    fans_state                               0x20000080   Data           4  main.o(.data)
    count_20ms                               0x20000084   Data           2  main.o(.data)
    count_1s                                 0x20000086   Data           2  main.o(.data)
    count_3s                                 0x20000088   Data           2  main.o(.data)
    count_6s                                 0x2000008a   Data           2  main.o(.data)
    count_10s                                0x2000008c   Data           2  main.o(.data)
    value_count                              0x20000090   Data           4  main.o(.data)
    rx_index                                 0x20000094   Data           2  main.o(.data)
    frame_ready                              0x20000096   Data           1  main.o(.data)
    received_data                            0x20000097   Data           1  main.o(.data)
    ch                                       0x20000098   Data           1  main.o(.data)
    SystemCoreClock                          0x2000009c   Data           4  system_stm32f10x.o(.data)
    AHBPrescTable                            0x200000a0   Data          16  system_stm32f10x.o(.data)
    RS485_RX_CNT                             0x200000b0   Data           1  rs485.o(.data)
    Hzk1                                     0x200000b1   Data         352  oled.o(.data)
    Hzk2                                     0x20000211   Data         216  oled.o(.data)
    Hzk3                                     0x200002e9   Data         512  oled.o(.data)
    Hzk4                                     0x200004e9   Data        4096  oled.o(.data)
    pump_int                                 0x200014f0   Data           4  usart.o(.data)
    __stdout                                 0x200014f4   Data           4  usart.o(.data)
    USART_RX_STA                             0x200014f8   Data           2  usart.o(.data)
    first_show                               0x20001514   Data          30  main.o(.bss)
    second_show                              0x20001532   Data          30  main.o(.bss)
    third_show                               0x20001550   Data          30  main.o(.bss)
    values                                   0x20001570   Data          80  main.o(.bss)
    rx_buffer                                0x200015c0   Data         128  main.o(.bss)
    RS485_RX_BUF                             0x20001640   Data          64  rs485.o(.bss)
    OLED_GRAM                                0x20001680   Data        1152  oled.o(.bss)
    __libspace_start                         0x20001b00   Data          96  libspace.o(.bss)
    __temporary_stack_top$libspace           0x20001b60   Data           0  libspace.o(.bss)



==============================================================================

Memory Map of the image

  Image Entry point : 0x080000ed

  Load Region LR_IROM1 (Base: 0x08000000, Size: 0x0000a1e4, Max: 0x00010000, ABSOLUTE, COMPRESSED[0x00008ec4])

    Execution Region ER_IROM1 (Exec base: 0x08000000, Load base: 0x08000000, Size: 0x00008cd0, Max: 0x00010000, ABSOLUTE)

    Exec Addr    Load Addr    Size         Type   Attr      Idx    E Section Name        Object

    0x08000000   0x08000000   0x000000ec   Data   RO          395    RESET               startup_stm32f10x_md.o
    0x080000ec   0x080000ec   0x00000008   Code   RO          536  * !!!main             c_w.l(__main.o)
    0x080000f4   0x080000f4   0x00000034   Code   RO          840    !!!scatter          c_w.l(__scatter.o)
    0x08000128   0x08000128   0x0000005a   Code   RO          838    !!dczerorl2         c_w.l(__dczerorl2.o)
    0x08000182   0x08000182   0x00000002   PAD
    0x08000184   0x08000184   0x0000001c   Code   RO          842    !!handler_zi        c_w.l(__scatter_zi.o)
    0x080001a0   0x080001a0   0x00000000   Code   RO          524    .ARM.Collect$$_printf_percent$$00000000  c_w.l(_printf_percent.o)
    0x080001a0   0x080001a0   0x00000006   Code   RO          523    .ARM.Collect$$_printf_percent$$00000003  c_w.l(_printf_f.o)
    0x080001a6   0x080001a6   0x00000006   Code   RO          522    .ARM.Collect$$_printf_percent$$00000009  c_w.l(_printf_d.o)
    0x080001ac   0x080001ac   0x00000004   Code   RO          600    .ARM.Collect$$_printf_percent$$00000017  c_w.l(_printf_percent_end.o)
    0x080001b0   0x080001b0   0x00000002   Code   RO          715    .ARM.Collect$$libinit$$00000000  c_w.l(libinit.o)
    0x080001b2   0x080001b2   0x00000000   Code   RO          717    .ARM.Collect$$libinit$$00000002  c_w.l(libinit2.o)
    0x080001b2   0x080001b2   0x00000000   Code   RO          719    .ARM.Collect$$libinit$$00000004  c_w.l(libinit2.o)
    0x080001b2   0x080001b2   0x00000000   Code   RO          722    .ARM.Collect$$libinit$$0000000A  c_w.l(libinit2.o)
    0x080001b2   0x080001b2   0x00000000   Code   RO          724    .ARM.Collect$$libinit$$0000000C  c_w.l(libinit2.o)
    0x080001b2   0x080001b2   0x00000000   Code   RO          726    .ARM.Collect$$libinit$$0000000E  c_w.l(libinit2.o)
    0x080001b2   0x080001b2   0x00000006   Code   RO          727    .ARM.Collect$$libinit$$0000000F  c_w.l(libinit2.o)
    0x080001b8   0x080001b8   0x00000000   Code   RO          729    .ARM.Collect$$libinit$$00000011  c_w.l(libinit2.o)
    0x080001b8   0x080001b8   0x0000000c   Code   RO          730    .ARM.Collect$$libinit$$00000012  c_w.l(libinit2.o)
    0x080001c4   0x080001c4   0x00000000   Code   RO          731    .ARM.Collect$$libinit$$00000013  c_w.l(libinit2.o)
    0x080001c4   0x080001c4   0x00000000   Code   RO          733    .ARM.Collect$$libinit$$00000015  c_w.l(libinit2.o)
    0x080001c4   0x080001c4   0x0000000a   Code   RO          734    .ARM.Collect$$libinit$$00000016  c_w.l(libinit2.o)
    0x080001ce   0x080001ce   0x00000000   Code   RO          735    .ARM.Collect$$libinit$$00000017  c_w.l(libinit2.o)
    0x080001ce   0x080001ce   0x00000000   Code   RO          737    .ARM.Collect$$libinit$$00000019  c_w.l(libinit2.o)
    0x080001ce   0x080001ce   0x00000000   Code   RO          739    .ARM.Collect$$libinit$$0000001B  c_w.l(libinit2.o)
    0x080001ce   0x080001ce   0x00000000   Code   RO          741    .ARM.Collect$$libinit$$0000001D  c_w.l(libinit2.o)
    0x080001ce   0x080001ce   0x00000000   Code   RO          743    .ARM.Collect$$libinit$$0000001F  c_w.l(libinit2.o)
    0x080001ce   0x080001ce   0x00000000   Code   RO          745    .ARM.Collect$$libinit$$00000021  c_w.l(libinit2.o)
    0x080001ce   0x080001ce   0x00000000   Code   RO          747    .ARM.Collect$$libinit$$00000023  c_w.l(libinit2.o)
    0x080001ce   0x080001ce   0x00000000   Code   RO          749    .ARM.Collect$$libinit$$00000025  c_w.l(libinit2.o)
    0x080001ce   0x080001ce   0x00000000   Code   RO          753    .ARM.Collect$$libinit$$0000002C  c_w.l(libinit2.o)
    0x080001ce   0x080001ce   0x00000000   Code   RO          755    .ARM.Collect$$libinit$$0000002E  c_w.l(libinit2.o)
    0x080001ce   0x080001ce   0x00000000   Code   RO          757    .ARM.Collect$$libinit$$00000030  c_w.l(libinit2.o)
    0x080001ce   0x080001ce   0x00000000   Code   RO          759    .ARM.Collect$$libinit$$00000032  c_w.l(libinit2.o)
    0x080001ce   0x080001ce   0x00000002   Code   RO          760    .ARM.Collect$$libinit$$00000033  c_w.l(libinit2.o)
    0x080001d0   0x080001d0   0x00000002   Code   RO          788    .ARM.Collect$$libshutdown$$00000000  c_w.l(libshutdown.o)
    0x080001d2   0x080001d2   0x00000000   Code   RO          797    .ARM.Collect$$libshutdown$$00000002  c_w.l(libshutdown2.o)
    0x080001d2   0x080001d2   0x00000000   Code   RO          799    .ARM.Collect$$libshutdown$$00000004  c_w.l(libshutdown2.o)
    0x080001d2   0x080001d2   0x00000000   Code   RO          802    .ARM.Collect$$libshutdown$$00000007  c_w.l(libshutdown2.o)
    0x080001d2   0x080001d2   0x00000000   Code   RO          805    .ARM.Collect$$libshutdown$$0000000A  c_w.l(libshutdown2.o)
    0x080001d2   0x080001d2   0x00000000   Code   RO          807    .ARM.Collect$$libshutdown$$0000000C  c_w.l(libshutdown2.o)
    0x080001d2   0x080001d2   0x00000000   Code   RO          810    .ARM.Collect$$libshutdown$$0000000F  c_w.l(libshutdown2.o)
    0x080001d2   0x080001d2   0x00000002   Code   RO          811    .ARM.Collect$$libshutdown$$00000010  c_w.l(libshutdown2.o)
    0x080001d4   0x080001d4   0x00000000   Code   RO          584    .ARM.Collect$$rtentry$$00000000  c_w.l(__rtentry.o)
    0x080001d4   0x080001d4   0x00000000   Code   RO          628    .ARM.Collect$$rtentry$$00000002  c_w.l(__rtentry2.o)
    0x080001d4   0x080001d4   0x00000006   Code   RO          640    .ARM.Collect$$rtentry$$00000004  c_w.l(__rtentry4.o)
    0x080001da   0x080001da   0x00000000   Code   RO          630    .ARM.Collect$$rtentry$$00000009  c_w.l(__rtentry2.o)
    0x080001da   0x080001da   0x00000004   Code   RO          631    .ARM.Collect$$rtentry$$0000000A  c_w.l(__rtentry2.o)
    0x080001de   0x080001de   0x00000000   Code   RO          633    .ARM.Collect$$rtentry$$0000000C  c_w.l(__rtentry2.o)
    0x080001de   0x080001de   0x00000008   Code   RO          634    .ARM.Collect$$rtentry$$0000000D  c_w.l(__rtentry2.o)
    0x080001e6   0x080001e6   0x00000002   Code   RO          761    .ARM.Collect$$rtexit$$00000000  c_w.l(rtexit.o)
    0x080001e8   0x080001e8   0x00000000   Code   RO          768    .ARM.Collect$$rtexit$$00000002  c_w.l(rtexit2.o)
    0x080001e8   0x080001e8   0x00000004   Code   RO          769    .ARM.Collect$$rtexit$$00000003  c_w.l(rtexit2.o)
    0x080001ec   0x080001ec   0x00000006   Code   RO          770    .ARM.Collect$$rtexit$$00000004  c_w.l(rtexit2.o)
    0x080001f2   0x080001f2   0x00000002   PAD
    0x080001f4   0x080001f4   0x00001020   Code   RO            1    .text               main.o
    0x08001214   0x08001214   0x0000001a   Code   RO          154    .text               stm32f10x_it.o
    0x0800122e   0x0800122e   0x00000002   PAD
    0x08001230   0x08001230   0x000001e0   Code   RO          195    .text               system_stm32f10x.o
    0x08001410   0x08001410   0x000000a4   Code   RO          213    .text               led.o
    0x080014b4   0x080014b4   0x0000081c   Code   RO          225    .text               key.o
    0x08001cd0   0x08001cd0   0x0000019c   Code   RO          241    .text               rs485.o
    0x08001e6c   0x08001e6c   0x0000005c   Code   RO          260    .text               pump.o
    0x08001ec8   0x08001ec8   0x000000e8   Code   RO          272    .text               adc.o
    0x08001fb0   0x08001fb0   0x000007d0   Code   RO          284    .text               oled.o
    0x08002780   0x08002780   0x000002cc   Code   RO          304    .text               sgp30.o
    0x08002a4c   0x08002a4c   0x000001a4   Code   RO          316    .text               dht11.o
    0x08002bf0   0x08002bf0   0x000000d4   Code   RO          328    .text               delay.o
    0x08002cc4   0x08002cc4   0x000000f0   Code   RO          359    .text               usart.o
    0x08002db4   0x08002db4   0x00000040   Code   RO          396    .text               startup_stm32f10x_md.o
    0x08002df4   0x08002df4   0x000000dc   Code   RO          400    .text               misc.o
    0x08002ed0   0x08002ed0   0x0000035c   Code   RO          424    .text               stm32f10x_gpio.o
    0x0800322c   0x0800322c   0x000003a4   Code   RO          436    .text               stm32f10x_rcc.o
    0x080035d0   0x080035d0   0x00000408   Code   RO          450    .text               stm32f10x_usart.o
    0x080039d8   0x080039d8   0x0000044e   Code   RO          462    .text               stm32f10x_adc.o
    0x08003e26   0x08003e26   0x00000002   PAD
    0x08003e28   0x08003e28   0x00000e1a   Code   RO          474    .text               stm32f10x_tim.o
    0x08004c42   0x08004c42   0x00000002   Code   RO          488    .text               c_w.l(use_no_semi_2.o)
    0x08004c44   0x08004c44   0x00000018   Code   RO          494    .text               c_w.l(noretval__2printf.o)
    0x08004c5c   0x08004c5c   0x00000028   Code   RO          496    .text               c_w.l(noretval__2sprintf.o)
    0x08004c84   0x08004c84   0x00000078   Code   RO          500    .text               c_w.l(_printf_dec.o)
    0x08004cfc   0x08004cfc   0x00000138   Code   RO          514    .text               c_w.l(__printf_flags_wp.o)
    0x08004e34   0x08004e34   0x0000003c   Code   RO          525    .text               c_w.l(__0sscanf.o)
    0x08004e70   0x08004e70   0x0000014c   Code   RO          527    .text               c_w.l(_scanf_int.o)
    0x08004fbc   0x08004fbc   0x0000001a   Code   RO          529    .text               c_w.l(atoi.o)
    0x08004fd6   0x08004fd6   0x00000002   PAD
    0x08004fd8   0x08004fd8   0x0000000c   Code   RO          531    .text               c_w.l(strtok.o)
    0x08004fe4   0x08004fe4   0x00000006   Code   RO          534    .text               c_w.l(heapauxi.o)
    0x08004fea   0x08004fea   0x00000002   Code   RO          582    .text               c_w.l(use_no_semi.o)
    0x08004fec   0x08004fec   0x00000008   Code   RO          588    .text               c_w.l(rt_errno_addr_intlibspace.o)
    0x08004ff4   0x08004ff4   0x000000b2   Code   RO          590    .text               c_w.l(_printf_intcommon.o)
    0x080050a6   0x080050a6   0x0000041e   Code   RO          592    .text               c_w.l(_printf_fp_dec.o)
    0x080054c4   0x080054c4   0x00000030   Code   RO          594    .text               c_w.l(_printf_char_common.o)
    0x080054f4   0x080054f4   0x0000000a   Code   RO          596    .text               c_w.l(_sputc.o)
    0x080054fe   0x080054fe   0x00000002   PAD
    0x08005500   0x08005500   0x00000024   Code   RO          598    .text               c_w.l(_printf_char_file.o)
    0x08005524   0x08005524   0x0000001c   Code   RO          601    .text               c_w.l(_chval.o)
    0x08005540   0x08005540   0x0000002c   Code   RO          603    .text               c_w.l(scanf_char.o)
    0x0800556c   0x0800556c   0x00000040   Code   RO          605    .text               c_w.l(_sgetc.o)
    0x080055ac   0x080055ac   0x00000070   Code   RO          607    .text               c_w.l(strtol.o)
    0x0800561c   0x0800561c   0x00000044   Code   RO          609    .text               c_w.l(strtok_int.o)
    0x08005660   0x08005660   0x00000008   Code   RO          624    .text               c_w.l(libspace.o)
    0x08005668   0x08005668   0x00000010   Code   RO          642    .text               c_w.l(rt_ctype_table.o)
    0x08005678   0x08005678   0x00000008   Code   RO          647    .text               c_w.l(rt_locale_intlibspace.o)
    0x08005680   0x08005680   0x0000008a   Code   RO          649    .text               c_w.l(lludiv10.o)
    0x0800570a   0x0800570a   0x00000012   Code   RO          651    .text               c_w.l(isspace.o)
    0x0800571c   0x0800571c   0x00000080   Code   RO          653    .text               c_w.l(_printf_fp_infnan.o)
    0x0800579c   0x0800579c   0x00000374   Code   RO          657    .text               c_w.l(_scanf.o)
    0x08005b10   0x08005b10   0x0000009e   Code   RO          659    .text               c_w.l(_strtoul.o)
    0x08005bae   0x08005bae   0x00000002   PAD
    0x08005bb0   0x08005bb0   0x000000e4   Code   RO          661    .text               c_w.l(bigflt0.o)
    0x08005c94   0x08005c94   0x00000008   Code   RO          686    .text               c_w.l(ferror.o)
    0x08005c9c   0x08005c9c   0x00000020   Code   RO          693    .text               c_w.l(strcspn.o)
    0x08005cbc   0x08005cbc   0x0000001c   Code   RO          695    .text               c_w.l(strspn.o)
    0x08005cd8   0x08005cd8   0x0000004a   Code   RO          701    .text               c_w.l(sys_stackheap_outer.o)
    0x08005d22   0x08005d22   0x00000012   Code   RO          706    .text               c_w.l(exit.o)
    0x08005d34   0x08005d34   0x00000080   Code   RO          708    .text               c_w.l(strcmpv7m.o)
    0x08005db4   0x08005db4   0x0000003e   Code   RO          664    CL$$btod_d2e        c_w.l(btod.o)
    0x08005df2   0x08005df2   0x00000046   Code   RO          666    CL$$btod_d2e_denorm_low  c_w.l(btod.o)
    0x08005e38   0x08005e38   0x00000060   Code   RO          665    CL$$btod_d2e_norm_op1  c_w.l(btod.o)
    0x08005e98   0x08005e98   0x00000338   Code   RO          674    CL$$btod_div_common  c_w.l(btod.o)
    0x080061d0   0x080061d0   0x000000dc   Code   RO          671    CL$$btod_e2e        c_w.l(btod.o)
    0x080062ac   0x080062ac   0x0000002a   Code   RO          668    CL$$btod_ediv       c_w.l(btod.o)
    0x080062d6   0x080062d6   0x0000002a   Code   RO          667    CL$$btod_emul       c_w.l(btod.o)
    0x08006300   0x08006300   0x00000244   Code   RO          673    CL$$btod_mult_common  c_w.l(btod.o)
    0x08006544   0x08006544   0x00000028   Code   RO          699    i.__ARM_fpclassify  m_ws.l(fpclassify.o)
    0x0800656c   0x0800656c   0x0000000e   Code   RO          512    i._is_digit         c_w.l(__printf_wp.o)
    0x0800657a   0x0800657a   0x00000002   PAD
    0x0800657c   0x0800657c   0x0000002c   Code   RO          691    locale$$code        c_w.l(lc_numeric_c.o)
    0x080065a8   0x080065a8   0x0000002c   Code   RO          704    locale$$code        c_w.l(lc_ctype_c.o)
    0x080065d4   0x080065d4   0x00000062   Code   RO          538    x$fpl$d2f           fz_ws.l(d2f.o)
    0x08006636   0x08006636   0x00000002   PAD
    0x08006638   0x08006638   0x00000150   Code   RO          540    x$fpl$dadd          fz_ws.l(daddsub_clz.o)
    0x08006788   0x08006788   0x00000018   Code   RO          611    x$fpl$dcmpinf       fz_ws.l(dcmpi.o)
    0x080067a0   0x080067a0   0x000002b0   Code   RO          547    x$fpl$ddiv          fz_ws.l(ddiv.o)
    0x08006a50   0x08006a50   0x00000078   Code   RO          550    x$fpl$deqf          fz_ws.l(deqf.o)
    0x08006ac8   0x08006ac8   0x0000005a   Code   RO          552    x$fpl$dfixu         fz_ws.l(dfixu.o)
    0x08006b22   0x08006b22   0x00000026   Code   RO          556    x$fpl$dfltu         fz_ws.l(dflt_clz.o)
    0x08006b48   0x08006b48   0x00000078   Code   RO          562    x$fpl$dleqf         fz_ws.l(dleqf.o)
    0x08006bc0   0x08006bc0   0x00000154   Code   RO          564    x$fpl$dmul          fz_ws.l(dmul.o)
    0x08006d14   0x08006d14   0x0000009c   Code   RO          613    x$fpl$dnaninf       fz_ws.l(dnaninf.o)
    0x08006db0   0x08006db0   0x0000000c   Code   RO          615    x$fpl$dretinf       fz_ws.l(dretinf.o)
    0x08006dbc   0x08006dbc   0x0000006c   Code   RO          566    x$fpl$drleqf        fz_ws.l(drleqf.o)
    0x08006e28   0x08006e28   0x00000016   Code   RO          541    x$fpl$drsb          fz_ws.l(daddsub_clz.o)
    0x08006e3e   0x08006e3e   0x00000002   PAD
    0x08006e40   0x08006e40   0x000001d4   Code   RO          542    x$fpl$dsub          fz_ws.l(daddsub_clz.o)
    0x08007014   0x08007014   0x00000056   Code   RO          568    x$fpl$f2d           fz_ws.l(f2d.o)
    0x0800706a   0x0800706a   0x00000018   Code   RO          617    x$fpl$fcmpinf       fz_ws.l(fcmpi.o)
    0x08007082   0x08007082   0x00000002   PAD
    0x08007084   0x08007084   0x00000030   Code   RO          571    x$fpl$fflt          fz_ws.l(fflt_clz.o)
    0x080070b4   0x080070b4   0x00000026   Code   RO          570    x$fpl$ffltu         fz_ws.l(fflt_clz.o)
    0x080070da   0x080070da   0x00000002   PAD
    0x080070dc   0x080070dc   0x00000068   Code   RO          576    x$fpl$fleqf         fz_ws.l(fleqf.o)
    0x08007144   0x08007144   0x0000008c   Code   RO          619    x$fpl$fnaninf       fz_ws.l(fnaninf.o)
    0x080071d0   0x080071d0   0x0000000a   Code   RO          621    x$fpl$fretinf       fz_ws.l(fretinf.o)
    0x080071da   0x080071da   0x00000062   Code   RO          578    x$fpl$frleqf        fz_ws.l(frleqf.o)
    0x0800723c   0x0800723c   0x00000004   Code   RO          580    x$fpl$printf1       fz_ws.l(printf1.o)
    0x08007240   0x08007240   0x00000000   Code   RO          623    x$fpl$usenofp       fz_ws.l(usenofp.o)
    0x08007240   0x08007240   0x000017c0   Data   RO          286    .constdata          oled.o
    0x08008a00   0x08008a00   0x00000011   Data   RO          515    .constdata          c_w.l(__printf_flags_wp.o)
    0x08008a11   0x08008a11   0x00000003   PAD
    0x08008a14   0x08008a14   0x00000094   Data   RO          662    .constdata          c_w.l(bigflt0.o)
    0x08008aa8   0x08008aa8   0x000000da   Data   RO            3    .conststring        main.o
    0x08008b82   0x08008b82   0x00000002   PAD
    0x08008b84   0x08008b84   0x00000020   Data   RO          836    Region$$Table       anon$$obj.o
    0x08008ba4   0x08008ba4   0x0000001c   Data   RO          690    locale$$data        c_w.l(lc_numeric_c.o)
    0x08008bc0   0x08008bc0   0x00000110   Data   RO          703    locale$$data        c_w.l(lc_ctype_c.o)


    Execution Region RW_IRAM1 (Exec base: 0x20000000, Load base: 0x08008cd0, Size: 0x00002160, Max: 0x00005000, ABSOLUTE, COMPRESSED[0x000001f4])

    Exec Addr    Load Addr    Size         Type   Attr      Idx    E Section Name        Object

    0x20000000   COMPRESSED   0x00000099   Data   RW            4    .data               main.o
    0x20000099   COMPRESSED   0x00000003   PAD
    0x2000009c   COMPRESSED   0x00000014   Data   RW          196    .data               system_stm32f10x.o
    0x200000b0   COMPRESSED   0x00000001   Data   RW          243    .data               rs485.o
    0x200000b1   COMPRESSED   0x00001438   Data   RW          287    .data               oled.o
    0x200014e9   COMPRESSED   0x00000001   PAD
    0x200014ea   COMPRESSED   0x00000004   Data   RW          329    .data               delay.o
    0x200014ee   COMPRESSED   0x00000002   PAD
    0x200014f0   COMPRESSED   0x0000000a   Data   RW          361    .data               usart.o
    0x200014fa   COMPRESSED   0x00000014   Data   RW          437    .data               stm32f10x_rcc.o
    0x2000150e   COMPRESSED   0x00000002   PAD
    0x20001510   COMPRESSED   0x00000004   Data   RW          532    .data               c_w.l(strtok.o)
    0x20001514        -       0x0000012c   Zero   RW            2    .bss                main.o
    0x20001640        -       0x00000040   Zero   RW          242    .bss                rs485.o
    0x20001680        -       0x00000480   Zero   RW          285    .bss                oled.o
    0x20001b00        -       0x00000060   Zero   RW          625    .bss                c_w.l(libspace.o)
    0x20001b60        -       0x00000200   Zero   RW          394    HEAP                startup_stm32f10x_md.o
    0x20001d60        -       0x00000400   Zero   RW          393    STACK               startup_stm32f10x_md.o


==============================================================================

Image component sizes


      Code (inc. data)   RO Data    RW Data    ZI Data      Debug   Object Name

       232          8          0          0          0       1121   adc.o
       212         18          0          4          0       1023   delay.o
       420          6          0          0          0       2395   dht11.o
      2076        126          0          0          0       1448   key.o
       164          8          0          0          0        547   led.o
      4128        826        218        153        300     267273   main.o
       220         22          0          0          0       1777   misc.o
      2000         50       6080       5176       1152       7852   oled.o
        92          4          0          0          0        508   pump.o
       412         22          0          1         64       2170   rs485.o
       716         12          0          0          0       2782   sgp30.o
        64         26        236          0       1536        788   startup_stm32f10x_md.o
      1102         26          0          0          0      11021   stm32f10x_adc.o
       860         38          0          0          0       5713   stm32f10x_gpio.o
        26          0          0          0          0       1170   stm32f10x_it.o
       932         36          0         20          0       8884   stm32f10x_rcc.o
      3610         88          0          0          0      22820   stm32f10x_tim.o
      1032         22          0          0          0       8436   stm32f10x_usart.o
         0          0          0          0          0         32   sys.o
       480         38          0         20          0       1707   system_stm32f10x.o
       240         24          0         10          0       3304   usart.o

    ----------------------------------------------------------------------
     19022       1400       6568       5392       3052     352771   Object Totals
         0          0         32          0          0          0   (incl. Generated)
         4          0          2          8          0          0   (incl. Padding)

    ----------------------------------------------------------------------

      Code (inc. data)   RO Data    RW Data    ZI Data      Debug   Library Member Name

        60          8          0          0          0         84   __0sscanf.o
        90          0          0          0          0          0   __dczerorl2.o
         8          0          0          0          0         68   __main.o
       312          4         17          0          0         92   __printf_flags_wp.o
        14          0          0          0          0         68   __printf_wp.o
         0          0          0          0          0          0   __rtentry.o
        12          0          0          0          0          0   __rtentry2.o
         6          0          0          0          0          0   __rtentry4.o
        52          8          0          0          0          0   __scatter.o
        28          0          0          0          0          0   __scatter_zi.o
        28          0          0          0          0         68   _chval.o
        48          6          0          0          0         96   _printf_char_common.o
        36          4          0          0          0         80   _printf_char_file.o
         6          0          0          0          0          0   _printf_d.o
       120         16          0          0          0         92   _printf_dec.o
         6          0          0          0          0          0   _printf_f.o
      1054          0          0          0          0        216   _printf_fp_dec.o
       128         16          0          0          0         84   _printf_fp_infnan.o
       178          0          0          0          0         88   _printf_intcommon.o
         0          0          0          0          0          0   _printf_percent.o
         4          0          0          0          0          0   _printf_percent_end.o
       884          6          0          0          0        100   _scanf.o
       332          0          0          0          0         96   _scanf_int.o
        64          0          0          0          0         84   _sgetc.o
        10          0          0          0          0         68   _sputc.o
       158          0          0          0          0         92   _strtoul.o
        26          0          0          0          0         80   atoi.o
       228          4        148          0          0         96   bigflt0.o
      1936        128          0          0          0        672   btod.o
        18          0          0          0          0         80   exit.o
         8          0          0          0          0         68   ferror.o
         6          0          0          0          0        152   heapauxi.o
        18          0          0          0          0         76   isspace.o
        44         10        272          0          0         76   lc_ctype_c.o
        44         10         28          0          0         76   lc_numeric_c.o
         2          0          0          0          0          0   libinit.o
        30          0          0          0          0          0   libinit2.o
         2          0          0          0          0          0   libshutdown.o
         2          0          0          0          0          0   libshutdown2.o
         8          4          0          0         96         68   libspace.o
       138          0          0          0          0         80   lludiv10.o
        24          4          0          0          0         84   noretval__2printf.o
        40          6          0          0          0         84   noretval__2sprintf.o
        16          4          0          0          0         76   rt_ctype_table.o
         8          4          0          0          0         68   rt_errno_addr_intlibspace.o
         8          4          0          0          0         68   rt_locale_intlibspace.o
         2          0          0          0          0          0   rtexit.o
        10          0          0          0          0          0   rtexit2.o
        44          8          0          0          0         84   scanf_char.o
       128          0          0          0          0         68   strcmpv7m.o
        32          0          0          0          0         80   strcspn.o
        28          0          0          0          0         80   strspn.o
        12          6          0          4          0         68   strtok.o
        68          4          0          0          0         84   strtok_int.o
       112          0          0          0          0         88   strtol.o
        74          0          0          0          0         80   sys_stackheap_outer.o
         2          0          0          0          0         68   use_no_semi.o
         2          0          0          0          0         68   use_no_semi_2.o
        98          4          0          0          0         92   d2f.o
       826         16          0          0          0        348   daddsub_clz.o
        24          0          0          0          0         68   dcmpi.o
       688        140          0          0          0        208   ddiv.o
       120          4          0          0          0         92   deqf.o
        90          4          0          0          0         92   dfixu.o
        38          0          0          0          0         68   dflt_clz.o
       120          4          0          0          0         92   dleqf.o
       340         12          0          0          0        104   dmul.o
       156          4          0          0          0         92   dnaninf.o
        12          0          0          0          0         68   dretinf.o
       108          0          0          0          0         80   drleqf.o
        86          4          0          0          0         84   f2d.o
        24          0          0          0          0         68   fcmpi.o
        86          0          0          0          0        136   fflt_clz.o
       104          4          0          0          0         84   fleqf.o
       140          4          0          0          0         84   fnaninf.o
        10          0          0          0          0         68   fretinf.o
        98          0          0          0          0         68   frleqf.o
         4          0          0          0          0         68   printf1.o
         0          0          0          0          0          0   usenofp.o
        40          0          0          0          0         68   fpclassify.o

    ----------------------------------------------------------------------
      9990        464        468          4         96       6280   Library Totals
        20          0          3          0          0          0   (incl. Padding)

    ----------------------------------------------------------------------

      Code (inc. data)   RO Data    RW Data    ZI Data      Debug   Library Name

      6758        264        465          4         96       4148   c_w.l
      3172        200          0          0          0       2064   fz_ws.l
        40          0          0          0          0         68   m_ws.l

    ----------------------------------------------------------------------
      9990        464        468          4         96       6280   Library Totals

    ----------------------------------------------------------------------

==============================================================================


      Code (inc. data)   RO Data    RW Data    ZI Data      Debug   

     29012       1864       7036       5396       3148     353951   Grand Totals
     29012       1864       7036        500       3148     353951   ELF Image Totals (compressed)
     29012       1864       7036        500          0          0   ROM Totals

==============================================================================

    Total RO  Size (Code + RO Data)                36048 (  35.20kB)
    Total RW  Size (RW Data + ZI Data)              8544 (   8.34kB)
    Total ROM Size (Code + RO Data + RW Data)      36548 (  35.69kB)

==============================================================================

